HOSTNAME        : ue-18
UE ID           : 18
Computed IMSI   : 208930000000019
gNB ID          : 18
Proxy IP        : 10.3.1.1
UE IP           : 10.244.1.241
Actual UE ID:    18
Actual GNB ID:   18
Waiting for start message
global-sc-network [10.4.1.1] 8000 (?) : Connection refused
Start message received!
Starting the UE 1758112530.2762566
Calling sched_setscheduler(79)
CMDLINE: "./nr-uesoftmodem" "-O" "/ue.conf" "--nfapi" "STANDALONE_PNF" "--node-number" "2" "--emulate-l1" "--sa" "1" 
[CONFIG] get parameters from libconfig /ue.conf [LIBCONFIG] Path for include directive set to: /
[CONFIG] function config_libconfig_init returned 0
[CONFIG] config module libconfig loaded
[LIBCONFIG] config: 2/2 parameters successfully set, (2 to default value)
[CONFIG] debug flags: 0x00000000
[LIBCONFIG] log_config: 3/3 parameters successfully set, (1 to default value)
[LIBCONFIG] log_config: 53/53 parameters successfully set, (45 to default value)
[LIBCONFIG] log_config: 53/53 parameters successfully set, (53 to default value)
[LIBCONFIG] log_config: 16/16 parameters successfully set, (16 to default value)
[LIBCONFIG] log_config: 16/16 parameters successfully set, (16 to default value)
log init done
[LIBCONFIG] (root): 33/33 parameters successfully set, (30 to default value)
[LIBCONFIG] (root): 41/41 parameters successfully set, (38 to default value)
[LIBCONFIG] (root): 6/6 parameters successfully set, (5 to default value)
[LIBCONFIG] TTracer: 3/3 parameters successfully set, (3 to default value)
create a thread for core -1
create a thread for core -1
create a thread for core -1
create a thread for core -1
create a thread for core -1
create a thread for core -1
create a thread for core -1
create a thread for core -1
[LIBCONFIG] opt: 3/3 parameters successfully set, (3 to default value)
[LIBCONFIG] loader: 2/2 parameters successfully set, (2 to default value)
[LIBCONFIG] loader.ldpc: 2/2 parameters successfully set, (1 to default value)
shlib_path libldpc.so
[LOADER] library libldpc.so successfully loaded
[LIBCONFIG] nas.noS1: 3/3 parameters successfully set, (3 to default value)
[LIBCONFIG] MACRLCs.[0]: 34/34 parameters successfully set, (25 to default value)
[LIBCONFIG] (root): 30/30 parameters successfully set, (28 to default value)
Ujjwal: start -> 18
TYPE <CTRL-C> TO TERMINATE
[LIBCONFIG] uicc0: 10/10 parameters successfully set, (5 to default value)
Entering ITTI signals handler
TYPE <CTRL-C> TO TERMINATE
kgnb : e5 05 cf b2 24 6a 46 7a a1 2a 11 c9 72 b3 2d 8d 17 34 9f 49 58 d0 0f 59 7e 38 6b 06 35 70 2d 5c 
kausf:d9 78 b e5 68 e7 69 29 5b 41 91 57 d ee 17 b5 b3 f2 f 4b 6e 43 20 7a b9 74 4f 7d a8 d8 8e 44 
kseaf:8c 80 40 3c 19 eb 7f 58 88 f0 83 f9 94 4d d7 2f d7 17 70 86 49 ca 6a 31 9 81 20 42 4 26 f7 88 
kamf:b0 8d d7 96 60 8e 3 f3 4b 29 d5 ab e5 0 a4 ac 4a 2d f7 3a fd 0 84 13 d3 70 54 18 88 43 9d 9e 
knas_int:
7a c9 1d 8e 73 8f 1 33 2d 61 f7 77 9e 9d b4 5 
mac 7c 3c 73 12 
[NR_RRC]   driving kRRCenc, kRRCint and kUPenc from KgNB=e5 05 cf b2 24 6a 46 7a a1 2a 11 c9 72 b3 2d 8d 17 34 9f 49 58 d0 0f 59 7e 38 6b 06 35 70 2d 5c [0m
[NR_RRC]   securityModeComplete payload: 28 00 00 00 00 00 00 00 08 00 00 00 00 00 00 00 [0m
<UE-NR-Capability>
    <accessStratumRelease><rel15/></accessStratumRelease>
    <pdcp-Parameters>
        <supportedROHC-Profiles>
            <profile0x0000><false/></profile0x0000>
            <profile0x0001><false/></profile0x0001>
            <profile0x0002><false/></profile0x0002>
            <profile0x0003><false/></profile0x0003>
            <profile0x0004><false/></profile0x0004>
            <profile0x0006><false/></profile0x0006>
            <profile0x0101><false/></profile0x0101>
            <profile0x0102><false/></profile0x0102>
            <profile0x0103><false/></profile0x0103>
            <profile0x0104><false/></profile0x0104>
        </supportedROHC-Profiles>
        <maxNumberROHC-ContextSessions><cs2/></maxNumberROHC-ContextSessions>
    </pdcp-Parameters>
    <phy-Parameters>
    </phy-Parameters>
    <rf-Parameters>
        <supportedBandListNR>
            <BandNR>
                <bandNR>1</bandNR>
            </BandNR>
        </supportedBandListNR>
    </rf-Parameters>
</UE-NR-Capability>
