Data plane is up
Running irtt
UE IP is 10.45.0.37
[Connecting] connecting to 10.4.1.1
[10.4.1.1:2112] [Connected] connection established
seq=0 rtt=1.12s rd=148.3ms sd=969.8ms ipdv=n/a
seq=1 rtt=697.1ms rd=154.7ms sd=542.4ms ipdv=421.1ms
seq=2 rtt=1.26s rd=168.7ms sd=1.09s ipdv=565.9ms
seq=3 rtt=819.9ms rd=147.3ms sd=672.6ms ipdv=443.1ms
seq=4 rtt=1.44s rd=145ms sd=1.29s ipdv=615.7ms
seq=5 rtt=1.01s rd=157.5ms sd=856.9ms ipdv=421.2ms
seq=6 rtt=1.53s rd=111.1ms sd=1.42s ipdv=512.8ms
seq=7 rtt=1.1s rd=96.73ms sd=999.4ms ipdv=431ms
seq=8 rtt=1.13s rd=156.1ms sd=978ms ipdv=38.05ms
seq=9 rtt=1.15s rd=162.4ms sd=984.9ms ipdv=13.2ms
seq=10 rtt=798.8ms rd=144.2ms sd=654.6ms ipdv=348.6ms
seq=11 rtt=1.38s rd=209.9ms sd=1.17s ipdv=578.1ms
seq=12 rtt=937.3ms rd=190.3ms sd=747ms ipdv=439.6ms
seq=13 rtt=1.45s rd=150.8ms sd=1.3s ipdv=516.6ms
seq=14 rtt=953ms rd=150.8ms sd=802.2ms ipdv=500.9ms
seq=15 rtt=1.64s rd=199.2ms sd=1.44s ipdv=687.7ms
seq=16 rtt=1.16s rd=98.82ms sd=1.06s ipdv=484.8ms
seq=17 rtt=1.09s rd=106.8ms sd=980.3ms ipdv=68.8ms
seq=18 rtt=1.21s rd=139.6ms sd=1.07s ipdv=120.7ms
seq=19 rtt=707.8ms rd=139.6ms sd=568.2ms ipdv=500ms
seq=20 rtt=1.31s rd=116.8ms sd=1.19s ipdv=599.2ms
seq=21 rtt=873.8ms rd=131.3ms sd=742.4ms ipdv=433.3ms
seq=22 rtt=1.48s rd=153.9ms sd=1.32s ipdv=602.3ms
seq=23 rtt=1.03s rd=135.6ms sd=896ms ipdv=444.5ms
seq=24 rtt=1.62s rd=189.4ms sd=1.43s ipdv=585.7ms
seq=25 rtt=1.16s rd=156.8ms sd=1s ipdv=458.7ms
seq=26 rtt=1.07s rd=110.6ms sd=958.8ms ipdv=89.25ms
seq=27 rtt=1.19s rd=149.4ms sd=1.04s ipdv=122.8ms
seq=28 rtt=692.5ms rd=149.5ms sd=543ms ipdv=499.6ms
seq=29 rtt=1.3s rd=147.9ms sd=1.15s ipdv=606ms
seq=30 rtt=851.6ms rd=145.9ms sd=705.7ms ipdv=446.9ms
seq=31 rtt=1.44s rd=156ms sd=1.28s ipdv=588.3ms
seq=32 rtt=1.01s rd=138ms sd=876.1ms ipdv=425.8ms
seq=33 rtt=1.64s rd=210.5ms sd=1.43s ipdv=629.9ms
seq=34 rtt=1.19s rd=190.4ms sd=998.6ms ipdv=454.9ms
seq=35 rtt=1.1s rd=109.1ms sd=986.4ms ipdv=93.5ms
seq=36 rtt=1.32s rd=226.4ms sd=1.09s ipdv=220.1ms
seq=37 rtt=815.6ms rd=226.4ms sd=589.2ms ipdv=500ms
seq=38 rtt=1.33s rd=137.8ms sd=1.19s ipdv=514.5ms
seq=39 rtt=890.4ms rd=132.7ms sd=757.6ms ipdv=439.7ms
seq=40 rtt=1.46s rd=140.8ms sd=1.32s ipdv=573.5ms
seq=41 rtt=1.02s rd=117.5ms sd=906.8ms ipdv=439.6ms
seq=42 rtt=1.58s rd=130.8ms sd=1.44s ipdv=551.1ms
seq=43 rtt=1.14s rd=146.3ms sd=998.3ms ipdv=430.8ms
seq=44 rtt=1.12s rd=135.2ms sd=982.9ms ipdv=26.46ms
seq=45 rtt=5.11s rd=80.57ms sd=5.03s ipdv=3.99s
seq=46 rtt=4.61s rd=80.53ms sd=4.53s ipdv=499.4ms
seq=47 rtt=4.11s rd=80.51ms sd=4.03s ipdv=500.6ms
seq=48 rtt=3.61s rd=80.55ms sd=3.53s ipdv=499.5ms
seq=49 rtt=3.11s rd=80.53ms sd=3.03s ipdv=499.8ms
seq=53 rtt=1.83s rd=160.2ms sd=1.67s ipdv=n/a
seq=54 rtt=1.42s rd=129ms sd=1.29s ipdv=413.9ms
seq=55 rtt=1.94s rd=146.5ms sd=1.79s ipdv=525.1ms
seq=56 rtt=1.51s rd=140.8ms sd=1.36s ipdv=435.4ms
seq=57 rtt=2.09s rd=159.8ms sd=1.93s ipdv=586.3ms
seq=58 rtt=1.66s rd=130ms sd=1.53s ipdv=435.1ms
seq=59 rtt=2.17s rd=137.1ms sd=2.03s ipdv=514.3ms
seq=60 rtt=1.74s rd=137.9ms sd=1.6s ipdv=430.6ms
seq=61 rtt=1.24s rd=138ms sd=1.1s ipdv=499.6ms
seq=62 rtt=1.85s rd=155.2ms sd=1.7s ipdv=614.4ms
seq=63 rtt=1.43s rd=183.9ms sd=1.25s ipdv=422ms
seq=64 rtt=2.02s rd=242.6ms sd=1.78s ipdv=589.1ms
seq=65 rtt=1.56s rd=127.1ms sd=1.43s ipdv=461.8ms
seq=66 rtt=4.5s rd=275.5ms sd=4.22s ipdv=2.94s
seq=67 rtt=4s rd=275.5ms sd=3.72s ipdv=500.7ms
seq=68 rtt=3.5s rd=275.4ms sd=3.22s ipdv=499.6ms
seq=69 rtt=3s rd=275.4ms sd=2.72s ipdv=499.7ms
seq=70 rtt=2.5s rd=275.4ms sd=2.22s ipdv=500.8ms
seq=71 rtt=2.01s rd=163.8ms sd=1.84s ipdv=488.9ms
seq=72 rtt=2.59s rd=208.1ms sd=2.38s ipdv=579.3ms
seq=73 rtt=2.12s rd=186ms sd=1.94s ipdv=462.2ms
seq=74 rtt=1.63s rd=186ms sd=1.44s ipdv=499.6ms
seq=75 rtt=2.24s rd=235.3ms sd=2.01s ipdv=616.3ms
seq=76 rtt=1.82s rd=149.6ms sd=1.67s ipdv=421.3ms
seq=77 rtt=2.29s rd=139.3ms sd=2.15s ipdv=471.9ms
seq=78 rtt=1.87s rd=147.5ms sd=1.72s ipdv=424ms
seq=79 rtt=2.51s rd=219.5ms sd=2.29s ipdv=645.8ms
seq=80 rtt=2.06s rd=112.9ms sd=1.95s ipdv=449.4ms
seq=81 rtt=2.54s rd=123.1ms sd=2.42s ipdv=478.6ms
seq=82 rtt=2.11s rd=144ms sd=1.97s ipdv=429.2ms
seq=83 rtt=1.61s rd=143.9ms sd=1.47s ipdv=500.7ms
seq=84 rtt=2.2s rd=139.3ms sd=2.06s ipdv=586.8ms
seq=85 rtt=1.8s rd=92.22ms sd=1.71s ipdv=401.7ms
seq=86 rtt=2.35s rd=135.7ms sd=2.22s ipdv=553.4ms
seq=87 rtt=1.93s rd=144.6ms sd=1.78s ipdv=425.9ms
seq=88 rtt=2.53s rd=146.2ms sd=2.38s ipdv=600.3ms
seq=89 rtt=2.11s rd=150.4ms sd=1.96s ipdv=413.8ms
seq=90 rtt=2.68s rd=189.4ms sd=2.49s ipdv=568ms
seq=91 rtt=3.37s rd=221ms sd=3.15s ipdv=690.7ms
seq=92 rtt=2.91s rd=133ms sd=2.78s ipdv=462.2ms
seq=93 rtt=2.41s rd=133ms sd=2.28s ipdv=499.8ms
seq=94 rtt=2.88s rd=138.4ms sd=2.74s ipdv=472.4ms
seq=95 rtt=2.47s rd=160.9ms sd=2.31s ipdv=413.5ms
seq=96 rtt=5.36s rd=206ms sd=5.16s ipdv=2.9s
seq=97 rtt=4.86s rd=205.9ms sd=4.66s ipdv=499.6ms
seq=98 rtt=4.36s rd=205.9ms sd=4.16s ipdv=500.2ms
seq=99 rtt=3.86s rd=205.9ms sd=3.66s ipdv=500.7ms
seq=100 rtt=3.39s rd=148.9ms sd=3.24s ipdv=470.8ms
seq=101 rtt=3.99s rd=172.4ms sd=3.82s ipdv=595.8ms
seq=102 rtt=3.53s rd=148.1ms sd=3.38s ipdv=463.3ms
seq=103 rtt=4.12s rd=139.9ms sd=3.98s ipdv=596.7ms
seq=104 rtt=3.69s rd=132.1ms sd=3.56s ipdv=430.9ms
seq=105 rtt=3.19s rd=132.1ms sd=3.06s ipdv=500.7ms
seq=106 rtt=3.71s rd=136.5ms sd=3.57s ipdv=515.6ms
seq=107 rtt=3.27s rd=131.4ms sd=3.14s ipdv=431.8ms
seq=108 rtt=3.87s rd=163.4ms sd=3.71s ipdv=595.2ms
seq=109 rtt=3.44s rd=105.3ms sd=3.33s ipdv=430.5ms
seq=110 rtt=4s rd=154.4ms sd=3.84s ipdv=556.5ms
seq=111 rtt=3.56s rd=144ms sd=3.42s ipdv=436.3ms
seq=112 rtt=3.58s rd=154.9ms sd=3.42s ipdv=17.54ms
seq=113 rtt=3.58s rd=179.6ms sd=3.4s ipdv=450µs
seq=114 rtt=3.25s rd=250.3ms sd=3s ipdv=327.5ms
seq=115 rtt=2.79s rd=201.4ms sd=2.58s ipdv=464.1ms
seq=116 rtt=3.23s rd=139.6ms sd=3.09s ipdv=442.2ms
seq=117 rtt=2.8s rd=123ms sd=2.67s ipdv=430.8ms
seq=118 rtt=3.37s rd=145.8ms sd=3.23s ipdv=574.6ms
seq=119 rtt=2.95s rd=132.2ms sd=2.82s ipdv=420.8ms
seq=120 rtt=3.55s rd=163.8ms sd=3.38s ipdv=595.9ms
seq=121 rtt=3.09s rd=131.1ms sd=2.96s ipdv=458.8ms
seq=122 rtt=3.7s rd=98.74ms sd=3.6s ipdv=609.1ms
seq=123 rtt=3.2s rd=98.79ms sd=3.1s ipdv=499.4ms
seq=124 rtt=2.77s rd=128.8ms sd=2.64s ipdv=428.5ms
seq=125 rtt=3.3s rd=145.5ms sd=3.15s ipdv=526.9ms
seq=126 rtt=2.86s rd=143.1ms sd=2.72s ipdv=437.3ms
seq=127 rtt=3.44s rd=172.8ms sd=3.27s ipdv=580.3ms
seq=128 rtt=3.01s rd=153ms sd=2.86s ipdv=428.6ms
seq=129 rtt=3.55s rd=118.6ms sd=3.43s ipdv=538.5ms
seq=130 rtt=3.12s rd=105.4ms sd=3.02s ipdv=425.9ms
seq=131 rtt=3.71s rd=186.8ms sd=3.52s ipdv=588.9ms
seq=132 rtt=3.28s rd=151.2ms sd=3.13s ipdv=428.1ms
seq=133 rtt=2.78s rd=151.2ms sd=2.63s ipdv=499.6ms
seq=134 rtt=3.32s rd=164.5ms sd=3.15s ipdv=534.1ms
seq=135 rtt=2.86s rd=148.4ms sd=2.71s ipdv=455.4ms
seq=136 rtt=3.44s rd=118.3ms sd=3.33s ipdv=580.9ms
seq=137 rtt=3.03s rd=154ms sd=2.88s ipdv=414.5ms
seq=138 rtt=3.66s rd=231ms sd=3.43s ipdv=635.2ms
seq=139 rtt=3.19s rd=162.9ms sd=3.03s ipdv=475.3ms
seq=140 rtt=3.75s rd=159.7ms sd=3.59s ipdv=563.1ms
seq=141 rtt=3.33s rd=152.6ms sd=3.18s ipdv=420.6ms
seq=142 rtt=3.22s rd=78.94ms sd=3.14s ipdv=115.9ms
seq=143 rtt=3.35s rd=135.9ms sd=3.21s ipdv=130.2ms
seq=144 rtt=2.93s rd=151.6ms sd=2.78s ipdv=416.2ms
seq=145 rtt=3.53s rd=153ms sd=3.37s ipdv=595.4ms
seq=146 rtt=3.14s rd=197.7ms sd=2.94s ipdv=389.1ms
seq=147 rtt=3.63s rd=149ms sd=3.48s ipdv=497.1ms
seq=148 rtt=3.23s rd=170.6ms sd=3.06s ipdv=402.9ms
seq=149 rtt=3.87s rd=231.9ms sd=3.64s ipdv=640.1ms
seq=150 rtt=3.41s rd=93.55ms sd=3.32s ipdv=456ms
seq=151 rtt=3.92s rd=155.3ms sd=3.77s ipdv=507.1ms
seq=152 rtt=3.42s rd=155.4ms sd=3.27s ipdv=500.6ms
seq=153 rtt=3s rd=156.4ms sd=2.84s ipdv=422.3ms
seq=154 rtt=3.58s rd=141.2ms sd=3.44s ipdv=586.1ms
seq=155 rtt=3.17s rd=157.3ms sd=3.01s ipdv=415.6ms
seq=156 rtt=3.74s rd=134.1ms sd=3.6s ipdv=568.1ms
seq=157 rtt=3.31s rd=139.2ms sd=3.17s ipdv=427.9ms
seq=158 rtt=3.89s rd=193.9ms sd=3.7s ipdv=583.1ms
seq=159 rtt=3.52s rd=115.1ms sd=3.4s ipdv=377ms
seq=160 rtt=3.98s rd=128.6ms sd=3.85s ipdv=463.1ms
seq=161 rtt=3.56s rd=154.6ms sd=3.41s ipdv=414.4ms
seq=162 rtt=3.06s rd=154.6ms sd=2.91s ipdv=500.4ms
seq=163 rtt=3.68s rd=169.5ms sd=3.51s ipdv=614.9ms
seq=164 rtt=3.26s rd=136.3ms sd=3.12s ipdv=417.3ms
seq=165 rtt=3.82s rd=178ms sd=3.64s ipdv=554ms
seq=166 rtt=3.39s rd=171.7ms sd=3.21s ipdv=428.6ms
seq=167 rtt=4.02s rd=226.9ms sd=3.79s ipdv=629.9ms
seq=168 rtt=3.56s rd=127ms sd=3.44s ipdv=454.3ms
seq=169 rtt=4.04s rd=141.2ms sd=3.89s ipdv=473.7ms
seq=170 rtt=3.62s rd=131.8ms sd=3.48s ipdv=419.8ms
seq=171 rtt=3.51s rd=91.63ms sd=3.42s ipdv=109.5ms
seq=172 rtt=3.7s rd=159.9ms sd=3.54s ipdv=190.4ms
seq=173 rtt=3.27s rd=160.2ms sd=3.11s ipdv=425.6ms
seq=174 rtt=3.85s rd=148ms sd=3.7s ipdv=576.5ms
seq=175 rtt=3.44s rd=157.5ms sd=3.28s ipdv=412.8ms
seq=176 rtt=3.99s rd=139ms sd=3.86s ipdv=558.9ms
seq=177 rtt=3.56s rd=112.7ms sd=3.45s ipdv=429.3ms
seq=178 rtt=4.1s rd=145.1ms sd=3.95s ipdv=532.7ms
seq=179 rtt=3.67s rd=100.6ms sd=3.57s ipdv=429.1ms
seq=180 rtt=4.25s rd=143.6ms sd=4.11s ipdv=586.4ms
seq=181 rtt=3.84s rd=154.3ms sd=3.68s ipdv=416.2ms
seq=182 rtt=3.34s rd=154.3ms sd=3.18s ipdv=500ms
seq=183 rtt=3.89s rd=150.7ms sd=3.74s ipdv=547.2ms
seq=184 rtt=3.43s rd=163.2ms sd=3.27s ipdv=457.6ms
seq=185 rtt=4.03s rd=158.2ms sd=3.87s ipdv=603.8ms
seq=186 rtt=3.58s rd=122ms sd=3.46s ipdv=447.4ms
seq=187 rtt=4.1s rd=133.6ms sd=3.96s ipdv=513.3ms
seq=188 rtt=3.67s rd=137ms sd=3.53s ipdv=427.1ms
seq=189 rtt=4.26s rd=149.8ms sd=4.11s ipdv=590.9ms
seq=190 rtt=3.85s rd=115.3ms sd=3.73s ipdv=412.4ms
seq=191 rtt=4.41s rd=151.3ms sd=4.26s ipdv=565ms
seq=192 rtt=3.91s rd=151.3ms sd=3.76s ipdv=499.7ms
seq=193 rtt=3.47s rd=144.1ms sd=3.33s ipdv=442.9ms
seq=194 rtt=4.1s rd=185.3ms sd=3.91s ipdv=625.3ms
seq=195 rtt=3.67s rd=189.2ms sd=3.48s ipdv=428.6ms
seq=196 rtt=4.21s rd=188.6ms sd=4.02s ipdv=544.3ms
seq=197 rtt=3.73s rd=136.1ms sd=3.6s ipdv=478ms
seq=198 rtt=4.31s rd=150.7ms sd=4.16s ipdv=577ms
seq=199 rtt=3.87s rd=118ms sd=3.76s ipdv=436.9ms
seq=200 rtt=4.44s rd=162.3ms sd=4.27s ipdv=560.7ms
seq=201 rtt=4.06s rd=221.3ms sd=3.84s ipdv=372.1ms
seq=202 rtt=3.56s rd=221.3ms sd=3.34s ipdv=500.7ms
seq=203 rtt=6.36s rd=209.4ms sd=6.15s ipdv=2.79s
seq=204 rtt=5.86s rd=209.4ms sd=5.65s ipdv=499.6ms
seq=205 rtt=5.36s rd=209.3ms sd=5.15s ipdv=500ms
seq=206 rtt=4.86s rd=209.3ms sd=4.65s ipdv=499.6ms
seq=207 rtt=4.36s rd=209.3ms sd=4.15s ipdv=500ms
seq=208 rtt=3.89s rd=153.5ms sd=3.73s ipdv=468.2ms
seq=209 rtt=4.45s rd=129.1ms sd=4.32s ipdv=558.1ms
seq=210 rtt=4.03s rd=138.6ms sd=3.89s ipdv=421.2ms
seq=211 rtt=4.62s rd=149.6ms sd=4.47s ipdv=597.3ms
seq=212 rtt=4.19s rd=144.5ms sd=4.05s ipdv=432.5ms
seq=213 rtt=4.71s rd=137.3ms sd=4.57s ipdv=521.6ms
seq=214 rtt=4.29s rd=147ms sd=4.14s ipdv=420.5ms
seq=215 rtt=3.79s rd=146.9ms sd=3.64s ipdv=499.7ms
seq=216 rtt=4.36s rd=124.9ms sd=4.24s ipdv=569.2ms
seq=217 rtt=3.94s rd=151.8ms sd=3.79s ipdv=417.2ms
seq=218 rtt=4.48s rd=143.5ms sd=4.34s ipdv=535.3ms
seq=219 rtt=4.04s rd=150.3ms sd=3.89s ipdv=438ms
seq=220 rtt=4.62s rd=144.5ms sd=4.48s ipdv=582.3ms
seq=221 rtt=4.19s rd=138.1ms sd=4.05s ipdv=431.8ms
seq=222 rtt=4.77s rd=190ms sd=4.58s ipdv=580.9ms
seq=223 rtt=4.34s rd=179.3ms sd=4.16s ipdv=435.8ms
seq=224 rtt=4.93s rd=199.5ms sd=4.73s ipdv=593.4ms
seq=225 rtt=4.43s rd=199.5ms sd=4.23s ipdv=499.8ms
seq=226 rtt=3.98s rd=168.3ms sd=3.81s ipdv=452.6ms
seq=227 rtt=4.52s rd=140.1ms sd=4.38s ipdv=540.2ms
seq=228 rtt=4.09s rd=150.1ms sd=3.94s ipdv=423.4ms
seq=229 rtt=4.69s rd=158.5ms sd=4.53s ipdv=598.4ms
seq=230 rtt=4.28s rd=139.4ms sd=4.14s ipdv=410.1ms
seq=231 rtt=4.77s rd=96.24ms sd=4.68s ipdv=490.2ms
seq=232 rtt=4.35s rd=144.4ms sd=4.21s ipdv=421.5ms
seq=233 rtt=7.16s rd=137.6ms sd=7.02s ipdv=2.81s
seq=234 rtt=6.66s rd=137.6ms sd=6.52s ipdv=500.1ms
seq=235 rtt=6.16s rd=137.6ms sd=6.02s ipdv=499.7ms
seq=236 rtt=5.66s rd=137.6ms sd=5.52s ipdv=499.5ms
seq=237 rtt=5.16s rd=137.6ms sd=5.02s ipdv=500.6ms
seq=239 rtt=5.25s rd=141.2ms sd=5.11s ipdv=n/a
seq=240 rtt=4.83s rd=152.3ms sd=4.68s ipdv=421.6ms
seq=241 rtt=5.4s rd=140.8ms sd=5.26s ipdv=567.1ms
seq=242 rtt=5.02s rd=182.1ms sd=4.84s ipdv=380.2ms
seq=243 rtt=4.52s rd=182.1ms sd=4.34s ipdv=499.5ms
seq=244 rtt=5.11s rd=196.4ms sd=4.92s ipdv=591.1ms
seq=245 rtt=4.67s rd=134.6ms sd=4.54s ipdv=441.9ms
seq=246 rtt=5.21s rd=113.2ms sd=5.1s ipdv=539.9ms
seq=247 rtt=4.78s rd=143.8ms sd=4.64s ipdv=426.7ms
seq=248 rtt=5.35s rd=146.7ms sd=5.2s ipdv=567.6ms
seq=249 rtt=4.9s rd=180ms sd=4.72s ipdv=453.7ms
seq=250 rtt=5.42s rd=133.2ms sd=5.28s ipdv=519.6ms
seq=251 rtt=5s rd=145.7ms sd=4.86s ipdv=415.6ms
seq=252 rtt=4.89s rd=73.66ms sd=4.82s ipdv=106.5ms
seq=253 rtt=5.04s rd=87.59ms sd=4.95s ipdv=144.8ms
seq=254 rtt=4.62s rd=147.5ms sd=4.48s ipdv=416.7ms
seq=255 rtt=5.21s rd=137.7ms sd=5.07s ipdv=587.4ms
seq=256 rtt=4.77s rd=127.2ms sd=4.64s ipdv=438.9ms
seq=257 rtt=5.29s rd=138.1ms sd=5.15s ipdv=516.8ms
seq=258 rtt=4.86s rd=131.1ms sd=4.72s ipdv=432.8ms
seq=259 rtt=5.44s rd=164.5ms sd=5.27s ipdv=582.3ms
seq=260 rtt=5.01s rd=78.64ms sd=4.93s ipdv=425.8ms
seq=261 rtt=5.58s rd=148.4ms sd=5.44s ipdv=572.1ms
seq=262 rtt=5.16s rd=150.5ms sd=5.01s ipdv=419.9ms
seq=263 rtt=4.66s rd=150.5ms sd=4.51s ipdv=500.1ms
seq=264 rtt=5.25s rd=167.7ms sd=5.08s ipdv=586ms
seq=265 rtt=4.94s rd=290.7ms sd=4.65s ipdv=305ms
seq=266 rtt=5.33s rd=142.6ms sd=5.19s ipdv=385.3ms
seq=267 rtt=4.99s rd=70.53ms sd=4.92s ipdv=341.7ms
seq=268 rtt=5.49s rd=163.1ms sd=5.32s ipdv=496.7ms
seq=269 rtt=5.07s rd=155.7ms sd=4.91s ipdv=414.6ms
seq=270 rtt=5.61s rd=171.9ms sd=5.44s ipdv=538.3ms
seq=271 rtt=5.15s rd=151ms sd=5s ipdv=454.4ms
seq=272 rtt=5.78s rd=186.8ms sd=5.59s ipdv=621.8ms
seq=273 rtt=5.28s rd=186.8ms sd=5.09s ipdv=499.3ms
seq=274 rtt=4.81s rd=115.2ms sd=4.69s ipdv=470.9ms
seq=275 rtt=5.31s rd=98.45ms sd=5.21s ipdv=500.6ms
seq=276 rtt=4.88s rd=135.5ms sd=4.75s ipdv=422.3ms
seq=277 rtt=5.46s rd=115.5ms sd=5.35s ipdv=577.8ms
seq=278 rtt=5.03s rd=100ms sd=4.93s ipdv=435.7ms
seq=279 rtt=5.6s rd=116.3ms sd=5.48s ipdv=569.5ms
seq=280 rtt=5.17s rd=143.4ms sd=5.03s ipdv=427.2ms
seq=281 rtt=5.75s rd=163.8ms sd=5.59s ipdv=583.5ms
seq=282 rtt=5.35s rd=166.4ms sd=5.18s ipdv=405.8ms
seq=283 rtt=4.85s rd=166.5ms sd=4.68s ipdv=500.7ms
seq=284 rtt=7.58s rd=142.2ms sd=7.44s ipdv=2.73s
seq=285 rtt=7.08s rd=142.2ms sd=6.94s ipdv=500.8ms
seq=286 rtt=6.58s rd=142.1ms sd=6.44s ipdv=499.9ms
seq=287 rtt=6.08s rd=142.1ms sd=5.94s ipdv=499.6ms
seq=288 rtt=5.69s rd=123.4ms sd=5.56s ipdv=390.8ms
seq=289 rtt=6.22s rd=153.4ms sd=6.07s ipdv=532.6ms
seq=290 rtt=5.79s rd=137.1ms sd=5.65s ipdv=430.9ms
seq=291 rtt=6.3s rd=139.5ms sd=6.16s ipdv=508.1ms
seq=292 rtt=5.89s rd=162.5ms sd=5.73s ipdv=405.1ms
seq=293 rtt=5.39s rd=162.5ms sd=5.23s ipdv=499.7ms
seq=294 rtt=5.98s rd=148.4ms sd=5.83s ipdv=585.5ms
seq=295 rtt=5.55s rd=145.6ms sd=5.41s ipdv=425.6ms
seq=296 rtt=6.1s rd=128.1ms sd=5.97s ipdv=545.9ms
seq=297 rtt=5.69s rd=148ms sd=5.54s ipdv=413.8ms
seq=298 rtt=6.27s rd=154.7ms sd=6.12s ipdv=587.4ms
seq=299 rtt=5.84s rd=153.8ms sd=5.68s ipdv=434.3ms
seq=300 rtt=6.42s rd=142.6ms sd=6.28s ipdv=582.5ms
seq=301 rtt=5.93s rd=146.9ms sd=5.78s ipdv=491.8ms
seq=302 rtt=6.49s rd=156.8ms sd=6.33s ipdv=562.8ms
seq=303 rtt=5.99s rd=156.8ms sd=5.84s ipdv=499.7ms
seq=304 rtt=5.59s rd=98.82ms sd=5.49s ipdv=405.6ms
seq=305 rtt=6.12s rd=154.3ms sd=5.97s ipdv=534.3ms
seq=306 rtt=5.7s rd=177.6ms sd=5.52s ipdv=421.5ms
seq=307 rtt=6.32s rd=187.6ms sd=6.13s ipdv=618.8ms
seq=308 rtt=5.9s rd=182.8ms sd=5.72s ipdv=419.3ms
seq=309 rtt=6.38s rd=137.7ms sd=6.24s ipdv=480.4ms
seq=310 rtt=6.04s rd=227.1ms sd=5.82s ipdv=336.9ms
seq=311 rtt=6.56s rd=160.8ms sd=6.39s ipdv=513ms
seq=312 rtt=6.13s rd=146ms sd=5.98s ipdv=430ms
seq=313 rtt=5.62s rd=146ms sd=5.48s ipdv=500.3ms
seq=314 rtt=6.21s rd=143.7ms sd=6.07s ipdv=586.8ms
seq=315 rtt=5.78s rd=141.8ms sd=5.64s ipdv=432.8ms
seq=316 rtt=6.46s rd=225.8ms sd=6.23s ipdv=680.3ms
seq=317 rtt=5.99s rd=120.3ms sd=5.87s ipdv=473.3ms
seq=318 rtt=6.55s rd=193.5ms sd=6.35s ipdv=562.1ms
seq=319 rtt=6.08s rd=189.3ms sd=5.9s ipdv=463.5ms
seq=320 rtt=6.61s rd=131.9ms sd=6.48s ipdv=530ms
seq=321 rtt=6.2s rd=136.7ms sd=6.06s ipdv=416.1ms
seq=322 rtt=6.07s rd=74.61ms sd=5.99s ipdv=129.2ms
seq=323 rtt=6.22s rd=79.43ms sd=6.14s ipdv=147.2ms
seq=324 rtt=5.79s rd=134.5ms sd=5.66s ipdv=424.4ms
seq=325 rtt=6.37s rd=134.9ms sd=6.23s ipdv=576ms
seq=326 rtt=5.94s rd=135.9ms sd=5.8s ipdv=429.4ms
seq=327 rtt=6.49s rd=144.3ms sd=6.34s ipdv=550.6ms
seq=328 rtt=6.09s rd=164.3ms sd=5.92s ipdv=400.3ms
seq=329 rtt=6.67s rd=179.8ms sd=6.49s ipdv=582.5ms
seq=330 rtt=6.23s rd=147.6ms sd=6.08s ipdv=441.7ms
seq=331 rtt=6.78s rd=128.8ms sd=6.66s ipdv=554.5ms
seq=332 rtt=6.35s rd=134.2ms sd=6.22s ipdv=432.6ms
seq=333 rtt=5.85s rd=134.2ms sd=5.72s ipdv=499.7ms
seq=334 rtt=6.47s rd=179.5ms sd=6.29s ipdv=621.8ms
seq=335 rtt=6.07s rd=160.2ms sd=5.91s ipdv=400.5ms
seq=336 rtt=6.56s rd=146.9ms sd=6.41s ipdv=484.3ms
seq=337 rtt=6.14s rd=152.6ms sd=5.98s ipdv=421.8ms
seq=338 rtt=6.74s rd=138.9ms sd=6.6s ipdv=606.2ms
seq=339 rtt=6.32s rd=159.4ms sd=6.16s ipdv=421.9ms
seq=340 rtt=6.83s rd=131.9ms sd=6.7s ipdv=513.3ms
seq=341 rtt=6.42s rd=142.1ms sd=6.28s ipdv=411.4ms
seq=342 rtt=7.01s rd=115.7ms sd=6.9s ipdv=591.4ms
seq=343 rtt=6.51s rd=115.7ms sd=6.4s ipdv=500ms
seq=344 rtt=6.09s rd=142.9ms sd=5.95s ipdv=423ms
seq=345 rtt=6.6s rd=96.43ms sd=6.51s ipdv=511.6ms
seq=346 rtt=6.18s rd=132.6ms sd=6.05s ipdv=419.3ms
seq=347 rtt=9.2s rd=231.2ms sd=8.97s ipdv=3.02s
seq=348 rtt=8.7s rd=231.2ms sd=8.47s ipdv=499.9ms
seq=349 rtt=8.2s rd=231.2ms sd=7.97s ipdv=500.7ms
seq=350 rtt=7.7s rd=231.1ms sd=7.47s ipdv=499.4ms
seq=351 rtt=7.25s rd=182.9ms sd=7.06s ipdv=456.4ms
seq=352 rtt=6.75s rd=182.9ms sd=6.56s ipdv=499.7ms
seq=353 rtt=8.48s rd=163.7ms sd=8.32s ipdv=1.73s
seq=354 rtt=9s rd=132.7ms sd=8.86s ipdv=514.5ms
seq=355 rtt=8.57s rd=140.8ms sd=8.43s ipdv=424.9ms
seq=356 rtt=8.6s rd=145.8ms sd=8.46s ipdv=30.44ms
seq=357 rtt=8.1s rd=145.8ms sd=7.96s ipdv=499.5ms
seq=358 rtt=7.6s rd=145.8ms sd=7.46s ipdv=500.7ms
seq=359 rtt=7.1s rd=145.8ms sd=6.96s ipdv=499.5ms
seq=360 rtt=6.6s rd=145.8ms sd=6.46s ipdv=499.6ms
seq=361 rtt=6.68s rd=158.2ms sd=6.53s ipdv=81.9ms
seq=362 rtt=6.26s rd=181.6ms sd=6.08s ipdv=425ms
seq=363 rtt=6.86s rd=222.6ms sd=6.64s ipdv=601.1ms
seq=364 rtt=6.4s rd=193ms sd=6.21s ipdv=460.6ms
seq=365 rtt=6.23s rd=42.99ms sd=6.18s ipdv=172ms
seq=366 rtt=6.47s rd=194.8ms sd=6.28s ipdv=245ms
seq=367 rtt=6.03s rd=151.1ms sd=5.88s ipdv=438.1ms
seq=368 rtt=6.58s rd=118.7ms sd=6.46s ipdv=547ms
seq=369 rtt=6.16s rd=134.8ms sd=6.02s ipdv=425.2ms
seq=370 rtt=6.85s rd=269.7ms sd=6.58s ipdv=698.1ms
seq=371 rtt=6.47s rd=296ms sd=6.17s ipdv=388.2ms
seq=372 rtt=6.85s rd=141.3ms sd=6.71s ipdv=386ms
seq=373 rtt=6.42s rd=144ms sd=6.28s ipdv=428.3ms
seq=374 rtt=7s rd=138.6ms sd=6.86s ipdv=579.2ms
seq=375 rtt=6.5s rd=138.6ms sd=6.36s ipdv=500.1ms
seq=376 rtt=6.09s rd=143.5ms sd=5.94s ipdv=415.3ms
seq=377 rtt=6.6s rd=136.7ms sd=6.47s ipdv=517.4ms
seq=378 rtt=6.19s rd=149.2ms sd=6.04s ipdv=416.3ms
seq=379 rtt=6.76s rd=146.9ms sd=6.62s ipdv=573.9ms
seq=380 rtt=6.34s rd=140.2ms sd=6.19s ipdv=427.2ms
seq=381 rtt=6.84s rd=127.4ms sd=6.71s ipdv=501.9ms
seq=382 rtt=6.44s rd=158.8ms sd=6.28s ipdv=399.7ms
seq=383 rtt=7.04s rd=165.9ms sd=6.87s ipdv=602.8ms
seq=384 rtt=6.57s rd=141.3ms sd=6.43s ipdv=467.4ms
seq=385 rtt=6.07s rd=141.3ms sd=5.93s ipdv=500.6ms
seq=386 rtt=6.63s rd=135.2ms sd=6.49s ipdv=555.3ms
seq=387 rtt=6.21s rd=146.7ms sd=6.06s ipdv=419.2ms
seq=388 rtt=6.84s rd=197.2ms sd=6.64s ipdv=630.2ms
seq=389 rtt=6.36s rd=73.83ms sd=6.29s ipdv=474.8ms
seq=390 rtt=6.94s rd=219.1ms sd=6.72s ipdv=574.5ms
seq=391 rtt=6.51s rd=145.4ms sd=6.37s ipdv=427.7ms
seq=392 rtt=7.01s rd=147.5ms sd=6.87s ipdv=503.6ms
seq=393 rtt=6.6s rd=150.4ms sd=6.44s ipdv=419ms
seq=394 rtt=6.47s rd=69.69ms sd=6.4s ipdv=129ms
seq=395 rtt=6.68s rd=200.6ms sd=6.48s ipdv=211.6ms
seq=396 rtt=6.22s rd=170.4ms sd=6.05s ipdv=457.3ms
seq=397 rtt=6.76s rd=133.6ms sd=6.62s ipdv=535.4ms
seq=398 rtt=6.32s rd=128.1ms sd=6.2s ipdv=431.5ms
seq=399 rtt=6.92s rd=198.5ms sd=6.72s ipdv=592ms
seq=400 rtt=6.44s rd=115.5ms sd=6.33s ipdv=472.4ms
seq=401 rtt=7.02s rd=149.2ms sd=6.87s ipdv=575.8ms
seq=402 rtt=6.59s rd=150.6ms sd=6.44s ipdv=424.7ms
seq=403 rtt=7.16s rd=133.2ms sd=7.03s ipdv=565.4ms
seq=404 rtt=6.66s rd=133.2ms sd=6.53s ipdv=499.4ms
seq=405 rtt=6.23s rd=107.3ms sd=6.12s ipdv=429.3ms
seq=406 rtt=6.82s rd=98.13ms sd=6.72s ipdv=588.7ms
seq=407 rtt=6.39s rd=162.3ms sd=6.23s ipdv=430.8ms
seq=408 rtt=6.96s rd=191ms sd=6.77s ipdv=567.9ms
seq=409 rtt=6.48s rd=136.8ms sd=6.34s ipdv=477.6ms
seq=410 rtt=7.06s rd=113.5ms sd=6.95s ipdv=581.5ms
seq=411 rtt=6.66s rd=157.6ms sd=6.51s ipdv=398.9ms
seq=412 rtt=7.15s rd=127.6ms sd=7.02s ipdv=487.8ms
seq=413 rtt=6.74s rd=139.5ms sd=6.6s ipdv=414.5ms
seq=414 rtt=6.24s rd=139.5ms sd=6.1s ipdv=500.3ms
seq=415 rtt=6.91s rd=244.1ms sd=6.66s ipdv=671.4ms
seq=416 rtt=6.45s rd=252.4ms sd=6.2s ipdv=459.1ms
seq=417 rtt=6.91s rd=79.8ms sd=6.83s ipdv=458ms
seq=418 rtt=6.48s rd=131.9ms sd=6.34s ipdv=429.6ms
seq=419 rtt=7.06s rd=160.5ms sd=6.89s ipdv=578.9ms
seq=420 rtt=6.64s rd=166.2ms sd=6.48s ipdv=412.4ms
seq=421 rtt=7.22s rd=142.8ms sd=7.08s ipdv=577.6ms
seq=422 rtt=6.79s rd=147.3ms sd=6.65s ipdv=425.7ms
seq=423 rtt=6.67s rd=69.42ms sd=6.6s ipdv=124.9ms
seq=424 rtt=6.88s rd=124.3ms sd=6.75s ipdv=206.6ms
seq=425 rtt=6.47s rd=101.1ms sd=6.37s ipdv=410.6ms
seq=426 rtt=7.06s rd=155.6ms sd=6.9s ipdv=593ms
seq=427 rtt=6.66s rd=88.22ms sd=6.57s ipdv=402.8ms
seq=428 rtt=7.13s rd=141.6ms sd=6.99s ipdv=474.7ms
seq=429 rtt=6.7s rd=139.3ms sd=6.57s ipdv=426.2ms
seq=430 rtt=7.23s rd=137.4ms sd=7.09s ipdv=524.9ms
seq=431 rtt=6.81s rd=142.5ms sd=6.67s ipdv=421.9ms
seq=432 rtt=7.38s rd=122.4ms sd=7.26s ipdv=571.9ms
seq=433 rtt=6.88s rd=122.3ms sd=6.76s ipdv=499.6ms
seq=434 rtt=6.45s rd=138ms sd=6.31s ipdv=430.2ms
seq=435 rtt=6.97s rd=135.3ms sd=6.83s ipdv=515.7ms
seq=436 rtt=6.52s rd=122.3ms sd=6.4s ipdv=443.9ms
seq=437 rtt=7.17s rd=184.3ms sd=6.98s ipdv=647.3ms
seq=438 rtt=6.73s rd=162.1ms sd=6.56s ipdv=443.1ms
seq=439 rtt=7.25s rd=125.9ms sd=7.12s ipdv=521ms
seq=440 rtt=6.85s rd=170.7ms sd=6.68s ipdv=398.4ms
seq=441 rtt=7.39s rd=163.9ms sd=7.23s ipdv=541.1ms
seq=442 rtt=6.95s rd=143.8ms sd=6.8s ipdv=440.9ms
seq=443 rtt=6.45s rd=143.8ms sd=6.31s ipdv=499.7ms
seq=444 rtt=6.99s rd=111.1ms sd=6.88s ipdv=543.3ms
seq=445 rtt=6.56s rd=141.1ms sd=6.42s ipdv=429.3ms
seq=446 rtt=7.13s rd=88.16ms sd=7.04s ipdv=567.1ms
seq=447 rtt=6.75s rd=125.9ms sd=6.62s ipdv=379.3ms
seq=448 rtt=7.22s rd=129.9ms sd=7.09s ipdv=470ms
seq=449 rtt=6.82s rd=155.2ms sd=6.66s ipdv=402.3ms
seq=450 rtt=7.37s rd=136.6ms sd=7.23s ipdv=550.7ms
seq=451 rtt=6.95s rd=102.4ms sd=6.85s ipdv=420.1ms
seq=452 rtt=7.48s rd=92.89ms sd=7.39s ipdv=531ms
seq=453 rtt=6.98s rd=92.89ms sd=6.89s ipdv=499.6ms
seq=454 rtt=6.58s rd=165.3ms sd=6.42s ipdv=396.4ms
seq=455 rtt=7.12s rd=150.7ms sd=6.97s ipdv=539.7ms
seq=456 rtt=6.69s rd=147.4ms sd=6.54s ipdv=433.5ms
seq=457 rtt=7.26s rd=127.8ms sd=7.13s ipdv=567.1ms
seq=458 rtt=6.83s rd=146ms sd=6.69s ipdv=424.1ms
seq=459 rtt=7.4s rd=103.8ms sd=7.3s ipdv=568.7ms
seq=460 rtt=6.97s rd=129.4ms sd=6.84s ipdv=428ms
seq=461 rtt=7.5s rd=134ms sd=7.36s ipdv=522.4ms
seq=462 rtt=7.08s rd=148.7ms sd=6.93s ipdv=419.5ms
seq=463 rtt=6.58s rd=148.7ms sd=6.43s ipdv=500.2ms
seq=464 rtt=7.16s rd=150.2ms sd=7.01s ipdv=588ms
seq=465 rtt=6.73s rd=139.7ms sd=6.59s ipdv=436.5ms
seq=466 rtt=7.25s rd=139.1ms sd=7.11s ipdv=525ms
seq=467 rtt=6.82s rd=136.7ms sd=6.68s ipdv=432.4ms
seq=468 rtt=7.39s rd=115.9ms sd=7.28s ipdv=571.8ms
seq=469 rtt=6.96s rd=119.5ms sd=6.84s ipdv=430.5ms
seq=470 rtt=7.47s rd=130.9ms sd=7.34s ipdv=507.6ms
seq=471 rtt=7.04s rd=129.6ms sd=6.91s ipdv=433.6ms
seq=472 rtt=7.61s rd=156.8ms sd=7.46s ipdv=576.6ms
seq=473 rtt=7.11s rd=156.9ms sd=6.96s ipdv=499.6ms
seq=474 rtt=6.69s rd=143.3ms sd=6.55s ipdv=423.9ms
seq=475 rtt=7.29s rd=176.9ms sd=7.11s ipdv=599.6ms
seq=476 rtt=6.83s rd=139.3ms sd=6.69s ipdv=456.1ms
seq=477 rtt=7.41s rd=139ms sd=7.28s ipdv=581.9ms
seq=478 rtt=7.07s rd=246.8ms sd=6.82s ipdv=346.9ms
seq=479 rtt=7.52s rd=142.1ms sd=7.37s ipdv=447.9ms
seq=480 rtt=7.09s rd=116.1ms sd=6.97s ipdv=430.8ms
seq=481 rtt=7.66s rd=140.7ms sd=7.52s ipdv=573.2ms
seq=482 rtt=7.23s rd=150.4ms sd=7.08s ipdv=428.4ms
seq=483 rtt=6.73s rd=150.4ms sd=6.58s ipdv=499.7ms
seq=484 rtt=7.26s rd=140.1ms sd=7.12s ipdv=527.8ms
seq=485 rtt=7.92s rd=147.2ms sd=7.77s ipdv=662.8ms
seq=486 rtt=7.49s rd=144.4ms sd=7.35s ipdv=426.5ms
seq=487 rtt=7.36s rd=72.06ms sd=7.29s ipdv=130.6ms
seq=488 rtt=7.57s rd=202.8ms sd=7.37s ipdv=208.8ms
seq=489 rtt=7.12s rd=167.3ms sd=6.95s ipdv=455.3ms
seq=490 rtt=11s rd=136.9ms sd=10.9s ipdv=3.9s
seq=491 rtt=10.5s rd=136.9ms sd=10.4s ipdv=499.8ms
seq=492 rtt=10s rd=136.9ms sd=9.89s ipdv=499.4ms
seq=493 rtt=9.52s rd=136.9ms sd=9.39s ipdv=500.1ms
seq=494 rtt=9.09s rd=131.8ms sd=8.96s ipdv=434.3ms
seq=495 rtt=8.59s rd=131.9ms sd=8.46s ipdv=499.9ms
seq=496 rtt=8.47s rd=71.05ms sd=8.4s ipdv=118.6ms
seq=497 rtt=7.97s rd=71.05ms sd=7.9s ipdv=500.1ms
seq=498 rtt=7.64s rd=211.4ms sd=7.43s ipdv=324.6ms
seq=499 rtt=7.15s rd=211.3ms sd=6.93s ipdv=499.2ms
seq=500 rtt=7.24s rd=207.3ms sd=7.03s ipdv=95.8ms
seq=501 rtt=6.82s rd=196.5ms sd=6.63s ipdv=416.9ms
seq=502 rtt=7.29s rd=156.4ms sd=7.13s ipdv=466.9ms
seq=503 rtt=6.85s rd=147.4ms sd=6.7s ipdv=444.3ms
seq=504 rtt=7.45s rd=180.2ms sd=7.26s ipdv=598.1ms
seq=505 rtt=7s rd=153.7ms sd=6.84s ipdv=448.3ms
seq=506 rtt=6.87s rd=71.22ms sd=6.8s ipdv=124.9ms
seq=507 rtt=7.02s rd=133.5ms sd=6.89s ipdv=150ms
seq=508 rtt=6.6s rd=150ms sd=6.45s ipdv=417.7ms
seq=509 rtt=7.19s rd=136.1ms sd=7.05s ipdv=581.6ms
seq=510 rtt=6.77s rd=149.4ms sd=6.62s ipdv=417.2ms
seq=511 rtt=7.48s rd=277.4ms sd=7.2s ipdv=708.6ms
seq=512 rtt=6.99s rd=221.7ms sd=6.77s ipdv=486ms
seq=513 rtt=7.5s rd=125ms sd=7.38s ipdv=510.6ms
seq=514 rtt=7.07s rd=137.4ms sd=6.93s ipdv=433.7ms
seq=515 rtt=7.59s rd=147.5ms sd=7.44s ipdv=517.8ms
seq=516 rtt=7.09s rd=147.6ms sd=6.94s ipdv=499.6ms
seq=517 rtt=6.64s rd=120.9ms sd=6.52s ipdv=448ms
seq=518 rtt=7.22s rd=146.4ms sd=7.07s ipdv=578.9ms
seq=519 rtt=6.8s rd=137.2ms sd=6.66s ipdv=419.7ms
seq=520 rtt=7.3s rd=82.42ms sd=7.22s ipdv=504.1ms
seq=521 rtt=6.88s rd=134.2ms sd=6.75s ipdv=419.5ms
seq=522 rtt=7.45s rd=138.3ms sd=7.31s ipdv=567.6ms
seq=523 rtt=7.03s rd=122.3ms sd=6.91s ipdv=418.6ms
seq=524 rtt=7.54s rd=108.7ms sd=7.43s ipdv=504.6ms
seq=525 rtt=7.11s rd=145.3ms sd=6.96s ipdv=427ms
seq=526 rtt=6.61s rd=145.3ms sd=6.46s ipdv=499.8ms
seq=527 rtt=7.18s rd=116.9ms sd=7.07s ipdv=574.3ms
seq=528 rtt=6.77s rd=149ms sd=6.62s ipdv=413.5ms
seq=529 rtt=7.37s rd=176.6ms sd=7.19s ipdv=601.5ms
seq=530 rtt=6.92s rd=145.8ms sd=6.77s ipdv=451.6ms
seq=531 rtt=7.58s rd=201.6ms sd=7.38s ipdv=660.5ms
seq=532 rtt=7.11s rd=197.2ms sd=6.91s ipdv=471.9ms
seq=533 rtt=7.58s rd=137.5ms sd=7.45s ipdv=476.4ms
seq=534 rtt=7.16s rd=144.5ms sd=7.02s ipdv=422.7ms
seq=535 rtt=7.04s rd=71.09ms sd=6.97s ipdv=125.5ms
seq=536 rtt=7.38s rd=284.8ms sd=7.09s ipdv=339ms
seq=537 rtt=6.92s rd=255.8ms sd=6.66s ipdv=455ms
seq=538 rtt=7.31s rd=88.62ms sd=7.23s ipdv=393.4ms
seq=539 rtt=6.91s rd=157.2ms sd=6.75s ipdv=405.5ms
seq=540 rtt=7.57s rd=256.9ms sd=7.32s ipdv=665.2ms
seq=541 rtt=7.1s rd=225.6ms sd=6.87s ipdv=478.3ms
seq=542 rtt=7.6s rd=167.6ms sd=7.43s ipdv=499.9ms
seq=543 rtt=7.15s rd=97.69ms sd=7.05s ipdv=449.1ms
seq=544 rtt=7.08s rd=136.1ms sd=6.95s ipdv=65.1ms
seq=545 rtt=7.31s rd=245.5ms sd=7.07s ipdv=230.1ms
seq=546 rtt=6.85s rd=206.5ms sd=6.65s ipdv=459.5ms
seq=547 rtt=9.59s rd=135.8ms sd=9.45s ipdv=2.74s
seq=548 rtt=9.09s rd=135.8ms sd=8.95s ipdv=499.6ms
seq=549 rtt=8.59s rd=135.8ms sd=8.45s ipdv=499.6ms
seq=550 rtt=8.09s rd=135.8ms sd=7.95s ipdv=500ms
seq=551 rtt=7.59s rd=135.8ms sd=7.45s ipdv=500.4ms
seq=552 rtt=7.18s rd=148.5ms sd=7.03s ipdv=412.4ms
seq=553 rtt=7.75s rd=166ms sd=7.58s ipdv=571.5ms
seq=554 rtt=7.29s rd=133.6ms sd=7.16s ipdv=454.8ms
seq=555 rtt=7.82s rd=130.2ms sd=7.69s ipdv=530ms
seq=556 rtt=7.4s rd=140.6ms sd=7.26s ipdv=424ms
seq=557 rtt=7.33s rd=138.9ms sd=7.19s ipdv=65.66ms
seq=558 rtt=7.45s rd=137.8ms sd=7.31s ipdv=119.6ms
seq=559 rtt=7.04s rd=145.9ms sd=6.89s ipdv=417.4ms
seq=560 rtt=7.57s rd=88.74ms sd=7.48s ipdv=530.8ms
seq=561 rtt=7.17s rd=170.1ms sd=7s ipdv=398.2ms
seq=562 rtt=7.72s rd=141.4ms sd=7.58s ipdv=555.7ms
seq=563 rtt=7.31s rd=144.4ms sd=7.16s ipdv=415.3ms
seq=564 rtt=7.95s rd=196.7ms sd=7.75s ipdv=637.7ms
seq=565 rtt=7.49s rd=179.7ms sd=7.31s ipdv=454.9ms
seq=566 rtt=8.05s rd=82.6ms sd=7.97s ipdv=558.3ms
seq=567 rtt=7.55s rd=82.55ms sd=7.47s ipdv=500ms
seq=568 rtt=7.13s rd=150.9ms sd=6.98s ipdv=419.8ms
seq=569 rtt=7.64s rd=138.4ms sd=7.5s ipdv=507.7ms
seq=570 rtt=7.21s rd=142.1ms sd=7.07s ipdv=425.2ms
seq=571 rtt=7.81s rd=147.3ms sd=7.66s ipdv=595.2ms
seq=572 rtt=7.37s rd=172.1ms sd=7.19s ipdv=441.6ms
seq=573 rtt=7.84s rd=109.7ms sd=7.73s ipdv=474.6ms
seq=574 rtt=7.43s rd=133.1ms sd=7.29s ipdv=413.1ms
seq=575 rtt=8.02s rd=159.2ms sd=7.86s ipdv=593.5ms
seq=576 rtt=7.58s rd=146ms sd=7.44s ipdv=437.4ms
seq=577 rtt=7.08s rd=146ms sd=6.94s ipdv=500.8ms
seq=578 rtt=7.61s rd=128.4ms sd=7.48s ipdv=523.2ms
seq=579 rtt=7.18s rd=139.6ms sd=7.04s ipdv=422.3ms
seq=580 rtt=7.76s rd=140.1ms sd=7.62s ipdv=575.5ms
seq=581 rtt=7.33s rd=142.8ms sd=7.19s ipdv=429ms
seq=582 rtt=7.87s rd=129ms sd=7.74s ipdv=540.7ms
seq=583 rtt=7.44s rd=134.3ms sd=7.31s ipdv=427.3ms
seq=584 rtt=8.04s rd=158.8ms sd=7.88s ipdv=592.1ms
seq=585 rtt=7.61s rd=151.2ms sd=7.46s ipdv=421.5ms
seq=586 rtt=8.13s rd=140.1ms sd=7.99s ipdv=513.5ms
seq=587 rtt=7.63s rd=140.1ms sd=7.49s ipdv=499.4ms
seq=588 rtt=7.2s rd=137.5ms sd=7.06s ipdv=429.3ms
seq=589 rtt=7.77s rd=97.35ms sd=7.68s ipdv=573.6ms
seq=590 rtt=7.36s rd=162.8ms sd=7.2s ipdv=408ms
seq=591 rtt=7.86s rd=140.5ms sd=7.72s ipdv=492.8ms
seq=592 rtt=7.45s rd=170.9ms sd=7.28s ipdv=406.3ms
seq=593 rtt=8s rd=156.5ms sd=7.85s ipdv=553.1ms
seq=594 rtt=7.58s rd=104.5ms sd=7.47s ipdv=427.9ms
seq=595 rtt=8.1s rd=135.4ms sd=7.96s ipdv=520.5ms
seq=596 rtt=7.67s rd=139.7ms sd=7.53s ipdv=422.3ms
seq=597 rtt=7.17s rd=139.8ms sd=7.03s ipdv=499.8ms
seq=598 rtt=7.83s rd=229.2ms sd=7.6s ipdv=656.9ms
seq=599 rtt=7.37s rd=118.1ms sd=7.25s ipdv=460.2ms
seq=600 rtt=7.92s rd=141.4ms sd=7.77s ipdv=543.8ms
seq=601 rtt=7.49s rd=143.6ms sd=7.35s ipdv=426.3ms
seq=602 rtt=8.08s rd=153.3ms sd=7.93s ipdv=592.9ms
seq=603 rtt=7.64s rd=148.7ms sd=7.49s ipdv=438.4ms
seq=604 rtt=8.19s rd=175ms sd=8.01s ipdv=543.8ms
seq=605 rtt=7.72s rd=147.4ms sd=7.58s ipdv=463.8ms
seq=606 rtt=7.59s rd=62.91ms sd=7.52s ipdv=137ms
seq=607 rtt=7.8s rd=171.5ms sd=7.63s ipdv=217.5ms
seq=608 rtt=7.38s rd=140.2ms sd=7.24s ipdv=424.9ms
seq=609 rtt=7.9s rd=153.2ms sd=7.75s ipdv=523.6ms
seq=610 rtt=7.48s rd=159.4ms sd=7.32s ipdv=427.6ms
seq=611 rtt=8.04s rd=157.5ms sd=7.88s ipdv=567ms
seq=612 rtt=7.62s rd=148ms sd=7.48s ipdv=417.2ms
seq=613 rtt=8.14s rd=140.3ms sd=8s ipdv=517.8ms
seq=614 rtt=7.72s rd=153.7ms sd=7.57s ipdv=421.5ms
seq=615 rtt=8.29s rd=140.7ms sd=8.15s ipdv=570.8ms
seq=616 rtt=7.87s rd=151.7ms sd=7.72s ipdv=422.3ms
seq=617 rtt=7.37s rd=151.7ms sd=7.22s ipdv=499.6ms
seq=618 rtt=7.92s rd=128.7ms sd=7.79s ipdv=549.4ms
seq=619 rtt=7.49s rd=130.4ms sd=7.36s ipdv=429.8ms
seq=620 rtt=8.08s rd=139.4ms sd=7.94s ipdv=586.8ms
seq=621 rtt=7.67s rd=120.7ms sd=7.55s ipdv=403.3ms
seq=622 rtt=8.18s rd=137.4ms sd=8.04s ipdv=506.9ms
seq=623 rtt=7.75s rd=137.7ms sd=7.61s ipdv=434.9ms
seq=624 rtt=8.33s rd=138ms sd=8.19s ipdv=581.1ms
seq=625 rtt=7.91s rd=151.1ms sd=7.76s ipdv=419.4ms
seq=626 rtt=8.48s rd=181.4ms sd=8.3s ipdv=572.1ms
seq=627 rtt=7.98s rd=181.3ms sd=7.8s ipdv=500.8ms
seq=628 rtt=7.5s rd=90.79ms sd=7.41s ipdv=481.8ms
seq=629 rtt=8.07s rd=106ms sd=7.97s ipdv=575.3ms
seq=630 rtt=7.66s rd=169.6ms sd=7.49s ipdv=411.1ms
seq=631 rtt=8.12s rd=111.6ms sd=8.01s ipdv=458.5ms
seq=632 rtt=7.7s rd=112.1ms sd=7.59s ipdv=419.4ms
seq=633 rtt=8.31s rd=158.1ms sd=8.15s ipdv=606.5ms
seq=634 rtt=7.89s rd=157.3ms sd=7.73s ipdv=421.1ms
seq=635 rtt=8.44s rd=127.1ms sd=8.31s ipdv=553.2ms
seq=636 rtt=8.01s rd=116.3ms sd=7.89s ipdv=427.6ms
seq=637 rtt=7.51s rd=116.3ms sd=7.39s ipdv=500.1ms
seq=638 rtt=8.09s rd=133.5ms sd=7.95s ipdv=576.4ms
seq=639 rtt=7.67s rd=145ms sd=7.52s ipdv=417.7ms
seq=640 rtt=8.19s rd=99.18ms sd=8.09s ipdv=517ms
seq=641 rtt=7.77s rd=146.3ms sd=7.62s ipdv=421.4ms
seq=642 rtt=8.41s rd=216.4ms sd=8.19s ipdv=641.9ms
seq=643 rtt=7.95s rd=183ms sd=7.77s ipdv=457.5ms
seq=644 rtt=8.44s rd=146.7ms sd=8.3s ipdv=495.5ms
seq=645 rtt=8.01s rd=139.4ms sd=7.87s ipdv=431.5ms
seq=646 rtt=7.89s rd=75.45ms sd=7.81s ipdv=126.4ms
seq=647 rtt=8.1s rd=145.2ms sd=7.96s ipdv=214.9ms
seq=648 rtt=7.66s rd=120.3ms sd=7.54s ipdv=443.9ms
seq=649 rtt=8.19s rd=136.7ms sd=8.06s ipdv=536.3ms
seq=650 rtt=7.8s rd=180.4ms sd=7.62s ipdv=391.3ms
seq=651 rtt=8.34s rd=134.5ms sd=8.2s ipdv=533.9ms
seq=652 rtt=7.91s rd=127.6ms sd=7.78s ipdv=431.3ms
seq=653 rtt=8.5s rd=122.2ms sd=8.38s ipdv=592.8ms
seq=654 rtt=8.08s rd=96.1ms sd=7.98s ipdv=420.7ms
seq=655 rtt=8.67s rd=138.3ms sd=8.53s ipdv=595ms
seq=656 rtt=8.23s rd=122.9ms sd=8.11s ipdv=440ms
seq=657 rtt=7.73s rd=122.9ms sd=7.61s ipdv=499.8ms
seq=658 rtt=8.36s rd=226ms sd=8.13s ipdv=623.1ms
seq=659 rtt=7.87s rd=158ms sd=7.71s ipdv=487ms
seq=660 rtt=8.45s rd=146.9ms sd=8.3s ipdv=576.3ms
seq=661 rtt=8.02s rd=128ms sd=7.89s ipdv=426.6ms
seq=662 rtt=8.55s rd=147.7ms sd=8.4s ipdv=528.3ms
seq=663 rtt=8.13s rd=150.8ms sd=7.97s ipdv=421.9ms
seq=664 rtt=8.71s rd=155.8ms sd=8.56s ipdv=588.3ms
seq=665 rtt=8.28s rd=141.1ms sd=8.14s ipdv=432.5ms
seq=666 rtt=8.81s rd=96.8ms sd=8.71s ipdv=525.4ms
seq=667 rtt=8.31s rd=96.8ms sd=8.21s ipdv=500.6ms
seq=668 rtt=7.88s rd=143.2ms sd=7.74s ipdv=424.2ms
seq=669 rtt=8.44s rd=159.5ms sd=8.28s ipdv=558.1ms
seq=670 rtt=8.02s rd=155.3ms sd=7.87s ipdv=417.5ms
seq=671 rtt=8.61s rd=170.5ms sd=8.44s ipdv=587.5ms
seq=672 rtt=8.15s rd=134.4ms sd=8.01s ipdv=463.4ms
seq=673 rtt=8.73s rd=153.3ms sd=8.58s ipdv=584.6ms
seq=674 rtt=8.3s rd=141.3ms sd=8.16s ipdv=430ms
seq=675 rtt=8.82s rd=125.8ms sd=8.69s ipdv=514.5ms
seq=676 rtt=8.39s rd=143ms sd=8.25s ipdv=427.3ms
seq=677 rtt=7.89s rd=143ms sd=7.74s ipdv=500.2ms
seq=678 rtt=8.46s rd=133.9ms sd=8.33s ipdv=573.3ms
seq=679 rtt=8.03s rd=128.5ms sd=7.9s ipdv=432.4ms
seq=680 rtt=8.54s rd=135.8ms sd=8.41s ipdv=512.2ms
seq=681 rtt=8.11s rd=134.9ms sd=7.98s ipdv=427.9ms
seq=682 rtt=8.72s rd=172.8ms sd=8.54s ipdv=603.4ms
seq=683 rtt=8.29s rd=179.6ms sd=8.11s ipdv=430.2ms
seq=684 rtt=8.78s rd=135.6ms sd=8.64s ipdv=489.2ms
seq=685 rtt=8.35s rd=141.8ms sd=8.21s ipdv=425.1ms
seq=686 rtt=8.93s rd=150.7ms sd=8.78s ipdv=579.7ms
seq=687 rtt=8.43s rd=150.7ms sd=8.28s ipdv=499.4ms
seq=688 rtt=8.04s rd=129.5ms sd=7.91s ipdv=392.4ms
seq=689 rtt=8.58s rd=136.1ms sd=8.45s ipdv=545.8ms
seq=690 rtt=8.15s rd=137.3ms sd=8.02s ipdv=430.8ms
seq=691 rtt=8.73s rd=142.4ms sd=8.59s ipdv=575.4ms
seq=692 rtt=8.37s rd=199.3ms sd=8.17s ipdv=360.7ms
seq=693 rtt=8.83s rd=128.4ms sd=8.7s ipdv=463.9ms
seq=694 rtt=8.42s rd=119.3ms sd=8.3s ipdv=416.8ms
seq=695 rtt=9.07s rd=208ms sd=8.86s ipdv=653.7ms
seq=696 rtt=8.61s rd=172.9ms sd=8.44s ipdv=454.6ms
seq=697 rtt=8.11s rd=173ms sd=7.94s ipdv=500.7ms
seq=698 rtt=8.62s rd=137.8ms sd=8.48s ipdv=508.5ms
seq=699 rtt=8.19s rd=130.5ms sd=8.06s ipdv=431.4ms
seq=700 rtt=8.77s rd=141.5ms sd=8.63s ipdv=578.7ms
seq=701 rtt=8.37s rd=169ms sd=8.2s ipdv=400.7ms
seq=702 rtt=8.95s rd=198.3ms sd=8.75s ipdv=580.2ms
seq=703 rtt=8.52s rd=192.7ms sd=8.32s ipdv=433.3ms
seq=704 rtt=9.06s rd=170ms sd=8.89s ipdv=548.4ms
seq=705 rtt=8.66s rd=193.9ms sd=8.47s ipdv=403.7ms
seq=706 rtt=8.16s rd=193.8ms sd=7.97s ipdv=499.5ms
seq=707 rtt=8.72s rd=158.6ms sd=8.57s ipdv=563.3ms
seq=708 rtt=8.26s rd=126.4ms sd=8.13s ipdv=462.7ms
seq=709 rtt=8.9s rd=196.7ms sd=8.71s ipdv=643.3ms
seq=710 rtt=8.44s rd=187.8ms sd=8.25s ipdv=462.6ms
seq=711 rtt=8.91s rd=120.8ms sd=8.79s ipdv=467.5ms
seq=712 rtt=8.49s rd=89.56ms sd=8.4s ipdv=416ms
seq=713 rtt=9.08s rd=78.74ms sd=9s ipdv=585.3ms
seq=714 rtt=8.68s rd=137.9ms sd=8.54s ipdv=398ms
seq=715 rtt=8.51s rd=45.48ms sd=8.47s ipdv=167.9ms
seq=716 rtt=8.65s rd=110.7ms sd=8.54s ipdv=135.4ms
seq=717 rtt=8.22s rd=136.9ms sd=8.08s ipdv=427.1ms
seq=718 rtt=8.8s rd=92.12ms sd=8.71s ipdv=582.4ms
seq=719 rtt=8.38s rd=129.6ms sd=8.25s ipdv=422.1ms
seq=720 rtt=8.91s rd=145.6ms sd=8.76s ipdv=523.9ms
seq=721 rtt=8.47s rd=131.4ms sd=8.34s ipdv=431.6ms
seq=722 rtt=9.05s rd=129ms sd=8.92s ipdv=577.8ms
seq=723 rtt=8.62s rd=105.7ms sd=8.52s ipdv=427ms
seq=724 rtt=9.18s rd=119.9ms sd=9.06s ipdv=554ms
seq=725 rtt=8.76s rd=141.1ms sd=8.62s ipdv=414.7ms
seq=726 rtt=8.26s rd=141.1ms sd=8.12s ipdv=499.6ms
seq=727 rtt=8.83s rd=137.2ms sd=8.7s ipdv=569.4ms
seq=728 rtt=8.43s rd=131.5ms sd=8.29s ipdv=407.7ms
seq=729 rtt=8.93s rd=137.3ms sd=8.79s ipdv=504.7ms
seq=730 rtt=8.51s rd=135.6ms sd=8.37s ipdv=422.1ms
seq=731 rtt=9.08s rd=132.9ms sd=8.94s ipdv=569ms
seq=732 rtt=8.69s rd=183.8ms sd=8.51s ipdv=385.2ms
seq=733 rtt=9.16s rd=104.6ms sd=9.06s ipdv=468.7ms
seq=734 rtt=8.74s rd=143.6ms sd=8.6s ipdv=419.1ms
seq=735 rtt=9.33s rd=154.5ms sd=9.17s ipdv=584.8ms
seq=736 rtt=8.83s rd=154.4ms sd=8.67s ipdv=500.7ms
seq=737 rtt=8.4s rd=145.3ms sd=8.25s ipdv=429.5ms
seq=738 rtt=8.92s rd=84.5ms sd=8.84s ipdv=523.2ms
seq=739 rtt=8.5s rd=140.9ms sd=8.36s ipdv=416.4ms
seq=740 rtt=9.11s rd=182.8ms sd=8.93s ipdv=606.6ms
seq=741 rtt=8.61s rd=182.9ms sd=8.43s ipdv=500.1ms
seq=742 rtt=8.22s rd=193.7ms sd=8.02s ipdv=391.6ms
seq=743 rtt=8.82s rd=198ms sd=8.62s ipdv=597.3ms
seq=744 rtt=8.36s rd=182.9ms sd=8.17s ipdv=460.6ms
seq=745 rtt=8.9s rd=151.4ms sd=8.74s ipdv=540.4ms
seq=746 rtt=8.47s rd=150.4ms sd=8.32s ipdv=426.4ms
seq=747 rtt=11.2s rd=133ms sd=11.1s ipdv=2.76s
seq=748 rtt=10.7s rd=133ms sd=10.6s ipdv=499.9ms
seq=749 rtt=10.2s rd=133ms sd=10.1s ipdv=499.6ms
seq=750 rtt=9.73s rd=133ms sd=9.6s ipdv=500.1ms
seq=751 rtt=9.23s rd=133ms sd=9.1s ipdv=499.6ms
seq=753 rtt=8.33s rd=163.6ms sd=8.17s ipdv=n/a
seq=754 rtt=8.88s rd=156.1ms sd=8.72s ipdv=552ms
seq=755 rtt=8.49s rd=171.3ms sd=8.32s ipdv=390.5ms
seq=756 rtt=9.05s rd=195.9ms sd=8.85s ipdv=554.9ms
seq=757 rtt=8.59s rd=174.2ms sd=8.42s ipdv=453.5ms
seq=758 rtt=9.21s rd=211.2ms sd=8.99s ipdv=613.9ms
seq=759 rtt=8.74s rd=181.8ms sd=8.56s ipdv=462.1ms
seq=760 rtt=9.25s rd=123.1ms sd=9.13s ipdv=507.9ms
seq=761 rtt=8.82s rd=117.9ms sd=8.7s ipdv=431.9ms
seq=762 rtt=8.7s rd=67.41ms sd=8.63s ipdv=119.4ms
seq=763 rtt=9.02s rd=223.6ms sd=8.8s ipdv=323.5ms
seq=764 rtt=8.6s rd=263.7ms sd=8.34s ipdv=423.6ms
seq=765 rtt=9.01s rd=134ms sd=8.87s ipdv=408.3ms
seq=766 rtt=8.57s rd=124.4ms sd=8.44s ipdv=441.1ms
seq=767 rtt=9.17s rd=143.4ms sd=9.03s ipdv=606.7ms
seq=768 rtt=8.74s rd=136.9ms sd=8.61s ipdv=429.5ms
seq=769 rtt=9.26s rd=137.4ms sd=9.13s ipdv=519.1ms
seq=770 rtt=8.85s rd=150.6ms sd=8.7s ipdv=415.2ms
seq=771 rtt=9.41s rd=131.2ms sd=9.28s ipdv=562.9ms
seq=772 rtt=8.91s rd=131.2ms sd=8.78s ipdv=500ms
seq=773 rtt=8.49s rd=153.2ms sd=8.34s ipdv=418.2ms
seq=774 rtt=9.02s rd=136.1ms sd=8.88s ipdv=526.9ms
seq=775 rtt=8.6s rd=147.3ms sd=8.45s ipdv=424.2ms
seq=776 rtt=9.18s rd=136.9ms sd=9.04s ipdv=584.3ms
seq=777 rtt=8.74s rd=145.4ms sd=8.6s ipdv=436.5ms
seq=778 rtt=9.42s rd=237ms sd=9.18s ipdv=675.8ms
seq=779 rtt=8.97s rd=217.4ms sd=8.75s ipdv=450.5ms
seq=780 rtt=9.46s rd=159.8ms sd=9.3s ipdv=487.9ms
seq=781 rtt=9.02s rd=136.6ms sd=8.89s ipdv=432.7ms
seq=782 rtt=8.52s rd=136.6ms sd=8.39s ipdv=500.2ms
seq=783 rtt=9.06s rd=108.5ms sd=8.95s ipdv=538ms
seq=784 rtt=8.61s rd=128.8ms sd=8.48s ipdv=454.1ms
seq=785 rtt=9.18s rd=141.8ms sd=9.04s ipdv=575.3ms
seq=786 rtt=8.77s rd=146.5ms sd=8.62s ipdv=416.1ms
seq=787 rtt=9.26s rd=100.4ms sd=9.16s ipdv=492.2ms
seq=788 rtt=8.87s rd=143.1ms sd=8.72s ipdv=393.3ms
seq=789 rtt=9.45s rd=138.8ms sd=9.31s ipdv=580.7ms
seq=790 rtt=9.03s rd=156.4ms sd=8.88s ipdv=411.8ms
seq=791 rtt=9.62s rd=226.1ms sd=9.39s ipdv=585.9ms
seq=792 rtt=9.12s rd=226.1ms sd=8.9s ipdv=499.6ms
seq=793 rtt=8.71s rd=169.3ms sd=8.54s ipdv=414.7ms
seq=794 rtt=9.17s rd=94.4ms sd=9.08s ipdv=464.5ms
seq=795 rtt=8.74s rd=131.8ms sd=8.61s ipdv=430.3ms
seq=796 rtt=9.31s rd=133.4ms sd=9.18s ipdv=568.4ms
seq=797 rtt=8.87s rd=126.4ms sd=8.74s ipdv=439.7ms
seq=798 rtt=9.52s rd=226.6ms sd=9.3s ipdv=653.7ms
seq=799 rtt=9.07s rd=185.8ms sd=8.88s ipdv=455.2ms
seq=800 rtt=8.9s rd=70.45ms sd=8.83s ipdv=167.6ms
seq=801 rtt=9.13s rd=207.3ms sd=8.92s ipdv=226.1ms
seq=802 rtt=8.67s rd=187.6ms sd=8.48s ipdv=457ms
seq=803 rtt=9.19s rd=147.5ms sd=9.05s ipdv=524.6ms
seq=804 rtt=8.77s rd=134.6ms sd=8.64s ipdv=420.8ms
seq=805 rtt=9.29s rd=134.3ms sd=9.15s ipdv=515.4ms
seq=806 rtt=8.86s rd=139ms sd=8.72s ipdv=426.9ms
seq=807 rtt=9.46s rd=125.7ms sd=9.34s ipdv=601.5ms
seq=808 rtt=9.07s rd=163.4ms sd=8.9s ipdv=397ms
seq=809 rtt=9.53s rd=112.1ms sd=9.42s ipdv=466.5ms
seq=810 rtt=9.03s rd=112ms sd=8.92s ipdv=499.7ms
seq=811 rtt=8.61s rd=141.1ms sd=8.46s ipdv=427.4ms
seq=812 rtt=9.22s rd=158.8ms sd=9.06s ipdv=615ms
seq=813 rtt=8.78s rd=132.5ms sd=8.65s ipdv=442.2ms
seq=814 rtt=9.4s rd=122.3ms sd=9.27s ipdv=617.2ms
seq=815 rtt=8.97s rd=191.6ms sd=8.78s ipdv=425.9ms
seq=816 rtt=9.51s rd=176ms sd=9.33s ipdv=538.1ms
seq=817 rtt=9.13s rd=111.8ms sd=9.02s ipdv=374.7ms
seq=818 rtt=9.59s rd=97.34ms sd=9.49s ipdv=458.2ms
seq=819 rtt=9.16s rd=137.1ms sd=9.02s ipdv=433.3ms
seq=820 rtt=8.66s rd=137.2ms sd=8.52s ipdv=500.1ms
seq=821 rtt=9.23s rd=134.8ms sd=9.1s ipdv=574.5ms
seq=822 rtt=8.8s rd=115.6ms sd=8.69s ipdv=431ms
seq=823 rtt=9.33s rd=155.5ms sd=9.17s ipdv=526.4ms
seq=824 rtt=8.89s rd=133.6ms sd=8.76s ipdv=436.6ms
seq=825 rtt=9.47s rd=69.08ms sd=9.41s ipdv=583.3ms
seq=826 rtt=9.04s rd=131.4ms sd=8.91s ipdv=430.2ms
seq=827 rtt=9.56s rd=138.3ms sd=9.42s ipdv=517.1ms
seq=828 rtt=9.15s rd=157ms sd=8.99s ipdv=410.9ms
seq=829 rtt=9.77s rd=208.6ms sd=9.56s ipdv=614.6ms
seq=830 rtt=9.26s rd=208.6ms sd=9.06s ipdv=500.6ms
seq=831 rtt=8.86s rd=219.6ms sd=8.64s ipdv=401.6ms
seq=832 rtt=11.7s rd=133.3ms sd=11.5s ipdv=2.8s
seq=833 rtt=11.2s rd=133.3ms sd=11s ipdv=500ms
seq=834 rtt=12.9s rd=130.2ms sd=12.7s ipdv=1.69s
seq=835 rtt=12.4s rd=130.2ms sd=12.2s ipdv=499.6ms
seq=836 rtt=11.9s rd=130.2ms sd=11.7s ipdv=501ms
seq=837 rtt=11.4s rd=130.2ms sd=11.2s ipdv=499.6ms
seq=838 rtt=10.9s rd=127.8ms sd=10.8s ipdv=440.4ms
seq=839 rtt=10.8s rd=81.25ms sd=10.8s ipdv=80.51ms
seq=840 rtt=11s rd=191.9ms sd=10.9s ipdv=211.9ms
seq=841 rtt=10.6s rd=169.3ms sd=10.4s ipdv=440.6ms
seq=842 rtt=11.1s rd=129.3ms sd=11s ipdv=492.1ms
seq=843 rtt=10.7s rd=141.7ms sd=10.5s ipdv=426.6ms
seq=844 rtt=11.3s rd=183.4ms sd=11.1s ipdv=601.4ms
seq=845 rtt=10.8s rd=139.4ms sd=10.7s ipdv=446.8ms
seq=846 rtt=11.4s rd=131.4ms sd=11.3s ipdv=559.5ms
seq=847 rtt=10.9s rd=115.3ms sd=10.8s ipdv=432.4ms
seq=848 rtt=11.6s rd=143.6ms sd=11.4s ipdv=602.1ms
seq=849 rtt=11.1s rd=143.7ms sd=11s ipdv=424.8ms
seq=850 rtt=10.6s rd=143.6ms sd=10.5s ipdv=499.6ms
seq=851 rtt=11.1s rd=141.6ms sd=11s ipdv=514.5ms
seq=852 rtt=10.7s rd=128.1ms sd=10.6s ipdv=435.3ms
seq=853 rtt=11.4s rd=198ms sd=11.2s ipdv=671.8ms
seq=854 rtt=10.9s rd=214.5ms sd=10.7s ipdv=440ms
seq=855 rtt=11.4s rd=169.7ms sd=11.2s ipdv=477.4ms
seq=856 rtt=11s rd=168.6ms sd=10.8s ipdv=457.1ms
seq=857 rtt=11.5s rd=151.8ms sd=11.4s ipdv=555.1ms
seq=858 rtt=11.1s rd=141.6ms sd=10.9s ipdv=433.4ms
seq=859 rtt=10.6s rd=141.6ms sd=10.4s ipdv=499.7ms
seq=860 rtt=11.1s rd=120.3ms sd=11s ipdv=529.4ms
seq=861 rtt=10.7s rd=116ms sd=10.6s ipdv=439.9ms
seq=862 rtt=11.3s rd=137.1ms sd=11.1s ipdv=589.3ms
seq=863 rtt=10.8s rd=128.7ms sd=10.7s ipdv=426.5ms
seq=864 rtt=11.4s rd=133.3ms sd=11.3s ipdv=566.9ms
seq=865 rtt=11s rd=139.3ms sd=10.8s ipdv=432.3ms
seq=866 rtt=11.6s rd=209ms sd=11.4s ipdv=637.9ms
seq=867 rtt=11.2s rd=112.4ms sd=11s ipdv=452ms
seq=868 rtt=11s rd=71.92ms sd=10.9s ipdv=157.4ms
seq=869 rtt=11.1s rd=101ms sd=11s ipdv=107.3ms
seq=870 rtt=10.7s rd=150.9ms sd=10.6s ipdv=390.5ms
seq=871 rtt=11.3s rd=145ms sd=11.2s ipdv=605.7ms
seq=872 rtt=10.9s rd=129.5ms sd=10.8s ipdv=417.8ms
seq=873 rtt=11.5s rd=199.5ms sd=11.3s ipdv=581ms
seq=874 rtt=11s rd=147ms sd=10.8s ipdv=485.7ms
seq=875 rtt=11.6s rd=112.5ms sd=11.5s ipdv=570.7ms
seq=876 rtt=11.1s rd=129.9ms sd=11s ipdv=421.9ms
seq=877 rtt=11.6s rd=119.1ms sd=11.5s ipdv=491.2ms
seq=878 rtt=11.2s rd=146.9ms sd=11.1s ipdv=403.5ms
seq=879 rtt=10.7s rd=146.9ms sd=10.6s ipdv=499.7ms
seq=880 rtt=11.3s rd=143.7ms sd=11.2s ipdv=570.5ms
seq=881 rtt=10.9s rd=146.6ms sd=10.7s ipdv=421.3ms
seq=882 rtt=11.5s rd=74.46ms sd=11.4s ipdv=569.3ms
seq=883 rtt=11s rd=136.7ms sd=10.9s ipdv=431.3ms
seq=884 rtt=11.7s rd=152.8ms sd=11.5s ipdv=657.1ms
seq=885 rtt=11.3s rd=163.7ms sd=11.1s ipdv=419ms
seq=886 rtt=11.8s rd=218ms sd=11.6s ipdv=515.8ms
seq=887 rtt=11.3s rd=171.6ms sd=11.1s ipdv=481.3ms
seq=888 rtt=11.1s rd=63.1ms sd=11.1s ipdv=167.6ms
seq=889 rtt=11.4s rd=157.7ms sd=11.2s ipdv=233.8ms
seq=890 rtt=10.9s rd=123.1ms sd=10.8s ipdv=463.7ms
seq=891 rtt=11.4s rd=118.2ms sd=11.3s ipdv=488.1ms
seq=892 rtt=11s rd=130.5ms sd=10.8s ipdv=429.7ms
seq=893 rtt=11.6s rd=205.3ms sd=11.4s ipdv=642ms
seq=894 rtt=11.1s rd=155.5ms sd=11s ipdv=475.3ms
seq=895 rtt=11.6s rd=106.4ms sd=11.5s ipdv=498.8ms
seq=896 rtt=11.2s rd=143.9ms sd=11s ipdv=428ms
seq=897 rtt=11.8s rd=156.2ms sd=11.6s ipdv=598.9ms
seq=898 rtt=11.3s rd=114.2ms sd=11.2s ipdv=451.3ms
seq=899 rtt=10.8s rd=114.1ms sd=10.7s ipdv=499.6ms
seq=900 rtt=11.4s rd=116.1ms sd=11.3s ipdv=565.1ms
seq=901 rtt=11s rd=140.4ms sd=10.8s ipdv=431.9ms
seq=902 rtt=11.5s rd=139.1ms sd=11.4s ipdv=576.7ms
seq=903 rtt=11.1s rd=142.6ms sd=11s ipdv=416ms
seq=904 rtt=11.6s rd=123.8ms sd=11.5s ipdv=506.9ms
seq=905 rtt=11.3s rd=104.4ms sd=11.2s ipdv=382ms
seq=906 rtt=11.8s rd=131.8ms sd=11.6s ipdv=521.2ms
seq=907 rtt=11.4s rd=139.5ms sd=11.2s ipdv=423ms
seq=908 rtt=11.9s rd=137.7ms sd=11.7s ipdv=514ms
seq=909 rtt=11.4s rd=137.7ms sd=11.2s ipdv=499.7ms
seq=910 rtt=10.9s rd=144.8ms sd=10.8s ipdv=422.4ms
seq=911 rtt=11.5s rd=113.4ms sd=11.4s ipdv=583.7ms
seq=912 rtt=11.1s rd=119.4ms sd=11s ipdv=445.8ms
seq=913 rtt=11.6s rd=131.3ms sd=11.5s ipdv=520.3ms
seq=914 rtt=11.2s rd=128.7ms sd=11s ipdv=437.6ms
seq=915 rtt=11.7s rd=124.5ms sd=11.6s ipdv=561.4ms
seq=916 rtt=11.3s rd=145.8ms sd=11.2s ipdv=421.9ms
seq=917 rtt=11.9s rd=161.3ms sd=11.7s ipdv=595ms
seq=918 rtt=11.4s rd=85.69ms sd=11.4s ipdv=457.7ms
seq=919 rtt=10.9s rd=85.64ms sd=10.9s ipdv=499.9ms
seq=920 rtt=11.5s rd=135.9ms sd=11.4s ipdv=589.1ms
seq=921 rtt=11.1s rd=124.9ms sd=11s ipdv=436.1ms
seq=922 rtt=11.6s rd=145.8ms sd=11.5s ipdv=537.1ms
seq=923 rtt=11.2s rd=133.6ms sd=11.1s ipdv=438.1ms
seq=924 rtt=11.8s rd=92.63ms sd=11.7s ipdv=564ms
seq=925 rtt=11.3s rd=97.2ms sd=11.2s ipdv=415.1ms
seq=926 rtt=11.9s rd=125.9ms sd=11.7s ipdv=511.1ms
seq=927 rtt=11.5s rd=168.5ms sd=11.3s ipdv=388.2ms
seq=928 rtt=12s rd=165.6ms sd=11.9s ipdv=571ms
seq=929 rtt=11.5s rd=165.5ms sd=11.4s ipdv=499.6ms
seq=930 rtt=11.1s rd=143.3ms sd=11s ipdv=441.3ms
seq=931 rtt=11.6s rd=135.2ms sd=11.5s ipdv=532.1ms
seq=932 rtt=11.2s rd=149.2ms sd=11.1s ipdv=421.3ms
seq=933 rtt=11.8s rd=128.4ms sd=11.6s ipdv=561.5ms
seq=934 rtt=11.3s rd=128.7ms sd=11.2s ipdv=422.5ms
seq=935 rtt=14.5s rd=65.92ms sd=14.5s ipdv=3.19s
seq=936 rtt=14s rd=65.9ms sd=14s ipdv=499.6ms
seq=937 rtt=13.5s rd=65.94ms sd=13.5s ipdv=500ms
seq=938 rtt=13s rd=65.92ms sd=13s ipdv=500.7ms
seq=939 rtt=14.4s rd=125.2ms sd=14.3s ipdv=1.36s
seq=940 rtt=13.9s rd=125.1ms sd=13.8s ipdv=499.7ms
seq=941 rtt=14.5s rd=147ms sd=14.3s ipdv=563.8ms
seq=942 rtt=14s rd=138.1ms sd=13.9s ipdv=427.3ms
seq=943 rtt=14.6s rd=156ms sd=14.4s ipdv=553.8ms
seq=944 rtt=14.1s rd=128.8ms sd=14s ipdv=457.9ms
seq=945 rtt=14.7s rd=117.8ms sd=14.6s ipdv=568.4ms
seq=946 rtt=14.3s rd=148.4ms sd=14.1s ipdv=414.8ms
seq=947 rtt=14.9s rd=207.7ms sd=14.7s ipdv=643.5ms
seq=948 rtt=14.5s rd=188ms sd=14.3s ipdv=456.1ms
seq=949 rtt=14.3s rd=58.08ms sd=14.2s ipdv=170.9ms
seq=950 rtt=14.5s rd=139.7ms sd=14.4s ipdv=211.7ms
seq=951 rtt=14.1s rd=172.2ms sd=13.9s ipdv=402.5ms
seq=952 rtt=14.6s rd=142.2ms sd=14.5s ipdv=495.4ms
seq=953 rtt=14.2s rd=92.54ms sd=14.1s ipdv=434.7ms
seq=954 rtt=14.8s rd=153.5ms sd=14.6s ipdv=607.6ms
seq=955 rtt=14.4s rd=184ms sd=14.2s ipdv=410.6ms
seq=956 rtt=14.9s rd=140.1ms sd=14.7s ipdv=489.8ms
seq=957 rtt=14.4s rd=139.5ms sd=14.3s ipdv=433.9ms
seq=958 rtt=17.2s rd=143.4ms sd=17s ipdv=2.77s
seq=959 rtt=16.7s rd=143.4ms sd=16.5s ipdv=499.7ms
seq=960 rtt=16.2s rd=143.4ms sd=16s ipdv=499.6ms
seq=961 rtt=15.7s rd=143.4ms sd=15.5s ipdv=499.6ms
seq=962 rtt=15.2s rd=143.4ms sd=15s ipdv=500.7ms
seq=964 rtt=14.3s rd=155.5ms sd=14.1s ipdv=n/a
seq=965 rtt=14.8s rd=99.96ms sd=14.7s ipdv=571.9ms
seq=966 rtt=14.4s rd=145.3ms sd=14.3s ipdv=428.1ms
seq=967 rtt=15.1s rd=212.9ms sd=14.9s ipdv=658ms
seq=968 rtt=14.6s rd=207.3ms sd=14.4s ipdv=440.7ms
seq=969 rtt=15.1s rd=150.8ms sd=15s ipdv=487.8ms
seq=970 rtt=14.7s rd=174.5ms sd=14.5s ipdv=407ms
seq=971 rtt=15.3s rd=139.1ms sd=15.1s ipdv=560.1ms
seq=972 rtt=14.8s rd=139.1ms sd=14.6s ipdv=500.7ms
seq=973 rtt=14.3s rd=126.2ms sd=14.2s ipdv=436.9ms
seq=974 rtt=14.9s rd=133.1ms sd=14.7s ipdv=519.5ms
seq=975 rtt=14.4s rd=128.6ms sd=14.3s ipdv=411.3ms
seq=976 rtt=15s rd=189.4ms sd=14.9s ipdv=601.8ms
seq=977 rtt=14.6s rd=127.7ms sd=14.5s ipdv=459.3ms
seq=978 rtt=15.1s rd=137.8ms sd=15s ipdv=505.3ms
seq=979 rtt=14.7s rd=115.8ms sd=14.5s ipdv=429.2ms
seq=980 rtt=15.2s rd=140.5ms sd=15.1s ipdv=583.2ms
seq=981 rtt=14.8s rd=133.7ms sd=14.7s ipdv=428.5ms
seq=982 rtt=15.4s rd=133.4ms sd=15.3s ipdv=565.8ms
seq=983 rtt=15s rd=132ms sd=14.8s ipdv=433.5ms
seq=984 rtt=15.6s rd=232.1ms sd=15.4s ipdv=661.1ms
seq=985 rtt=15.1s rd=166.3ms sd=15s ipdv=465.4ms
seq=986 rtt=15s rd=110.4ms sd=14.9s ipdv=107.7ms
seq=987 rtt=15.1s rd=136.8ms sd=15s ipdv=91.66ms
seq=988 rtt=14.7s rd=154.3ms sd=14.6s ipdv=416.1ms
seq=989 rtt=15.3s rd=109.5ms sd=15.2s ipdv=545.5ms
seq=990 rtt=14.8s rd=94.84ms sd=14.7s ipdv=416.9ms
seq=991 rtt=15.4s rd=138ms sd=15.2s ipdv=522ms
seq=992 rtt=14.9s rd=134.8ms sd=14.8s ipdv=423.3ms
seq=993 rtt=15.5s rd=162.3ms sd=15.3s ipdv=563.2ms
seq=994 rtt=15.1s rd=147.8ms sd=14.9s ipdv=420.4ms
seq=995 rtt=15.6s rd=131.3ms sd=15.5s ipdv=515.3ms
seq=996 rtt=15.2s rd=142.1ms sd=15s ipdv=423.3ms
seq=997 rtt=14.7s rd=142.1ms sd=14.5s ipdv=500.2ms
seq=998 rtt=15.3s rd=204.2ms sd=15.1s ipdv=606.6ms
seq=999 rtt=14.8s rd=156.4ms sd=14.7s ipdv=472.1ms
seq=1000 rtt=15.4s rd=126.9ms sd=15.3s ipdv=580ms
seq=1001 rtt=15s rd=135.6ms sd=14.8s ipdv=422.2ms
seq=1002 rtt=15.6s rd=138.4ms sd=15.4s ipdv=604.6ms
seq=1003 rtt=15.1s rd=153.4ms sd=15s ipdv=426.1ms
seq=1004 rtt=15.7s rd=148.1ms sd=15.5s ipdv=531.9ms
seq=1005 rtt=15.2s rd=126.4ms sd=15.1s ipdv=454.9ms
seq=1006 rtt=15.9s rd=219.9ms sd=15.7s ipdv=662.6ms
seq=1007 rtt=15.4s rd=219.9ms sd=15.2s ipdv=500.8ms
seq=1008 rtt=14.9s rd=149.5ms sd=14.8s ipdv=484.9ms
seq=1009 rtt=15.4s rd=140.4ms sd=15.3s ipdv=488.4ms
seq=1010 rtt=15s rd=155.3ms sd=14.8s ipdv=426.8ms
seq=1011 rtt=15.6s rd=207ms sd=15.4s ipdv=647.9ms
seq=1012 rtt=15.2s rd=98.21ms sd=15.1s ipdv=458.8ms
seq=1013 rtt=15.6s rd=148.4ms sd=15.5s ipdv=488.3ms
seq=1014 rtt=15.2s rd=132.9ms sd=15.1s ipdv=446.6ms
seq=1015 rtt=15.1s rd=61.51ms sd=15s ipdv=134.9ms
seq=1016 rtt=15.3s rd=145.9ms sd=15.1s ipdv=208.4ms
seq=1017 rtt=14.8s rd=151.3ms sd=14.7s ipdv=425ms
seq=1018 rtt=15.4s rd=126ms sd=15.3s ipdv=554.7ms
seq=1019 rtt=15s rd=75.27ms sd=14.9s ipdv=427.8ms
seq=1020 rtt=15.6s rd=124ms sd=15.4s ipdv=582.4ms
seq=1021 rtt=15.1s rd=184.1ms sd=15s ipdv=404.3ms
seq=1022 rtt=15.7s rd=110ms sd=15.5s ipdv=506.4ms
seq=1023 rtt=15.2s rd=158.4ms sd=15.1s ipdv=425.3ms
seq=1024 rtt=15.8s rd=183.6ms sd=15.6s ipdv=578.2ms
seq=1025 rtt=15.4s rd=155.7ms sd=15.2s ipdv=444.2ms
seq=1026 rtt=14.9s rd=155.7ms sd=14.7s ipdv=499.6ms
seq=1027 rtt=15.4s rd=136.9ms sd=15.2s ipdv=511ms
seq=1028 rtt=15s rd=157.1ms sd=14.8s ipdv=407.9ms
seq=1029 rtt=15.6s rd=162.8ms sd=15.4s ipdv=583.9ms
seq=1030 rtt=15.1s rd=146.1ms sd=15s ipdv=437ms
seq=1031 rtt=15.6s rd=144.4ms sd=15.5s ipdv=519.9ms
seq=1032 rtt=15.2s rd=155.6ms sd=15.1s ipdv=406.3ms
seq=1033 rtt=15.8s rd=133.2ms sd=15.6s ipdv=537.4ms
seq=1034 rtt=15.4s rd=142.1ms sd=15.2s ipdv=414.5ms
seq=1035 rtt=16s rd=161.4ms sd=15.8s ipdv=604.3ms
seq=1036 rtt=15.5s rd=161.3ms sd=15.3s ipdv=500ms
seq=1037 rtt=15s rd=77.56ms sd=14.9s ipdv=456.2ms
seq=1038 rtt=15.6s rd=119.9ms sd=15.5s ipdv=580ms
seq=1039 rtt=15.2s rd=128.6ms sd=15s ipdv=422.4ms
seq=1040 rtt=15.7s rd=136.4ms sd=15.5s ipdv=500.3ms
seq=1041 rtt=15.2s rd=136.8ms sd=15.1s ipdv=425.1ms
seq=1042 rtt=15.8s rd=155.6ms sd=15.7s ipdv=579.9ms
seq=1043 rtt=15.4s rd=139ms sd=15.3s ipdv=416.4ms
seq=1044 rtt=15.9s rd=97.54ms sd=15.8s ipdv=494.7ms
seq=1045 rtt=15.5s rd=127.6ms sd=15.3s ipdv=429.9ms
seq=1046 rtt=15s rd=127.6ms sd=14.8s ipdv=499.9ms
seq=1047 rtt=15.5s rd=134.3ms sd=15.4s ipdv=575.8ms
seq=1048 rtt=15.1s rd=152.5ms sd=15s ipdv=412.3ms
seq=1049 rtt=15.6s rd=127ms sd=15.5s ipdv=490ms
seq=1050 rtt=15.2s rd=144.8ms sd=15.1s ipdv=418.5ms
seq=1051 rtt=15.8s rd=79.55ms sd=15.7s ipdv=568ms
seq=1052 rtt=15.3s rd=132.7ms sd=15.2s ipdv=422.5ms
seq=1053 rtt=15.9s rd=136.5ms sd=15.8s ipdv=568.4ms
seq=1054 rtt=15.5s rd=136.6ms sd=15.3s ipdv=432.9ms
seq=1055 rtt=16.1s rd=214.6ms sd=15.9s ipdv=662.9ms
seq=1056 rtt=15.6s rd=214.6ms sd=15.4s ipdv=499.9ms
seq=1057 rtt=15.2s rd=61.47ms sd=15.2s ipdv=423.3ms
seq=1058 rtt=15.7s rd=180.3ms sd=15.5s ipdv=497.3ms
seq=1059 rtt=15.3s rd=171ms sd=15.1s ipdv=443.5ms
seq=1060 rtt=15.8s rd=136.7ms sd=15.7s ipdv=555.3ms
seq=1061 rtt=15.4s rd=129.5ms sd=15.3s ipdv=435ms
seq=1062 rtt=15.9s rd=129ms sd=15.8s ipdv=515.8ms
seq=1063 rtt=15.5s rd=124.2ms sd=15.3s ipdv=434.2ms
seq=1064 rtt=15.3s rd=58.4ms sd=15.3s ipdv=141.5ms
seq=1065 rtt=15.5s rd=173.8ms sd=15.4s ipdv=206.7ms
seq=1066 rtt=15.1s rd=151.4ms sd=15s ipdv=419.8ms
seq=1067 rtt=17.9s rd=158.9ms sd=17.7s ipdv=2.77s
seq=1068 rtt=17.4s rd=158.9ms sd=17.2s ipdv=500.6ms
seq=1069 rtt=16.9s rd=158.9ms sd=16.7s ipdv=499.7ms
seq=1070 rtt=16.4s rd=158.9ms sd=16.2s ipdv=499.5ms
seq=1071 rtt=15.9s rd=158.9ms sd=15.7s ipdv=500.7ms
seq=1072 rtt=15.4s rd=102.2ms sd=15.3s ipdv=447.6ms
seq=1073 rtt=16.1s rd=170.6ms sd=15.9s ipdv=622.6ms
seq=1074 rtt=15.6s rd=137.8ms sd=15.5s ipdv=463.3ms
seq=1075 rtt=16.1s rd=138ms sd=16s ipdv=515.1ms
seq=1076 rtt=15.7s rd=142ms sd=15.5s ipdv=436.9ms
seq=1077 rtt=15.6s rd=49.21ms sd=15.5s ipdv=122.4ms
seq=1078 rtt=15.1s rd=49.16ms sd=15s ipdv=499.6ms
seq=1079 rtt=15.3s rd=124.5ms sd=15.1s ipdv=196.9ms
seq=1080 rtt=14.8s rd=121.6ms sd=14.7s ipdv=428.4ms
seq=1081 rtt=18.8s rd=109.3ms sd=18.7s ipdv=3.96s
seq=1082 rtt=18.3s rd=109.4ms sd=18.2s ipdv=499.5ms
seq=1083 rtt=17.8s rd=109.4ms sd=17.7s ipdv=500.5ms
seq=1084 rtt=17.3s rd=109.3ms sd=17.2s ipdv=499.7ms
seq=1085 rtt=16.8s rd=109.3ms sd=16.7s ipdv=500.4ms
seq=1089 rtt=15.9s rd=133.1ms sd=15.7s ipdv=n/a
seq=1090 rtt=15.4s rd=132.9ms sd=15.3s ipdv=429.1ms
seq=1091 rtt=15.3s rd=63.37ms sd=15.2s ipdv=136.5ms
seq=1092 rtt=15.5s rd=149ms sd=15.4s ipdv=205.3ms
seq=1093 rtt=15.1s rd=135.5ms sd=14.9s ipdv=424.5ms
seq=1094 rtt=15.6s rd=136.1ms sd=15.5s ipdv=515ms
seq=1095 rtt=15.2s rd=132.2ms sd=15s ipdv=426.1ms
seq=1096 rtt=15.7s rd=131.8ms sd=15.6s ipdv=580.4ms
seq=1097 rtt=15.4s rd=214.7ms sd=15.2s ipdv=352.8ms
seq=1098 rtt=15.9s rd=97.79ms sd=15.8s ipdv=458.9ms
seq=1099 rtt=15.4s rd=141.1ms sd=15.3s ipdv=444.3ms
seq=1100 rtt=16s rd=125.3ms sd=15.8s ipdv=552.2ms
seq=1101 rtt=15.5s rd=118.9ms sd=15.4s ipdv=431.5ms
seq=1102 rtt=15s rd=118.9ms sd=14.9s ipdv=499.6ms
seq=1103 rtt=15.6s rd=138.2ms sd=15.5s ipdv=556.6ms
seq=1104 rtt=15.2s rd=131.4ms sd=15s ipdv=429ms
seq=1105 rtt=15.7s rd=106.5ms sd=15.6s ipdv=560.5ms
seq=1106 rtt=15.3s rd=107.6ms sd=15.2s ipdv=400.5ms
seq=1107 rtt=15.9s rd=136.6ms sd=15.7s ipdv=558.7ms
seq=1108 rtt=15.5s rd=142.1ms sd=15.3s ipdv=425.6ms
seq=1109 rtt=16.1s rd=206.8ms sd=15.9s ipdv=649.3ms
seq=1110 rtt=15.7s rd=187.1ms sd=15.5s ipdv=444.5ms
seq=1111 rtt=16.2s rd=160.9ms sd=16s ipdv=512.8ms
seq=1112 rtt=15.7s rd=160.9ms sd=15.5s ipdv=500.7ms
seq=1113 rtt=15.2s rd=159.1ms sd=15.1s ipdv=439.7ms
seq=1114 rtt=15.1s rd=75.81ms sd=15s ipdv=132ms
seq=1115 rtt=15.4s rd=187.3ms sd=15.2s ipdv=282.8ms
seq=1116 rtt=14.9s rd=180ms sd=14.8s ipdv=435.3ms
seq=1117 rtt=14.4s rd=179.9ms sd=14.3s ipdv=499.6ms
seq=1118 rtt=14.9s rd=84.35ms sd=14.8s ipdv=446ms
seq=1119 rtt=14.5s rd=131.5ms sd=14.3s ipdv=436.5ms
seq=1120 rtt=15s rd=136.3ms sd=14.9s ipdv=588.1ms
seq=1121 rtt=14.6s rd=161ms sd=14.5s ipdv=396.1ms
seq=1122 rtt=15.1s rd=122.1ms sd=15s ipdv=479.7ms
seq=1123 rtt=14.7s rd=130.9ms sd=14.6s ipdv=424.6ms
seq=1124 rtt=15.3s rd=100.3ms sd=15.2s ipdv=571.9ms
seq=1125 rtt=14.9s rd=123.8ms sd=14.7s ipdv=423.1ms
seq=1126 rtt=15.4s rd=119.5ms sd=15.3s ipdv=556.6ms
seq=1127 rtt=14.9s rd=119.5ms sd=14.8s ipdv=500.7ms
seq=1128 rtt=14.5s rd=122.6ms sd=14.4s ipdv=423.6ms
seq=1129 rtt=15.1s rd=139.7ms sd=14.9s ipdv=597.2ms
seq=1130 rtt=14.7s rd=142ms sd=14.5s ipdv=424.2ms
seq=1131 rtt=15.2s rd=125.1ms sd=15s ipdv=513.4ms
seq=1132 rtt=14.7s rd=131.3ms sd=14.6s ipdv=425.4ms
seq=1133 rtt=15.3s rd=165.9ms sd=15.2s ipdv=594.8ms
seq=1134 rtt=14.9s rd=104.5ms sd=14.8s ipdv=427.5ms
seq=1135 rtt=15.4s rd=154.8ms sd=15.3s ipdv=532.7ms
seq=1136 rtt=15s rd=131.2ms sd=14.9s ipdv=451.3ms
seq=1137 rtt=14.5s rd=131.2ms sd=14.4s ipdv=499.1ms
seq=1138 rtt=15.1s rd=184.3ms sd=14.9s ipdv=629.6ms
seq=1139 rtt=14.7s rd=232.8ms sd=14.5s ipdv=376.7ms
seq=1140 rtt=15.1s rd=127.7ms sd=15s ipdv=399.2ms
seq=1141 rtt=14.7s rd=128.9ms sd=14.6s ipdv=431.8ms
seq=1142 rtt=15.3s rd=138.1ms sd=15.2s ipdv=606.3ms
seq=1143 rtt=14.9s rd=211.8ms sd=14.7s ipdv=372.2ms
seq=1144 rtt=15.5s rd=202.7ms sd=15.3s ipdv=568.6ms
seq=1145 rtt=15.1s rd=117.9ms sd=15s ipdv=447.9ms
seq=1146 rtt=15.1s rd=255ms sd=14.9s ipdv=36.7ms
seq=1147 rtt=16.3s rd=62.77ms sd=16.2s ipdv=1.16s
seq=1148 rtt=19.2s rd=242.6ms sd=18.9s ipdv=2.92s
seq=1149 rtt=18.7s rd=242.5ms sd=18.4s ipdv=499.6ms
seq=1150 rtt=18.2s rd=242.5ms sd=17.9s ipdv=500.7ms
seq=1151 rtt=17.7s rd=242.5ms sd=17.4s ipdv=499.7ms
seq=1152 rtt=17.2s rd=242.5ms sd=16.9s ipdv=499.5ms
seq=1154 rtt=16.2s rd=127.5ms sd=16.1s ipdv=n/a
seq=1155 rtt=15.7s rd=127.5ms sd=15.6s ipdv=500.6ms
seq=1156 rtt=15.7s rd=161.8ms sd=15.5s ipdv=5.61ms
seq=1157 rtt=15.7s rd=193.9ms sd=15.5s ipdv=36.45ms
seq=1158 rtt=15.3s rd=183.1ms sd=15.1s ipdv=443.6ms
seq=1159 rtt=15.9s rd=201ms sd=15.7s ipdv=608.5ms
seq=1160 rtt=15.4s rd=127.1ms sd=15.3s ipdv=457.9ms
seq=1161 rtt=16s rd=125ms sd=15.8s ipdv=519.1ms
seq=1162 rtt=15.5s rd=120.5ms sd=15.4s ipdv=433.8ms
seq=1163 rtt=16.1s rd=156.5ms sd=16s ipdv=610ms
seq=1164 rtt=15.7s rd=142.2ms sd=15.6s ipdv=422ms
seq=1165 rtt=15.2s rd=142.3ms sd=15.1s ipdv=500.1ms
seq=1166 rtt=15.7s rd=144.4ms sd=15.6s ipdv=525.9ms
seq=1167 rtt=15.3s rd=131.6ms sd=15.2s ipdv=441.1ms
seq=1168 rtt=15.9s rd=131.2ms sd=15.7s ipdv=563.5ms
seq=1169 rtt=15.5s rd=170.1ms sd=15.3s ipdv=387ms
seq=1170 rtt=16s rd=154.8ms sd=15.8s ipdv=506.7ms
seq=1171 rtt=15.5s rd=126.6ms sd=15.4s ipdv=466.8ms
seq=1172 rtt=16.1s rd=125.9ms sd=16s ipdv=583ms
seq=1173 rtt=15.7s rd=76.24ms sd=15.6s ipdv=430.3ms
seq=1174 rtt=16.2s rd=121.7ms sd=16.1s ipdv=513.9ms
seq=1175 rtt=15.7s rd=121.7ms sd=15.6s ipdv=499.6ms
seq=1176 rtt=15.3s rd=135.5ms sd=15.1s ipdv=414.3ms
seq=1177 rtt=15.8s rd=78.56ms sd=15.8s ipdv=574.9ms
seq=1178 rtt=15.4s rd=136.1ms sd=15.3s ipdv=413.8ms
seq=1179 rtt=18.2s rd=126.1ms sd=18.1s ipdv=2.8s
seq=1180 rtt=17.7s rd=126.1ms sd=17.6s ipdv=500.2ms
seq=1181 rtt=17.2s rd=126.1ms sd=17.1s ipdv=500.7ms
seq=1182 rtt=16.7s rd=126.1ms sd=16.6s ipdv=499.2ms
seq=1183 rtt=16.2s rd=126.1ms sd=16.1s ipdv=500.3ms
seq=1184 rtt=15.8s rd=123.1ms sd=15.7s ipdv=434.7ms
seq=1185 rtt=16.5s rd=257.7ms sd=16.3s ipdv=712.7ms
seq=1186 rtt=16s rd=214.1ms sd=15.8s ipdv=494.3ms
seq=1187 rtt=16.4s rd=119.9ms sd=16.3s ipdv=429.9ms
seq=1188 rtt=16.1s rd=224.7ms sd=15.9s ipdv=323.9ms
seq=1189 rtt=17.8s rd=137.7ms sd=17.6s ipdv=1.65s
seq=1190 rtt=18.3s rd=120.3ms sd=18.2s ipdv=574.5ms
seq=1191 rtt=17.8s rd=120.3ms sd=17.7s ipdv=500ms
seq=1192 rtt=17.4s rd=137.4ms sd=17.3s ipdv=412.1ms
seq=1193 rtt=18s rd=97.53ms sd=17.9s ipdv=555ms
seq=1194 rtt=17.6s rd=80.23ms sd=17.5s ipdv=441.2ms
seq=1195 rtt=17.6s rd=164.9ms sd=17.4s ipdv=19.15ms
seq=1196 rtt=17.6s rd=122.9ms sd=17.5s ipdv=4.45ms
seq=1197 rtt=17.2s rd=151.1ms sd=17s ipdv=420ms
seq=1198 rtt=16.7s rd=138.1ms sd=16.6s ipdv=426.2ms
seq=1199 rtt=16.8s rd=182.6ms sd=16.6s ipdv=71.75ms
seq=1200 rtt=16.7s rd=132.2ms sd=16.6s ipdv=55.8ms
seq=1201 rtt=16.3s rd=137.3ms sd=16.2s ipdv=431.2ms
seq=1202 rtt=16.3s rd=77.08ms sd=16.2s ipdv=59.91ms
seq=1203 rtt=16.4s rd=173.4ms sd=16.2s ipdv=137.5ms
seq=1204 rtt=15.9s rd=149.8ms sd=15.8s ipdv=442.3ms
seq=1205 rtt=15.5s rd=165.7ms sd=15.3s ipdv=449.5ms
seq=1206 rtt=16s rd=126.5ms sd=15.8s ipdv=455.1ms
seq=1207 rtt=15.5s rd=105.5ms sd=15.4s ipdv=443.1ms
seq=1208 rtt=15.4s rd=89.02ms sd=15.3s ipdv=98.95ms
seq=1209 rtt=15.6s rd=151.9ms sd=15.4s ipdv=176.6ms
seq=1210 rtt=15.1s rd=113.9ms sd=15s ipdv=442.9ms
seq=1211 rtt=15.7s rd=131.2ms sd=15.5s ipdv=526.7ms
seq=1212 rtt=15.2s rd=112.2ms sd=15.1s ipdv=447ms
seq=1213 rtt=15.9s rd=215.6ms sd=15.6s ipdv=637.4ms
seq=1214 rtt=15.4s rd=169.5ms sd=15.2s ipdv=461ms
seq=1215 rtt=16s rd=175.4ms sd=15.8s ipdv=590.5ms
seq=1216 rtt=15.5s rd=146.4ms sd=15.4s ipdv=455.5ms
seq=1217 rtt=16.1s rd=164.1ms sd=16s ipdv=595.2ms
seq=1218 rtt=15.7s rd=168.7ms sd=15.5s ipdv=430.3ms
seq=1219 rtt=15.2s rd=168.7ms sd=15s ipdv=499.7ms
seq=1220 rtt=15.7s rd=121ms sd=15.6s ipdv=480.6ms
seq=1221 rtt=15.2s rd=93.48ms sd=15.1s ipdv=440.4ms
seq=1222 rtt=15.9s rd=200.6ms sd=15.7s ipdv=662.5ms
seq=1223 rtt=15.4s rd=194.4ms sd=15.2s ipdv=461.6ms
seq=1224 rtt=15.9s rd=140.8ms sd=15.8s ipdv=490.2ms
seq=1225 rtt=15.5s rd=140.3ms sd=15.4s ipdv=430.8ms
seq=1226 rtt=16.1s rd=137.9ms sd=16s ipdv=586.6ms
seq=1227 rtt=15.7s rd=175.5ms sd=15.5s ipdv=386.6ms
seq=1228 rtt=15.5s rd=68.38ms sd=15.5s ipdv=154.8ms
seq=1229 rtt=15.7s rd=128.1ms sd=15.6s ipdv=132ms
seq=1230 rtt=15.3s rd=105.5ms sd=15.2s ipdv=422.6ms
seq=1231 rtt=15.9s rd=199.9ms sd=15.7s ipdv=643.8ms
seq=1232 rtt=15.4s rd=172.1ms sd=15.3s ipdv=452.3ms
seq=1233 rtt=16s rd=135.4ms sd=15.8s ipdv=531.6ms
seq=1234 rtt=15.6s rd=139.7ms sd=15.4s ipdv=423.7ms
seq=1235 rtt=16.1s rd=114.3ms sd=16s ipdv=571.9ms
seq=1236 rtt=15.7s rd=157ms sd=15.6s ipdv=402.2ms
seq=1237 rtt=16.2s rd=103ms sd=16.1s ipdv=500.3ms
seq=1238 rtt=15.7s rd=103ms sd=15.6s ipdv=500.2ms
seq=1239 rtt=15.3s rd=129.9ms sd=15.2s ipdv=430.4ms
seq=1240 rtt=15.9s rd=137.7ms sd=15.7s ipdv=562.1ms
seq=1241 rtt=15.4s rd=137.6ms sd=15.3s ipdv=423.5ms
seq=1242 rtt=15.9s rd=121.8ms sd=15.8s ipdv=497.4ms
seq=1243 rtt=15.5s rd=126.1ms sd=15.4s ipdv=426.7ms
seq=1244 rtt=16.1s rd=144.5ms sd=15.9s ipdv=575.2ms
seq=1245 rtt=15.6s rd=122.9ms sd=15.5s ipdv=438.5ms
seq=1246 rtt=16.2s rd=202.3ms sd=16s ipdv=590.5ms
seq=1247 rtt=15.8s rd=179.1ms sd=15.6s ipdv=457.9ms
seq=1248 rtt=15.3s rd=179.2ms sd=15.1s ipdv=499.8ms
seq=1249 rtt=15.8s rd=104.8ms sd=15.7s ipdv=530.7ms
seq=1250 rtt=15.4s rd=169.1ms sd=15.2s ipdv=388.5ms
seq=1251 rtt=16s rd=71.26ms sd=15.9s ipdv=548.3ms
seq=1252 rtt=15.5s rd=99.3ms sd=15.4s ipdv=431ms
seq=1253 rtt=16.1s rd=85.32ms sd=16s ipdv=572ms
seq=1254 rtt=15.7s rd=143.3ms sd=15.5s ipdv=424.9ms
seq=1255 rtt=16.2s rd=119.8ms sd=16.1s ipdv=518.3ms
seq=1256 rtt=15.8s rd=128.6ms sd=15.6s ipdv=431.8ms
seq=1257 rtt=15.6s rd=60.35ms sd=15.6s ipdv=122.2ms
seq=1258 rtt=15.9s rd=206.2ms sd=15.7s ipdv=292.2ms
seq=1259 rtt=15.5s rd=141.6ms sd=15.3s ipdv=461.8ms
seq=1260 rtt=16s rd=192.4ms sd=15.8s ipdv=549.1ms
seq=1261 rtt=15.6s rd=218.4ms sd=15.4s ipdv=419.8ms
seq=1262 rtt=16.1s rd=141.1ms sd=16s ipdv=524.7ms
seq=1263 rtt=15.7s rd=114.5ms sd=15.6s ipdv=422.2ms
seq=1264 rtt=16.2s rd=122.3ms sd=16.1s ipdv=504.4ms
seq=1265 rtt=15.8s rd=120ms sd=15.7s ipdv=430.9ms
seq=1266 rtt=16.4s rd=187.3ms sd=16.2s ipdv=633.5ms
seq=1267 rtt=15.9s rd=187.1ms sd=15.7s ipdv=500.6ms
seq=1268 rtt=15.6s rd=312.7ms sd=15.3s ipdv=297.7ms
seq=1269 rtt=16s rd=130.5ms sd=15.9s ipdv=391.4ms
seq=1270 rtt=15.6s rd=137.1ms sd=15.4s ipdv=421.2ms
seq=1271 rtt=16.2s rd=111.2ms sd=16.1s ipdv=602.5ms
seq=1272 rtt=15.8s rd=128.4ms sd=15.6s ipdv=434.5ms
seq=1273 rtt=16.3s rd=126.3ms sd=16.1s ipdv=519.4ms
seq=1274 rtt=15.8s rd=126.4ms sd=15.7s ipdv=431.3ms
seq=1275 rtt=16.4s rd=145.1ms sd=16.3s ipdv=591.9ms
seq=1276 rtt=16s rd=175.6ms sd=15.9s ipdv=387.6ms
seq=1277 rtt=15.5s rd=175.6ms sd=15.4s ipdv=499.5ms
seq=1278 rtt=16s rd=142.7ms sd=15.9s ipdv=490.7ms
seq=1279 rtt=15.6s rd=165.7ms sd=15.5s ipdv=413ms
seq=1280 rtt=16.2s rd=132.8ms sd=16s ipdv=554.4ms
seq=1281 rtt=15.8s rd=146.2ms sd=15.6s ipdv=407.1ms
seq=1282 rtt=16.3s rd=142.2ms sd=16.1s ipdv=505.2ms
seq=1283 rtt=15.8s rd=138.1ms sd=15.7s ipdv=435ms
seq=1284 rtt=16.4s rd=58.68ms sd=16.4s ipdv=581.9ms
seq=1285 rtt=16s rd=78.46ms sd=15.9s ipdv=424.1ms
seq=1286 rtt=16.6s rd=120ms sd=16.4s ipdv=564ms
seq=1287 rtt=16.1s rd=120ms sd=15.9s ipdv=500.7ms
seq=1288 rtt=15.6s rd=135.2ms sd=15.5s ipdv=427.2ms
seq=1289 rtt=16.3s rd=253.9ms sd=16.1s ipdv=701.6ms
seq=1290 rtt=15.9s rd=205.8ms sd=15.7s ipdv=464.4ms
seq=1291 rtt=16.3s rd=138.1ms sd=16.2s ipdv=458.6ms
seq=1292 rtt=15.9s rd=143.1ms sd=15.8s ipdv=426.9ms
seq=1293 rtt=16.5s rd=146.9ms sd=16.3s ipdv=570.8ms
seq=1294 rtt=16.1s rd=127.5ms sd=15.9s ipdv=419ms
seq=1295 rtt=16.5s rd=93.88ms sd=16.4s ipdv=438.5ms
seq=1296 rtt=16.1s rd=119.8ms sd=15.9s ipdv=429.3ms
seq=1297 rtt=15.6s rd=133.7ms sd=15.5s ipdv=419.4ms
seq=1298 rtt=15.6s rd=94.06ms sd=15.5s ipdv=88.85ms
seq=1299 rtt=15.7s rd=173.3ms sd=15.6s ipdv=177.9ms
seq=1300 rtt=15.3s rd=154.6ms sd=15.2s ipdv=418.2ms
seq=1301 rtt=15.9s rd=186.5ms sd=15.7s ipdv=578.8ms
seq=1302 rtt=15.4s rd=164.4ms sd=15.3s ipdv=452ms
seq=1303 rtt=16.1s rd=239.5ms sd=15.9s ipdv=653.2ms
seq=1304 rtt=15.6s rd=190.1ms sd=15.4s ipdv=464.2ms
seq=1305 rtt=16.2s rd=139ms sd=16s ipdv=552.5ms
seq=1306 rtt=15.8s rd=146.1ms sd=15.6s ipdv=423.4ms
seq=1307 rtt=15.6s rd=60ms sd=15.6s ipdv=133.9ms
seq=1308 rtt=15.8s rd=129.6ms sd=15.7s ipdv=197.6ms
seq=1309 rtt=15.5s rd=175.4ms sd=15.3s ipdv=369.4ms
seq=1310 rtt=15.9s rd=116.8ms sd=15.8s ipdv=473ms
seq=1311 rtt=15.5s rd=132.4ms sd=15.4s ipdv=428.2ms
seq=1312 rtt=16.2s rd=274.9ms sd=15.9s ipdv=715.1ms
seq=1313 rtt=15.8s rd=218.2ms sd=15.5s ipdv=457.1ms
seq=1314 rtt=16.2s rd=125ms sd=16.1s ipdv=451.9ms
seq=1315 rtt=15.8s rd=125.7ms sd=15.7s ipdv=422.6ms
seq=1316 rtt=16.4s rd=172.5ms sd=16.3s ipdv=634.7ms
seq=1317 rtt=15.9s rd=172.5ms sd=15.8s ipdv=499.6ms
seq=1318 rtt=15.5s rd=140ms sd=15.3s ipdv=442.1ms
seq=1319 rtt=16s rd=141.4ms sd=15.9s ipdv=531ms
seq=1320 rtt=15.6s rd=158.6ms sd=15.4s ipdv=408.1ms
seq=1321 rtt=16.2s rd=130ms sd=16s ipdv=545.5ms
seq=1322 rtt=15.7s rd=133.8ms sd=15.6s ipdv=421.4ms
seq=1323 rtt=18.6s rd=207.7ms sd=18.4s ipdv=2.87s
seq=1324 rtt=18.1s rd=207.8ms sd=17.9s ipdv=500.2ms
seq=1325 rtt=17.6s rd=207.8ms sd=17.4s ipdv=499.7ms
seq=1326 rtt=17.1s rd=207.8ms sd=16.9s ipdv=500.4ms
seq=1327 rtt=16.6s rd=207.8ms sd=16.4s ipdv=499ms
seq=1328 rtt=16.1s rd=182.5ms sd=16s ipdv=458.4ms
seq=1329 rtt=16.7s rd=109ms sd=16.6s ipdv=526.9ms
seq=1330 rtt=16.2s rd=139.9ms sd=16.1s ipdv=423.7ms
seq=1331 rtt=16.2s rd=98.12ms sd=16.1s ipdv=42.25ms
seq=1332 rtt=16.2s rd=86.76ms sd=16.1s ipdv=11ms
seq=1333 rtt=15.8s rd=118.9ms sd=15.6s ipdv=425.4ms
seq=1334 rtt=15.4s rd=163.9ms sd=15.2s ipdv=393.1ms
seq=1335 rtt=15.9s rd=175.3ms sd=15.8s ipdv=558.8ms
seq=1336 rtt=15.5s rd=137.4ms sd=15.4s ipdv=408.1ms
seq=1337 rtt=16s rd=112.8ms sd=15.9s ipdv=494.2ms
seq=1338 rtt=15.6s rd=158.8ms sd=15.5s ipdv=388.4ms
seq=1339 rtt=15.5s rd=62.83ms sd=15.4s ipdv=145.4ms
seq=1340 rtt=15.7s rd=176.6ms sd=15.5s ipdv=195.9ms
seq=1341 rtt=15.3s rd=202.4ms sd=15.1s ipdv=387.4ms
seq=1342 rtt=15.8s rd=124.3ms sd=15.7s ipdv=537.7ms
seq=1343 rtt=15.4s rd=153.5ms sd=15.3s ipdv=406.3ms
seq=1344 rtt=16s rd=155.3ms sd=15.9s ipdv=588.2ms
seq=1345 rtt=15.6s rd=69.48ms sd=15.5s ipdv=462.1ms
seq=1346 rtt=16.1s rd=139.9ms sd=16s ipdv=545.1ms
seq=1347 rtt=15.7s rd=125.8ms sd=15.5s ipdv=432.9ms
seq=1348 rtt=16.3s rd=154.8ms sd=16.1s ipdv=594.4ms
seq=1349 rtt=15.8s rd=90.06ms sd=15.7s ipdv=464.9ms
seq=1350 rtt=15.3s rd=90.06ms sd=15.2s ipdv=500.6ms
seq=1351 rtt=15.8s rd=125.7ms sd=15.7s ipdv=524.5ms
seq=1352 rtt=15.4s rd=124.4ms sd=15.3s ipdv=433.4ms
seq=1353 rtt=16s rd=143.3ms sd=15.8s ipdv=576ms
seq=1354 rtt=15.5s rd=124.4ms sd=15.4s ipdv=431.4ms
seq=1355 rtt=16.1s rd=112.8ms sd=16s ipdv=547.4ms
seq=1356 rtt=15.7s rd=173.3ms sd=15.5s ipdv=406.7ms
seq=1357 rtt=18.5s rd=190.9ms sd=18.3s ipdv=2.86s
seq=1358 rtt=18s rd=190.8ms sd=17.8s ipdv=500.7ms
seq=1359 rtt=19.7s rd=137.2ms sd=19.6s ipdv=1.67s
seq=1360 rtt=19.2s rd=137.2ms sd=19.1s ipdv=499.7ms
seq=1361 rtt=18.7s rd=137.2ms sd=18.6s ipdv=500.3ms
seq=1362 rtt=18.2s rd=137.2ms sd=18.1s ipdv=499.6ms
seq=1363 rtt=17.7s rd=137.2ms sd=17.6s ipdv=500.3ms
seq=1366 rtt=16.3s rd=129.9ms sd=16.2s ipdv=n/a
seq=1367 rtt=16.8s rd=126.2ms sd=16.6s ipdv=477.5ms
seq=1368 rtt=16.3s rd=101.8ms sd=16.2s ipdv=427.6ms
seq=1369 rtt=16.9s rd=162.5ms sd=16.8s ipdv=598.5ms
seq=1370 rtt=16.5s rd=140.7ms sd=16.4s ipdv=433.5ms
seq=1371 rtt=17s rd=132.8ms sd=16.9s ipdv=527.1ms
seq=1372 rtt=16.5s rd=132.7ms sd=16.4s ipdv=500.2ms
seq=1373 rtt=16.1s rd=164ms sd=16s ipdv=404.7ms
seq=1374 rtt=16.7s rd=159ms sd=16.5s ipdv=574.7ms
seq=1375 rtt=16.3s rd=134.5ms sd=16.1s ipdv=444.5ms
seq=1376 rtt=16.8s rd=142.6ms sd=16.7s ipdv=583.7ms
seq=1377 rtt=16.4s rd=131ms sd=16.3s ipdv=446ms
seq=1378 rtt=17s rd=162.8ms sd=16.8s ipdv=603.4ms
seq=1379 rtt=16.6s rd=118ms sd=16.4s ipdv=447.8ms
seq=1380 rtt=17.1s rd=126.2ms sd=17s ipdv=523.1ms
seq=1381 rtt=16.7s rd=145.9ms sd=16.5s ipdv=413.7ms
seq=1382 rtt=16.2s rd=145.9ms sd=16s ipdv=500.7ms
seq=1383 rtt=16.7s rd=88.01ms sd=16.6s ipdv=573.1ms
seq=1384 rtt=16.3s rd=141.6ms sd=16.2s ipdv=411.1ms
seq=1385 rtt=16.8s rd=133.1ms sd=16.7s ipdv=513.4ms
seq=1386 rtt=16.4s rd=139.3ms sd=16.3s ipdv=423.5ms
seq=1387 rtt=19.2s rd=156ms sd=19.1s ipdv=2.81s
seq=1388 rtt=18.7s rd=156ms sd=18.6s ipdv=499.2ms
seq=1389 rtt=18.2s rd=156ms sd=18.1s ipdv=500.7ms
seq=1390 rtt=17.7s rd=156ms sd=17.6s ipdv=499.4ms
seq=1391 rtt=17.2s rd=156ms sd=17.1s ipdv=500.8ms
seq=1392 rtt=16.8s rd=79.58ms sd=16.7s ipdv=453.3ms
seq=1393 rtt=17.4s rd=149.1ms sd=17.2s ipdv=590.1ms
seq=1394 rtt=16.9s rd=69.58ms sd=16.9s ipdv=436.6ms
seq=1395 rtt=17.5s rd=115.9ms sd=17.4s ipdv=557.4ms
seq=1396 rtt=17.1s rd=128.4ms sd=16.9s ipdv=416.6ms
seq=1397 rtt=17.6s rd=117.2ms sd=17.5s ipdv=513.8ms
seq=1398 rtt=17.2s rd=148.1ms sd=17s ipdv=425.8ms
seq=1399 rtt=17.8s rd=204.2ms sd=17.6s ipdv=641.9ms
seq=1400 rtt=17.3s rd=167.7ms sd=17.2s ipdv=449.3ms
seq=1401 rtt=17.3s rd=127.9ms sd=17.1s ipdv=92.4ms
seq=1402 rtt=17.3s rd=78.42ms sd=17.3s ipdv=73.85ms
seq=1403 rtt=16.9s rd=124.2ms sd=16.8s ipdv=419.5ms
seq=1404 rtt=17.5s rd=104.9ms sd=17.4s ipdv=555.2ms
seq=1405 rtt=17s rd=109.8ms sd=16.9s ipdv=421.1ms
seq=1406 rtt=17.6s rd=94.97ms sd=17.5s ipdv=508.5ms
seq=1407 rtt=17.1s rd=112.9ms sd=17s ipdv=436.6ms
seq=1408 rtt=17.7s rd=170ms sd=17.5s ipdv=586.2ms
seq=1409 rtt=17.3s rd=134.8ms sd=17.1s ipdv=429.3ms
seq=1410 rtt=17.8s rd=121.8ms sd=17.7s ipdv=564.1ms
seq=1411 rtt=17.4s rd=101ms sd=17.3s ipdv=428.6ms
seq=1412 rtt=16.9s rd=100.9ms sd=16.8s ipdv=499.6ms
seq=1413 rtt=17.5s rd=148.8ms sd=17.3s ipdv=578.8ms
seq=1414 rtt=17.1s rd=134.2ms sd=16.9s ipdv=429.4ms
seq=1415 rtt=17.6s rd=105.4ms sd=17.5s ipdv=515.2ms
seq=1416 rtt=17.1s rd=116.9ms sd=17s ipdv=435.1ms
seq=1417 rtt=17.7s rd=143.3ms sd=17.6s ipdv=557.8ms
seq=1418 rtt=17.3s rd=127.4ms sd=17.1s ipdv=421.8ms
seq=1419 rtt=17.8s rd=128ms sd=17.7s ipdv=511.1ms
seq=1420 rtt=17.4s rd=135.9ms sd=17.2s ipdv=424.2ms
seq=1421 rtt=18s rd=136.1ms sd=17.8s ipdv=589.7ms
seq=1422 rtt=17.5s rd=136.1ms sd=17.3s ipdv=500.7ms
seq=1423 rtt=17s rd=134.8ms sd=16.9s ipdv=424.9ms
seq=1424 rtt=17.6s rd=151.5ms sd=17.4s ipdv=529.8ms
seq=1425 rtt=17.1s rd=133.6ms sd=17s ipdv=448.2ms
seq=1426 rtt=20s rd=129.4ms sd=19.8s ipdv=2.86s
seq=1427 rtt=19.5s rd=129.3ms sd=19.3s ipdv=499.6ms
seq=1428 rtt=19s rd=129.4ms sd=18.8s ipdv=500.1ms
seq=1429 rtt=18.5s rd=129.4ms sd=18.3s ipdv=500.3ms
seq=1430 rtt=18s rd=126.4ms sd=17.9s ipdv=429.8ms
seq=1431 rtt=17.5s rd=126.5ms sd=17.4s ipdv=499.4ms
seq=1432 rtt=18.1s rd=130.4ms sd=17.9s ipdv=524.8ms
seq=1433 rtt=17.6s rd=131.1ms sd=17.5s ipdv=430.4ms
seq=1434 rtt=18.2s rd=162.9ms sd=18s ipdv=572.5ms
seq=1435 rtt=17.8s rd=135.9ms sd=17.6s ipdv=427.5ms
seq=1436 rtt=18.4s rd=172ms sd=18.2s ipdv=603.2ms
seq=1437 rtt=17.9s rd=181ms sd=17.7s ipdv=463.3ms
seq=1438 rtt=18.5s rd=160.7ms sd=18.3s ipdv=564.8ms
seq=1439 rtt=18s rd=87.36ms sd=18s ipdv=446ms
seq=1440 rtt=18.5s rd=131.3ms sd=18.4s ipdv=500.7ms
seq=1441 rtt=18s rd=131.3ms sd=17.9s ipdv=499.6ms
seq=1442 rtt=17.6s rd=127.3ms sd=17.5s ipdv=433.7ms
seq=1443 rtt=18.2s rd=135.1ms sd=18.1s ipdv=588.7ms
seq=1444 rtt=17.8s rd=123.5ms sd=17.7s ipdv=416.5ms
seq=1445 rtt=18.3s rd=122.9ms sd=18.2s ipdv=563.3ms
seq=1446 rtt=18s rd=164.7ms sd=17.8s ipdv=386.1ms
seq=1447 rtt=18.5s rd=127ms sd=18.4s ipdv=535.2ms
seq=1448 rtt=18.1s rd=144.2ms sd=17.9s ipdv=411.8ms
seq=1449 rtt=18.6s rd=124.8ms sd=18.4s ipdv=493.3ms
seq=1450 rtt=18.2s rd=193.1ms sd=18s ipdv=359.4ms
seq=1451 rtt=17.7s rd=193.1ms sd=17.5s ipdv=499.8ms
seq=1452 rtt=18.3s rd=215.3ms sd=18.1s ipdv=603.1ms
seq=1453 rtt=17.9s rd=136.3ms sd=17.7s ipdv=442.7ms
seq=1454 rtt=18.4s rd=151.7ms sd=18.2s ipdv=493.9ms
seq=1455 rtt=17.9s rd=133.5ms sd=17.8s ipdv=454.6ms
seq=1456 rtt=18.5s rd=145.1ms sd=18.3s ipdv=573.1ms
seq=1457 rtt=18.1s rd=149.8ms sd=18s ipdv=385.3ms
seq=1458 rtt=18.6s rd=131ms sd=18.4s ipdv=479.2ms
seq=1459 rtt=18.2s rd=117ms sd=18s ipdv=414.8ms
seq=1460 rtt=18s rd=58.56ms sd=18s ipdv=135.9ms
seq=1461 rtt=20.6s rd=227.5ms sd=20.4s ipdv=2.56s
seq=1462 rtt=20.1s rd=227.5ms sd=19.9s ipdv=500.7ms
seq=1463 rtt=19.6s rd=227.5ms sd=19.4s ipdv=499.2ms
seq=1464 rtt=19.1s rd=227.5ms sd=18.9s ipdv=500.7ms
seq=1465 rtt=18.6s rd=99.73ms sd=18.5s ipdv=458.1ms
seq=1466 rtt=19.1s rd=120.8ms sd=19s ipdv=465.7ms
seq=1467 rtt=18.7s rd=128ms sd=18.5s ipdv=426.1ms
seq=1468 rtt=19.3s rd=138.6ms sd=19.1s ipdv=587.4ms
seq=1469 rtt=18.8s rd=121.2ms sd=18.7s ipdv=441.2ms
seq=1470 rtt=18.7s rd=97.76ms sd=18.6s ipdv=96.16ms
seq=1471 rtt=18.8s rd=131.1ms sd=18.7s ipdv=117.6ms
seq=1472 rtt=18.4s rd=116.6ms sd=18.3s ipdv=437.1ms
seq=1473 rtt=19s rd=122.3ms sd=18.8s ipdv=572.2ms
seq=1474 rtt=18.5s rd=107.5ms sd=18.4s ipdv=424.3ms
seq=1475 rtt=19.1s rd=57.26ms sd=19s ipdv=510.1ms
seq=1476 rtt=18.6s rd=126.7ms sd=18.5s ipdv=424.9ms
seq=1477 rtt=19.3s rd=209.3ms sd=19.1s ipdv=645ms
seq=1478 rtt=18.8s rd=177.9ms sd=18.6s ipdv=455.4ms
seq=1479 rtt=19.4s rd=142.1ms sd=19.2s ipdv=535.3ms
seq=1480 rtt=18.9s rd=142.1ms sd=18.7s ipdv=499.5ms
seq=1481 rtt=18.4s rd=133.5ms sd=18.3s ipdv=431.2ms
seq=1482 rtt=19s rd=130.1ms sd=18.9s ipdv=587.8ms
seq=1483 rtt=18.6s rd=130.7ms sd=18.5s ipdv=423.7ms
seq=1484 rtt=19.1s rd=131.4ms sd=19s ipdv=514.6ms
seq=1485 rtt=18.7s rd=97.96ms sd=18.6s ipdv=382.6ms
seq=1486 rtt=19.3s rd=108.4ms sd=19.2s ipdv=544.3ms
seq=1487 rtt=18.8s rd=132.3ms sd=18.7s ipdv=424.4ms
seq=1488 rtt=19.3s rd=124.5ms sd=19.2s ipdv=502.9ms
seq=1489 rtt=19s rd=131.5ms sd=18.8s ipdv=380.1ms
seq=1490 rtt=18.5s rd=131.4ms sd=18.3s ipdv=500.7ms
seq=1491 rtt=19s rd=122.2ms sd=18.9s ipdv=533.2ms
seq=1492 rtt=18.6s rd=144ms sd=18.4s ipdv=413.6ms
seq=1493 rtt=19.1s rd=120ms sd=19s ipdv=509.8ms
seq=1494 rtt=18.7s rd=120.8ms sd=18.6s ipdv=421.6ms
seq=1495 rtt=19.3s rd=160.2ms sd=19.1s ipdv=581.5ms
seq=1496 rtt=18.8s rd=117.3ms sd=18.7s ipdv=438.6ms
seq=1497 rtt=21.6s rd=117.2ms sd=21.5s ipdv=2.83s
seq=1498 rtt=21.1s rd=117.2ms sd=21s ipdv=499.6ms
seq=1499 rtt=20.6s rd=117.2ms sd=20.5s ipdv=500.6ms
seq=1500 rtt=20.1s rd=117.2ms sd=20s ipdv=499.3ms
seq=1501 rtt=19.6s rd=117.2ms sd=19.5s ipdv=500.8ms
seq=1502 rtt=19.3s rd=155.7ms sd=19.1s ipdv=391.8ms
seq=1503 rtt=19.8s rd=121.8ms sd=19.7s ipdv=549ms
seq=1504 rtt=19.4s rd=108.4ms sd=19.3s ipdv=405.8ms
seq=1505 rtt=19.9s rd=109ms sd=19.8s ipdv=484.6ms
seq=1506 rtt=19.4s rd=111.9ms sd=19.3s ipdv=432.1ms
seq=1507 rtt=20s rd=57.79ms sd=20s ipdv=558.7ms
seq=1508 rtt=19.6s rd=119.9ms sd=19.5s ipdv=428.8ms
seq=1509 rtt=20.1s rd=121.8ms sd=20s ipdv=515.5ms
seq=1510 rtt=19.6s rd=121.8ms sd=19.5s ipdv=500.6ms
seq=1511 rtt=19.2s rd=124.5ms sd=19s ipdv=422.5ms
seq=1512 rtt=19.8s rd=203.2ms sd=19.6s ipdv=651.7ms
seq=1513 rtt=19.4s rd=186ms sd=19.2s ipdv=434.1ms
seq=1514 rtt=19.9s rd=129.5ms sd=19.8s ipdv=520.7ms
seq=1515 rtt=19.5s rd=131.4ms sd=19.4s ipdv=423.2ms
seq=1516 rtt=20.1s rd=162.5ms sd=19.9s ipdv=599ms
seq=1517 rtt=19.7s rd=140.2ms sd=19.5s ipdv=427.4ms
seq=1518 rtt=20.2s rd=142.2ms sd=20s ipdv=528.2ms
seq=1519 rtt=19.7s rd=103.8ms sd=19.6s ipdv=443.6ms
seq=1520 rtt=19.2s rd=103.8ms sd=19.1s ipdv=499.6ms
seq=1521 rtt=19.8s rd=159.2ms sd=19.7s ipdv=600.6ms
seq=1522 rtt=19.5s rd=184.7ms sd=19.3s ipdv=392.9ms
seq=1523 rtt=22.3s rd=233.7ms sd=22s ipdv=2.82s
seq=1524 rtt=21.8s rd=233.7ms sd=21.5s ipdv=499.6ms
seq=1525 rtt=21.3s rd=233.7ms sd=21s ipdv=499.7ms
seq=1526 rtt=20.8s rd=233.7ms sd=20.5s ipdv=500.6ms
seq=1527 rtt=20.3s rd=233.7ms sd=20s ipdv=500.2ms
seq=1528 rtt=19.8s rd=127.2ms sd=19.7s ipdv=456.4ms
seq=1529 rtt=20.4s rd=209ms sd=20.2s ipdv=574.1ms
seq=1530 rtt=19.9s rd=177.2ms sd=19.8s ipdv=456.6ms
seq=1531 rtt=20.5s rd=119.1ms sd=20.3s ipdv=526.9ms
seq=1532 rtt=20s rd=133.2ms sd=19.9s ipdv=423.1ms
seq=1533 rtt=19.5s rd=133.2ms sd=19.4s ipdv=500.7ms
seq=1534 rtt=20.1s rd=165.7ms sd=20s ipdv=600.7ms
seq=1535 rtt=19.7s rd=147.8ms sd=19.5s ipdv=440.4ms
seq=1536 rtt=20.2s rd=125.7ms sd=20.1s ipdv=519.5ms
seq=1537 rtt=19.8s rd=133ms sd=19.7s ipdv=429.9ms
seq=1538 rtt=20.4s rd=142.3ms sd=20.2s ipdv=571.6ms
seq=1539 rtt=19.9s rd=140.2ms sd=19.8s ipdv=417ms
seq=1540 rtt=20.5s rd=148ms sd=20.3s ipdv=537.3ms
seq=1541 rtt=20s rd=126.5ms sd=19.9s ipdv=448.3ms
seq=1542 rtt=20.6s rd=133.9ms sd=20.5s ipdv=567.3ms
seq=1543 rtt=20.1s rd=133.9ms sd=20s ipdv=499.4ms
seq=1544 rtt=19.7s rd=124.3ms sd=19.5s ipdv=436.5ms
seq=1545 rtt=20.2s rd=128.4ms sd=20.1s ipdv=533ms
seq=1546 rtt=19.8s rd=89.13ms sd=19.7s ipdv=406.5ms
seq=1547 rtt=20.3s rd=127.1ms sd=20.2s ipdv=539.3ms
seq=1548 rtt=19.9s rd=132.4ms sd=19.8s ipdv=420.4ms
seq=1549 rtt=20.5s rd=125.5ms sd=20.3s ipdv=554.1ms
seq=1550 rtt=20s rd=126.4ms sd=19.9s ipdv=429.2ms
seq=1551 rtt=20.6s rd=142.2ms sd=20.5s ipdv=586.2ms
seq=1552 rtt=20.2s rd=138.5ms sd=20.1s ipdv=423.9ms
seq=1553 rtt=19.7s rd=138.4ms sd=19.6s ipdv=499.6ms
seq=1554 rtt=20.2s rd=82.66ms sd=20.1s ipdv=492.3ms
seq=1555 rtt=19.8s rd=131.7ms sd=19.6s ipdv=423.6ms
seq=1556 rtt=20.3s rd=146.2ms sd=20.2s ipdv=583.2ms
seq=1557 rtt=19.9s rd=138.1ms sd=19.8s ipdv=444.3ms
seq=1558 rtt=20.5s rd=178ms sd=20.3s ipdv=564.8ms
seq=1559 rtt=20s rd=140.4ms sd=19.9s ipdv=463.9ms
seq=1560 rtt=20.7s rd=268.4ms sd=20.4s ipdv=692.4ms
seq=1561 rtt=20.2s rd=241.1ms sd=20s ipdv=470.8ms
seq=1562 rtt=23.1s rd=209.1ms sd=22.8s ipdv=2.83s
seq=1563 rtt=22.6s rd=209.1ms sd=22.3s ipdv=499.6ms
seq=1564 rtt=22.1s rd=209.1ms sd=21.8s ipdv=500.7ms
seq=1565 rtt=21.6s rd=209.1ms sd=21.3s ipdv=499.6ms
seq=1566 rtt=21.1s rd=209.1ms sd=20.8s ipdv=500.4ms
seq=1568 rtt=20.1s rd=178.9ms sd=19.9s ipdv=n/a
seq=1569 rtt=20.6s rd=133.3ms sd=20.5s ipdv=529.9ms
seq=1570 rtt=20.2s rd=132.4ms sd=20.1s ipdv=418.9ms
seq=1571 rtt=20.8s rd=174.8ms sd=20.6s ipdv=568.8ms
seq=1572 rtt=20.3s rd=138.7ms sd=20.2s ipdv=474.2ms
seq=1573 rtt=20.9s rd=145ms sd=20.7s ipdv=578ms
seq=1574 rtt=20.5s rd=145.7ms sd=20.3s ipdv=420.1ms
seq=1575 rtt=20.4s rd=103.7ms sd=20.3s ipdv=86.56ms
seq=1576 rtt=20.5s rd=201.1ms sd=20.3s ipdv=162.1ms
seq=1577 rtt=20.1s rd=120.5ms sd=20s ipdv=452.4ms
seq=1578 rtt=20.7s rd=186.3ms sd=20.5s ipdv=595.2ms
seq=1579 rtt=20.2s rd=155.3ms sd=20.1s ipdv=451.9ms
seq=1580 rtt=20.7s rd=147.4ms sd=20.6s ipdv=482.7ms
seq=1581 rtt=20.2s rd=108.8ms sd=20.1s ipdv=461.4ms
seq=1582 rtt=21.1s rd=355.2ms sd=20.7s ipdv=840.1ms
seq=1583 rtt=20.7s rd=401.6ms sd=20.3s ipdv=423.2ms
seq=1584 rtt=21s rd=163.1ms sd=20.9s ipdv=357.7ms
seq=1585 rtt=20.6s rd=160.3ms sd=20.4s ipdv=438.7ms
seq=1586 rtt=20.1s rd=160.4ms sd=19.9s ipdv=499.5ms
seq=1587 rtt=20.6s rd=123.6ms sd=20.5s ipdv=548.8ms
seq=1588 rtt=20.2s rd=130.3ms sd=20.1s ipdv=437.7ms
seq=1589 rtt=20.8s rd=171.4ms sd=20.6s ipdv=588.4ms
seq=1590 rtt=20.3s rd=100.7ms sd=20.2s ipdv=452.3ms
seq=1591 rtt=20.9s rd=164.4ms sd=20.7s ipdv=562.6ms
seq=1592 rtt=20.5s rd=154.7ms sd=20.3s ipdv=437.5ms
seq=1593 rtt=21s rd=194.3ms sd=20.8s ipdv=555.5ms
seq=1594 rtt=20.5s rd=138.6ms sd=20.4s ipdv=484.4ms
seq=1595 rtt=21.2s rd=247.1ms sd=20.9s ipdv=652.7ms
seq=1596 rtt=20.8s rd=58.47ms sd=20.7s ipdv=377.1ms
seq=1597 rtt=20.6s rd=37.12ms sd=20.5s ipdv=245.9ms
seq=1598 rtt=20.7s rd=135.3ms sd=20.6s ipdv=146.4ms
seq=1599 rtt=20.3s rd=156.1ms sd=20.1s ipdv=406.2ms
seq=1600 rtt=20.8s rd=147.1ms sd=20.7s ipdv=553.1ms
seq=1601 rtt=20.4s rd=134.3ms sd=20.3s ipdv=437.7ms
seq=1602 rtt=21s rd=113.1ms sd=20.9s ipdv=558.2ms
seq=1603 rtt=20.6s rd=125.4ms sd=20.4s ipdv=415ms
seq=1604 rtt=21.2s rd=172.9ms sd=21s ipdv=605.3ms
seq=1605 rtt=20.7s rd=157.4ms sd=20.6s ipdv=423.6ms
seq=1606 rtt=21.2s rd=113.8ms sd=21.1s ipdv=476.9ms
seq=1607 rtt=20.8s rd=122.4ms sd=20.7s ipdv=424.4ms
seq=1608 rtt=20.3s rd=122.4ms sd=20.2s ipdv=499.6ms
seq=1609 rtt=20.9s rd=142ms sd=20.8s ipdv=611ms
seq=1610 rtt=20.4s rd=101.6ms sd=20.3s ipdv=452ms
seq=1611 rtt=21s rd=120.7ms sd=20.8s ipdv=523.8ms
seq=1612 rtt=20.6s rd=96.77ms sd=20.5s ipdv=415.1ms
seq=1613 rtt=21.1s rd=153.6ms sd=21s ipdv=597.1ms
seq=1614 rtt=20.7s rd=144.3ms sd=20.6s ipdv=434.6ms
seq=1615 rtt=21.2s rd=119.8ms sd=21.1s ipdv=502.2ms
seq=1616 rtt=20.8s rd=127.9ms sd=20.7s ipdv=423.4ms
seq=1617 rtt=21.4s rd=149.6ms sd=21.2s ipdv=583.5ms
seq=1618 rtt=20.9s rd=149.6ms sd=20.7s ipdv=500.2ms
seq=1619 rtt=20.4s rd=134.8ms sd=20.3s ipdv=432.2ms
seq=1620 rtt=21s rd=114.6ms sd=20.9s ipdv=592.1ms
seq=1621 rtt=20.6s rd=119.6ms sd=20.4s ipdv=468.3ms
seq=1622 rtt=21.2s rd=177.8ms sd=21s ipdv=592.4ms
seq=1623 rtt=20.7s rd=152.2ms sd=20.6s ipdv=432.2ms
seq=1624 rtt=21.2s rd=122.8ms sd=21.1s ipdv=515.2ms
seq=1625 rtt=20.8s rd=136.1ms sd=20.7s ipdv=419ms
seq=1626 rtt=21.4s rd=93.75ms sd=21.3s ipdv=607.1ms
seq=1627 rtt=21s rd=133ms sd=20.9s ipdv=448.9ms
seq=1628 rtt=20.5s rd=132.7ms sd=20.3s ipdv=500.7ms
seq=1629 rtt=21s rd=110.4ms sd=20.9s ipdv=508.6ms
seq=1630 rtt=20.6s rd=117.6ms sd=20.4s ipdv=432.1ms
seq=1631 rtt=21.1s rd=122.6ms sd=21s ipdv=583.7ms
seq=1632 rtt=20.7s rd=121.5ms sd=20.6s ipdv=421.9ms
seq=1633 rtt=21.2s rd=116.8ms sd=21.1s ipdv=526.5ms
seq=1634 rtt=20.8s rd=133.6ms sd=20.7s ipdv=423.3ms
seq=1635 rtt=21.4s rd=135ms sd=21.3s ipdv=593.9ms
seq=1636 rtt=21s rd=172ms sd=20.9s ipdv=394.1ms
seq=1637 rtt=21.6s rd=130.2ms sd=21.4s ipdv=530ms
seq=1638 rtt=21.1s rd=130.2ms sd=20.9s ipdv=500.1ms
seq=1639 rtt=20.7s rd=168.6ms sd=20.5s ipdv=388.2ms
seq=1640 rtt=21.2s rd=54.03ms sd=21.1s ipdv=532ms
seq=1641 rtt=20.8s rd=126ms sd=20.7s ipdv=421ms
seq=1642 rtt=21.3s rd=119.7ms sd=21.2s ipdv=529.7ms
seq=1643 rtt=20.9s rd=132.7ms sd=20.7s ipdv=426.8ms
seq=1644 rtt=21.4s rd=129.8ms sd=21.3s ipdv=562.3ms
seq=1645 rtt=21s rd=116ms sd=20.9s ipdv=430.3ms
seq=1646 rtt=21.5s rd=103.8ms sd=21.4s ipdv=537.3ms
seq=1647 rtt=21.1s rd=98.42ms sd=21s ipdv=449.2ms
seq=1648 rtt=20.6s rd=98.42ms sd=20.5s ipdv=499.6ms
seq=1649 rtt=21.2s rd=130.9ms sd=21.1s ipdv=592.7ms
seq=1650 rtt=20.8s rd=125.4ms sd=20.7s ipdv=411.3ms
seq=1651 rtt=21.4s rd=193.8ms sd=21.2s ipdv=575.3ms
seq=1652 rtt=20.9s rd=187.9ms sd=20.7s ipdv=450.7ms
seq=1653 rtt=21.5s rd=138.7ms sd=21.3s ipdv=548.4ms
seq=1654 rtt=21s rd=124.4ms sd=20.9s ipdv=435ms
seq=1655 rtt=21.6s rd=127ms sd=21.5s ipdv=572.7ms
seq=1656 rtt=21.2s rd=127.6ms sd=21s ipdv=424.2ms
seq=1657 rtt=21.7s rd=135.4ms sd=21.6s ipdv=578.3ms
seq=1658 rtt=21.2s rd=135.4ms sd=21.1s ipdv=499.7ms
seq=1659 rtt=20.8s rd=134.4ms sd=20.7s ipdv=425.3ms
seq=1660 rtt=21.3s rd=95.18ms sd=21.2s ipdv=475.1ms
seq=1661 rtt=20.9s rd=121.2ms sd=20.8s ipdv=401.3ms
seq=1662 rtt=21.6s rd=226.7ms sd=21.3s ipdv=667.4ms
seq=1663 rtt=21.1s rd=114.9ms sd=21s ipdv=457.9ms
seq=1664 rtt=21.6s rd=201.6ms sd=21.4s ipdv=542.8ms
seq=1665 rtt=21.2s rd=140.3ms sd=21s ipdv=462.2ms
seq=1666 rtt=21s rd=56.07ms sd=21s ipdv=173ms
seq=1667 rtt=21.3s rd=189.4ms sd=21.1s ipdv=273.3ms
seq=1668 rtt=20.8s rd=132.1ms sd=20.7s ipdv=454.1ms
seq=1669 rtt=21.3s rd=120.1ms sd=21.2s ipdv=465.8ms
seq=1670 rtt=20.9s rd=113ms sd=20.8s ipdv=429.5ms
seq=1671 rtt=21.5s rd=231ms sd=21.3s ipdv=672.4ms
seq=1672 rtt=21.1s rd=196.1ms sd=20.9s ipdv=444.6ms
seq=1673 rtt=21.8s rd=220.3ms sd=21.5s ipdv=658.1ms
seq=1674 rtt=21.3s rd=197ms sd=21.1s ipdv=468.1ms
seq=1675 rtt=24.1s rd=121.3ms sd=24s ipdv=2.82s
seq=1676 rtt=24s rd=57.28ms sd=23.9s ipdv=131.6ms
seq=1677 rtt=24.2s rd=92.04ms sd=24.1s ipdv=212.5ms
seq=1678 rtt=23.7s rd=91.99ms sd=23.6s ipdv=500ms
seq=1679 rtt=23.2s rd=91.97ms sd=23.1s ipdv=500.3ms
seq=1680 rtt=23.8s rd=114.6ms sd=23.7s ipdv=593ms
seq=1681 rtt=23.4s rd=167.4ms sd=23.2s ipdv=401.4ms
seq=1682 rtt=23.9s rd=125.4ms sd=23.7s ipdv=472.9ms
seq=1683 rtt=23.4s rd=134.9ms sd=23.3s ipdv=431.2ms
seq=1684 rtt=23.3s rd=59.34ms sd=23.2s ipdv=121ms
seq=1685 rtt=23.6s rd=213.8ms sd=23.3s ipdv=257.8ms
seq=1686 rtt=23.1s rd=170.8ms sd=22.9s ipdv=452.5ms
seq=1687 rtt=23.6s rd=129.1ms sd=23.5s ipdv=533.5ms
seq=1688 rtt=23.2s rd=99.99ms sd=23.1s ipdv=407.5ms
seq=1689 rtt=23.8s rd=125.7ms sd=23.7s ipdv=548.7ms
seq=1690 rtt=23.4s rd=112ms sd=23.3s ipdv=409.6ms
seq=1691 rtt=23.9s rd=119.4ms sd=23.8s ipdv=522.5ms
seq=1692 rtt=23.5s rd=119.3ms sd=23.4s ipdv=415.3ms
seq=1693 rtt=24.1s rd=127.5ms sd=23.9s ipdv=581.9ms
seq=1694 rtt=23.6s rd=127.5ms sd=23.4s ipdv=499.5ms
seq=1695 rtt=23.1s rd=124.8ms sd=23s ipdv=428.1ms
seq=1696 rtt=23.6s rd=110.6ms sd=23.5s ipdv=513.6ms
seq=1697 rtt=23.2s rd=107.6ms sd=23.1s ipdv=431.8ms
seq=1698 rtt=23.8s rd=77.74ms sd=23.7s ipdv=600.3ms
seq=1699 rtt=23.4s rd=152.4ms sd=23.3s ipdv=409.8ms
seq=1700 rtt=26.2s rd=158ms sd=26.1s ipdv=2.81s
seq=1701 rtt=25.7s rd=158ms sd=25.6s ipdv=499.6ms
seq=1702 rtt=25.2s rd=158ms sd=25.1s ipdv=500.2ms
seq=1703 rtt=24.7s rd=158ms sd=24.6s ipdv=500ms
seq=1704 rtt=24.2s rd=158ms sd=24.1s ipdv=499.6ms
seq=1705 rtt=23.8s rd=114.6ms sd=23.6s ipdv=457.7ms
seq=1706 rtt=24.4s rd=163.7ms sd=24.2s ipdv=607.1ms
seq=1707 rtt=23.9s rd=63.97ms sd=23.9s ipdv=414.5ms
seq=1708 rtt=24.4s rd=109.4ms sd=24.3s ipdv=466.7ms
seq=1709 rtt=24s rd=107.8ms sd=23.9s ipdv=416.4ms
seq=1710 rtt=24.6s rd=143.5ms sd=24.4s ipdv=582.8ms
seq=1711 rtt=24.1s rd=120.3ms sd=24s ipdv=428.7ms
seq=1712 rtt=24.7s rd=119.6ms sd=24.6s ipdv=523.9ms
seq=1713 rtt=24.3s rd=110.2ms sd=24.1s ipdv=421.1ms
seq=1714 rtt=23.8s rd=110.2ms sd=23.6s ipdv=500.7ms
seq=1715 rtt=24.3s rd=146ms sd=24.2s ipdv=574.4ms
seq=1716 rtt=23.9s rd=144.4ms sd=23.8s ipdv=413.3ms
seq=1717 rtt=24.4s rd=127.9ms sd=24.3s ipdv=530.4ms
seq=1718 rtt=24s rd=133.9ms sd=23.9s ipdv=430.3ms
seq=1719 rtt=24.6s rd=135.1ms sd=24.4s ipdv=570ms
seq=1720 rtt=24.2s rd=130.9ms sd=24s ipdv=427.2ms
seq=1721 rtt=24.7s rd=123.8ms sd=24.6s ipdv=559.8ms
seq=1722 rtt=24.3s rd=121.8ms sd=24.2s ipdv=429ms
seq=1723 rtt=24.9s rd=161.7ms sd=24.7s ipdv=589ms
seq=1724 rtt=24.4s rd=161.6ms sd=24.2s ipdv=499.5ms
seq=1725 rtt=24s rd=135.4ms sd=23.8s ipdv=426ms
seq=1726 rtt=24.5s rd=136.4ms sd=24.3s ipdv=514.1ms
seq=1727 rtt=24s rd=129.6ms sd=23.9s ipdv=440.3ms
seq=1728 rtt=24.6s rd=141.1ms sd=24.5s ipdv=579.3ms
seq=1729 rtt=24.2s rd=141.1ms sd=24s ipdv=428.8ms
seq=1730 rtt=24.7s rd=161.7ms sd=24.6s ipdv=544.8ms
seq=1731 rtt=24.3s rd=165.2ms sd=24.1s ipdv=427.8ms
seq=1732 rtt=24.8s rd=131.3ms sd=24.7s ipdv=552.3ms
seq=1733 rtt=24.4s rd=140.5ms sd=24.3s ipdv=421.2ms
seq=1734 rtt=23.9s rd=140.1ms sd=23.8s ipdv=499.6ms
seq=1735 rtt=24.4s rd=124.6ms sd=24.3s ipdv=524.7ms
seq=1736 rtt=24s rd=117.4ms sd=23.9s ipdv=434.3ms
seq=1737 rtt=26.9s rd=127.2ms sd=26.8s ipdv=2.9s
seq=1738 rtt=26.4s rd=127.2ms sd=26.3s ipdv=499.5ms
seq=1739 rtt=25.9s rd=127.2ms sd=25.8s ipdv=499.6ms
seq=1740 rtt=25.4s rd=127.2ms sd=25.3s ipdv=500.7ms
seq=1741 rtt=24.9s rd=127.1ms sd=24.8s ipdv=499.6ms
seq=1742 rtt=24.5s rd=126.9ms sd=24.3s ipdv=449.9ms
seq=1743 rtt=25s rd=213.2ms sd=24.8s ipdv=585.2ms
seq=1744 rtt=24.6s rd=145.7ms sd=24.4s ipdv=465.7ms
seq=1745 rtt=25.1s rd=144.5ms sd=25s ipdv=559.1ms
seq=1746 rtt=24.7s rd=135.7ms sd=24.6s ipdv=428.3ms
seq=1747 rtt=24.2s rd=135.6ms sd=24.1s ipdv=499.2ms
seq=1748 rtt=24.7s rd=126.8ms sd=24.6s ipdv=507.5ms
seq=1749 rtt=24.3s rd=118.1ms sd=24.2s ipdv=435.5ms
seq=1750 rtt=24.9s rd=144.3ms sd=24.7s ipdv=595.9ms
seq=1751 rtt=24.4s rd=146.2ms sd=24.3s ipdv=432.6ms
seq=1752 rtt=24.9s rd=98.33ms sd=24.8s ipdv=489.2ms
seq=1753 rtt=24.5s rd=96.58ms sd=24.4s ipdv=436.7ms
seq=1754 rtt=25.1s rd=118.8ms sd=25s ipdv=583ms
seq=1755 rtt=24.6s rd=114.1ms sd=24.5s ipdv=433.5ms
seq=1756 rtt=25.3s rd=160.9ms sd=25.1s ipdv=611.7ms
seq=1757 rtt=24.8s rd=160.9ms sd=24.6s ipdv=499.9ms
seq=1758 rtt=24.3s rd=137.8ms sd=24.2s ipdv=443.6ms
seq=1759 rtt=24.9s rd=118.7ms sd=24.8s ipdv=584.1ms
seq=1760 rtt=24.5s rd=130.7ms sd=24.3s ipdv=425.1ms
seq=1761 rtt=25s rd=131.6ms sd=24.9s ipdv=525.9ms
seq=1762 rtt=24.6s rd=156.4ms sd=24.5s ipdv=395.7ms
seq=1763 rtt=25.2s rd=124.1ms sd=25s ipdv=550.1ms
seq=1764 rtt=24.7s rd=96.38ms sd=24.6s ipdv=435.6ms
seq=1765 rtt=25.3s rd=199.6ms sd=25.1s ipdv=595.6ms
seq=1766 rtt=24.9s rd=126.1ms sd=24.7s ipdv=458.6ms
seq=1767 rtt=24.4s rd=126.1ms sd=24.2s ipdv=499.8ms
seq=1768 rtt=24.9s rd=95.82ms sd=24.8s ipdv=540.3ms
seq=1769 rtt=24.5s rd=153.2ms sd=24.3s ipdv=401.4ms
seq=1770 rtt=25s rd=90.34ms sd=24.9s ipdv=483.7ms
seq=1771 rtt=24.6s rd=160.8ms sd=24.4s ipdv=391.4ms
seq=1772 rtt=25.1s rd=142.4ms sd=25s ipdv=551.1ms
seq=1773 rtt=25.8s rd=117.8ms sd=25.7s ipdv=633.4ms
seq=1774 rtt=25.3s rd=102.2ms sd=25.2s ipdv=454.5ms
seq=1775 rtt=25.9s rd=81.2ms sd=25.8s ipdv=578.3ms
seq=1776 rtt=25.5s rd=130.7ms sd=25.3s ipdv=418.9ms
seq=1777 rtt=25s rd=130.8ms sd=24.8s ipdv=500.7ms
seq=1778 rtt=28.9s rd=124.4ms sd=28.8s ipdv=3.95s
seq=1779 rtt=28.4s rd=124.3ms sd=28.3s ipdv=500.8ms
seq=1780 rtt=27.9s rd=124.3ms sd=27.8s ipdv=499.8ms
seq=1781 rtt=27.4s rd=124.3ms sd=27.3s ipdv=499.7ms
seq=1782 rtt=26.9s rd=124.3ms sd=26.8s ipdv=500.6ms
seq=1784 rtt=26s rd=132.7ms sd=25.9s ipdv=n/a
seq=1785 rtt=26.5s rd=73.06ms sd=26.4s ipdv=486.8ms
seq=1786 rtt=26.1s rd=89.08ms sd=26s ipdv=428.7ms
seq=1787 rtt=25.6s rd=89.08ms sd=25.5s ipdv=499.5ms
seq=1788 rtt=26.3s rd=256.9ms sd=26s ipdv=717.3ms
seq=1789 rtt=25.8s rd=214.6ms sd=25.6s ipdv=465.1ms
seq=1790 rtt=26.3s rd=116.1ms sd=26.2s ipdv=478.6ms
seq=1791 rtt=25.9s rd=107.7ms sd=25.8s ipdv=431.4ms
seq=1792 rtt=26.5s rd=80.17ms sd=26.4s ipdv=607ms
seq=1793 rtt=26s rd=118.9ms sd=25.9s ipdv=436.5ms
seq=1794 rtt=26.5s rd=92.47ms sd=26.4s ipdv=508.4ms
seq=1795 rtt=26.1s rd=125.9ms sd=26s ipdv=430.3ms
seq=1796 rtt=26s rd=55.88ms sd=25.9s ipdv=126.3ms
seq=1797 rtt=26.2s rd=136.7ms sd=26.1s ipdv=215.6ms
seq=1798 rtt=25.8s rd=92.26ms sd=25.7s ipdv=385.4ms
seq=1799 rtt=26.3s rd=99.68ms sd=26.2s ipdv=488.1ms
seq=1800 rtt=25.9s rd=130ms sd=25.7s ipdv=421.9ms
seq=1801 rtt=26.4s rd=150.8ms sd=26.3s ipdv=568ms
seq=1802 rtt=26s rd=172.1ms sd=25.9s ipdv=400.6ms
seq=1803 rtt=26.6s rd=128.6ms sd=26.4s ipdv=518ms
seq=1804 rtt=26.1s rd=129.7ms sd=26s ipdv=430.1ms
seq=1805 rtt=26.7s rd=147.7ms sd=26.6s ipdv=579.2ms
seq=1806 rtt=26.3s rd=80.92ms sd=26.2s ipdv=437.8ms
seq=1807 rtt=25.8s rd=80.87ms sd=25.7s ipdv=499.4ms
seq=1808 rtt=26.4s rd=159.6ms sd=26.2s ipdv=607.6ms
seq=1809 rtt=25.9s rd=159.3ms sd=25.8s ipdv=431.7ms
seq=1810 rtt=28.8s rd=147.4ms sd=28.6s ipdv=2.83s
seq=1811 rtt=28.3s rd=147.4ms sd=28.1s ipdv=499.6ms
seq=1812 rtt=27.8s rd=147.3ms sd=27.6s ipdv=500.6ms
seq=1813 rtt=27.3s rd=147.3ms sd=27.1s ipdv=499.7ms
seq=1814 rtt=26.8s rd=129.9ms sd=26.7s ipdv=444.9ms
