HOSTNAME        : ue-1462
UE ID           : 1462
Computed IMSI   : 208930000001463
gNB ID          : 1462
Proxy IP        : 10.3.23.1
UE IP           : 10.244.10.22
Actual UE ID:    36
Actual GNB ID:   36
global-sc-network [10.4.1.1] 8000 (?) : Connection refused
Waiting for start message
Start message received!
Starting the UE 1758124157.988315
Calling sched_setscheduler(79)
CMDLINE: "./nr-uesoftmodem" "-O" "/ue.conf" "--nfapi" "STANDALONE_PNF" "--node-number" "2" "--emulate-l1" "--sa" "1" 
[CONFIG] get parameters from libconfig /ue.conf [LIBCONFIG] Path for include directive set to: /
[CONFIG] function config_libconfig_init returned 0
[CONFIG] config module libconfig loaded
[LIBCONFIG] config: 2/2 parameters successfully set, (2 to default value)
[CONFIG] debug flags: 0x00000000
[LIBCONFIG] log_config: 3/3 parameters successfully set, (1 to default value)
[LIBCONFIG] log_config: 53/53 parameters successfully set, (45 to default value)
[LIBCONFIG] log_config: 53/53 parameters successfully set, (53 to default value)
[LIBCONFIG] log_config: 16/16 parameters successfully set, (16 to default value)
[LIBCONFIG] log_config: 16/16 parameters successfully set, (16 to default value)
log init done
[LIBCONFIG] (root): 33/33 parameters successfully set, (30 to default value)
[LIBCONFIG] (root): 41/41 parameters successfully set, (38 to default value)
[LIBCONFIG] (root): 6/6 parameters successfully set, (5 to default value)
[LIBCONFIG] TTracer: 3/3 parameters successfully set, (3 to default value)
create a thread for core -1
create a thread for core -1
create a thread for core -1
create a thread for core -1
create a thread for core -1
create a thread for core -1
create a thread for core -1
create a thread for core -1
[LIBCONFIG] opt: 3/3 parameters successfully set, (3 to default value)
[LIBCONFIG] loader: 2/2 parameters successfully set, (2 to default value)
[LIBCONFIG] loader.ldpc: 2/2 parameters successfully set, (1 to default value)
shlib_path libldpc.so
[LOADER] library libldpc.so successfully loaded
[LIBCONFIG] nas.noS1: 3/3 parameters successfully set, (3 to default value)
[LIBCONFIG] MACRLCs.[0]: 34/34 parameters successfully set, (25 to default value)
[LIBCONFIG] (root): 30/30 parameters successfully set, (28 to default value)
Ujjwal: start -> 36
TYPE <CTRL-C> TO TERMINATE
[LIBCONFIG] uicc0: 10/10 parameters successfully set, (5 to default value)
Entering ITTI signals handler
TYPE <CTRL-C> TO TERMINATE
kgnb : 2b 7f 9e 1f 8d 6e 36 67 86 0c 74 34 f5 04 9e ce 4c 5f ad db e5 6c e6 ec 98 ba 38 ef 8a d0 84 5c 
kausf:5b d2 cd 22 4c a6 8c 29 a2 34 85 db 52 e aa 3e cc e2 69 64 70 5c 71 ea ce 67 95 e3 61 9b 45 40 
kseaf:a1 44 6d 1e 2b c5 35 29 7e dc aa b4 c8 6c 4f 72 1e 83 a0 8f 6a 68 4c c2 4d da 60 1 48 b5 d6 4d 
kamf:e7 40 76 b3 e2 55 41 d9 cc a9 60 32 92 44 59 28 a5 92 65 93 b1 76 d8 28 dd 5a ec 21 ed d1 9a 5a 
knas_int:
9e 14 7f 3e 7a da e7 67 67 ab a4 f5 f1 af c9 55 
mac 2f 2 5a 5f 
[NR_RRC]   driving kRRCenc, kRRCint and kUPenc from KgNB=2b 7f 9e 1f 8d 6e 36 67 86 0c 74 34 f5 04 9e ce 4c 5f ad db e5 6c e6 ec 98 ba 38 ef 8a d0 84 5c [0m
[NR_RRC]   securityModeComplete payload: 28 00 00 00 00 00 00 00 08 00 00 00 00 00 00 00 [0m
<UE-NR-Capability>
    <accessStratumRelease><rel15/></accessStratumRelease>
    <pdcp-Parameters>
        <supportedROHC-Profiles>
            <profile0x0000><false/></profile0x0000>
            <profile0x0001><false/></profile0x0001>
            <profile0x0002><false/></profile0x0002>
            <profile0x0003><false/></profile0x0003>
            <profile0x0004><false/></profile0x0004>
            <profile0x0006><false/></profile0x0006>
            <profile0x0101><false/></profile0x0101>
            <profile0x0102><false/></profile0x0102>
            <profile0x0103><false/></profile0x0103>
            <profile0x0104><false/></profile0x0104>
        </supportedROHC-Profiles>
        <maxNumberROHC-ContextSessions><cs2/></maxNumberROHC-ContextSessions>
    </pdcp-Parameters>
    <phy-Parameters>
    </phy-Parameters>
    <rf-Parameters>
        <supportedBandListNR>
            <BandNR>
                <bandNR>1</bandNR>
            </BandNR>
        </supportedBandListNR>
    </rf-Parameters>
</UE-NR-Capability>
