HOSTNAME        : ue-1397
UE ID           : 1397
Computed IMSI   : 208930000001398
gNB ID          : 1397
Proxy IP        : 10.3.38.1
UE IP           : 10.244.70.19
Actual UE ID:    34
Actual GNB ID:   34
global-sc-network [10.4.1.1] 8000 (?) : Connection refused
Waiting for start message
Start message received!
Starting the UE 1758124158.0541394
Calling sched_setscheduler(79)
CMDLINE: "./nr-uesoftmodem" "-O" "/ue.conf" "--nfapi" "STANDALONE_PNF" "--node-number" "2" "--emulate-l1" "--sa" "1" 
[CONFIG] get parameters from libconfig /ue.conf [LIBCONFIG] Path for include directive set to: /
[CONFIG] function config_libconfig_init returned 0
[CONFIG] config module libconfig loaded
[LIBCONFIG] config: 2/2 parameters successfully set, (2 to default value)
[CONFIG] debug flags: 0x00000000
[LIBCONFIG] log_config: 3/3 parameters successfully set, (1 to default value)
[LIBCONFIG] log_config: 53/53 parameters successfully set, (45 to default value)
[LIBCONFIG] log_config: 53/53 parameters successfully set, (53 to default value)
[LIBCONFIG] log_config: 16/16 parameters successfully set, (16 to default value)
[LIBCONFIG] log_config: 16/16 parameters successfully set, (16 to default value)
log init done
[LIBCONFIG] (root): 33/33 parameters successfully set, (30 to default value)
[LIBCONFIG] (root): 41/41 parameters successfully set, (38 to default value)
[LIBCONFIG] (root): 6/6 parameters successfully set, (5 to default value)
[LIBCONFIG] TTracer: 3/3 parameters successfully set, (3 to default value)
create a thread for core -1
create a thread for core -1
create a thread for core -1
create a thread for core -1
create a thread for core -1
create a thread for core -1
create a thread for core -1
create a thread for core -1
[LIBCONFIG] opt: 3/3 parameters successfully set, (3 to default value)
[LIBCONFIG] loader: 2/2 parameters successfully set, (2 to default value)
[LIBCONFIG] loader.ldpc: 2/2 parameters successfully set, (1 to default value)
shlib_path libldpc.so
[LOADER] library libldpc.so successfully loaded
[LIBCONFIG] nas.noS1: 3/3 parameters successfully set, (3 to default value)
[LIBCONFIG] MACRLCs.[0]: 34/34 parameters successfully set, (25 to default value)
[LIBCONFIG] (root): 30/30 parameters successfully set, (28 to default value)
Ujjwal: start -> 34
TYPE <CTRL-C> TO TERMINATE
[LIBCONFIG] uicc0: 10/10 parameters successfully set, (5 to default value)
Entering ITTI signals handler
TYPE <CTRL-C> TO TERMINATE
kgnb : a8 04 91 47 cd 26 17 2c c6 82 66 3d 4d df 0b 4b 94 4a 4d 8a ed 45 4e 26 40 46 17 70 06 8a fb 7e 
kausf:c6 8 97 8f 59 ea 47 44 c7 5a 35 bd e4 83 8d 1 96 d1 e fa ee b9 c8 86 1c df 98 e7 ce a c5 5c 
kseaf:89 53 59 aa 87 b6 1d 2a 5b 12 8 0 e9 ea c2 4a 5c 1a 57 f1 11 f1 c4 59 13 bf 9f 33 b8 e6 ee a0 
kamf:e7 79 86 5f 4a ab ae 4a 61 77 af 26 36 d6 d1 5d b4 5b 19 8b da 17 a6 fd 4e a2 47 7b 49 f2 6e 95 
knas_int:
55 b1 b 19 39 7b f4 a 1c 3b 4f c0 b8 78 9f a7 
mac e4 a1 d6 c0 
[NR_RRC]   driving kRRCenc, kRRCint and kUPenc from KgNB=a8 04 91 47 cd 26 17 2c c6 82 66 3d 4d df 0b 4b 94 4a 4d 8a ed 45 4e 26 40 46 17 70 06 8a fb 7e [0m
[NR_RRC]   securityModeComplete payload: 28 00 00 00 00 00 00 00 08 00 00 00 00 00 00 00 [0m
<UE-NR-Capability>
    <accessStratumRelease><rel15/></accessStratumRelease>
    <pdcp-Parameters>
        <supportedROHC-Profiles>
            <profile0x0000><false/></profile0x0000>
            <profile0x0001><false/></profile0x0001>
            <profile0x0002><false/></profile0x0002>
            <profile0x0003><false/></profile0x0003>
            <profile0x0004><false/></profile0x0004>
            <profile0x0006><false/></profile0x0006>
            <profile0x0101><false/></profile0x0101>
            <profile0x0102><false/></profile0x0102>
            <profile0x0103><false/></profile0x0103>
            <profile0x0104><false/></profile0x0104>
        </supportedROHC-Profiles>
        <maxNumberROHC-ContextSessions><cs2/></maxNumberROHC-ContextSessions>
    </pdcp-Parameters>
    <phy-Parameters>
    </phy-Parameters>
    <rf-Parameters>
        <supportedBandListNR>
            <BandNR>
                <bandNR>1</bandNR>
            </BandNR>
        </supportedBandListNR>
    </rf-Parameters>
</UE-NR-Capability>
