HOSTNAME        : ue-3752
UE ID           : 3752
Computed IMSI   : 208930000003753
gNB ID          : 3752
Proxy IP        : 10.3.33.1
UE IP           : 10.244.116.46
Actual UE ID:    93
Actual GNB ID:   93
global-sc-network [10.4.1.1] 8000 (?) : Connection refused
Waiting for start message
Start message received!
Starting the UE 1758124157.996146
Calling sched_setscheduler(79)
[1;31m[NR_MAC]   DLSCH ACK/NACK reporting initiated for harq pid 3 before DLSCH decoding completed for now marking as compelete 
[0mCMDLINE: "./nr-uesoftmodem" "-O" "/ue.conf" "--nfapi" "STANDALONE_PNF" "--node-number" "2" "--emulate-l1" "--sa" "1" 
[CONFIG] get parameters from libconfig /ue.conf [LIBCONFIG] Path for include directive set to: /
[CONFIG] function config_libconfig_init returned 0
[CONFIG] config module libconfig loaded
[LIBCONFIG] config: 2/2 parameters successfully set, (2 to default value)
[CONFIG] debug flags: 0x00000000
[LIBCONFIG] log_config: 3/3 parameters successfully set, (1 to default value)
[LIBCONFIG] log_config: 53/53 parameters successfully set, (45 to default value)
[LIBCONFIG] log_config: 53/53 parameters successfully set, (53 to default value)
[LIBCONFIG] log_config: 16/16 parameters successfully set, (16 to default value)
[LIBCONFIG] log_config: 16/16 parameters successfully set, (16 to default value)
log init done
[LIBCONFIG] (root): 33/33 parameters successfully set, (30 to default value)
[LIBCONFIG] (root): 41/41 parameters successfully set, (38 to default value)
[LIBCONFIG] (root): 6/6 parameters successfully set, (5 to default value)
[LIBCONFIG] TTracer: 3/3 parameters successfully set, (3 to default value)
create a thread for core -1
create a thread for core -1
create a thread for core -1
create a thread for core -1
create a thread for core -1
create a thread for core -1
create a thread for core -1
create a thread for core -1
[LIBCONFIG] opt: 3/3 parameters successfully set, (3 to default value)
[LIBCONFIG] loader: 2/2 parameters successfully set, (2 to default value)
[LIBCONFIG] loader.ldpc: 2/2 parameters successfully set, (1 to default value)
shlib_path libldpc.so
[LOADER] library libldpc.so successfully loaded
[LIBCONFIG] nas.noS1: 3/3 parameters successfully set, (3 to default value)
[LIBCONFIG] MACRLCs.[0]: 34/34 parameters successfully set, (25 to default value)
[LIBCONFIG] (root): 30/30 parameters successfully set, (28 to default value)
Ujjwal: start -> 93
TYPE <CTRL-C> TO TERMINATE
[LIBCONFIG] uicc0: 10/10 parameters successfully set, (5 to default value)
Entering ITTI signals handler
TYPE <CTRL-C> TO TERMINATE
kgnb : 22 50 d2 55 51 5d 17 e2 3e 4e c4 5c e1 29 8d 77 e9 0e 69 9f c2 19 36 15 96 59 1a 31 de 48 1e 80 
kausf:a6 6b f9 c0 12 b0 64 16 5a b4 87 e8 bc 97 97 d2 f 53 c5 42 3b 2 5a d8 87 b7 62 b2 4d 81 45 d7 
kseaf:28 81 77 95 e1 d1 8a 70 5f f6 2c d8 fa 77 32 23 3a ee 47 15 c5 79 97 36 57 bd a2 80 85 1c ba db 
kamf:d5 55 a4 17 a3 39 2f d1 a3 8c 3a 98 5e 73 b4 d 73 ac a3 6d d8 86 13 fa 97 a6 a4 23 d4 b1 83 dd 
knas_int:
6e d7 2b bc b7 1c 7b f9 25 f4 c5 99 41 47 5d 83 
mac f8 dd a6 23 
[NR_RRC]   driving kRRCenc, kRRCint and kUPenc from KgNB=22 50 d2 55 51 5d 17 e2 3e 4e c4 5c e1 29 8d 77 e9 0e 69 9f c2 19 36 15 96 59 1a 31 de 48 1e 80 [0m
[NR_RRC]   securityModeComplete payload: 28 00 00 00 00 00 00 00 08 00 00 00 00 00 00 00 [0m
<UE-NR-Capability>
    <accessStratumRelease><rel15/></accessStratumRelease>
    <pdcp-Parameters>
        <supportedROHC-Profiles>
            <profile0x0000><false/></profile0x0000>
            <profile0x0001><false/></profile0x0001>
            <profile0x0002><false/></profile0x0002>
            <profile0x0003><false/></profile0x0003>
            <profile0x0004><false/></profile0x0004>
            <profile0x0006><false/></profile0x0006>
            <profile0x0101><false/></profile0x0101>
            <profile0x0102><false/></profile0x0102>
            <profile0x0103><false/></profile0x0103>
            <profile0x0104><false/></profile0x0104>
        </supportedROHC-Profiles>
        <maxNumberROHC-ContextSessions><cs2/></maxNumberROHC-ContextSessions>
    </pdcp-Parameters>
    <phy-Parameters>
    </phy-Parameters>
    <rf-Parameters>
        <supportedBandListNR>
            <BandNR>
                <bandNR>1</bandNR>
            </BandNR>
        </supportedBandListNR>
    </rf-Parameters>
</UE-NR-Capability>
[1;31m[NR_MAC]   DLSCH ACK/NACK reporting initiated for harq pid 9 before DLSCH decoding completed for now marking as compelete 
[0m[1;31m[NR_MAC]   DLSCH ACK/NACK reporting initiated for harq pid 10 before DLSCH decoding completed for now marking as compelete 
[0m[1;31m[NR_MAC]   DLSCH ACK/NACK reporting initiated for harq pid 11 before DLSCH decoding completed for now marking as compelete 
[0m[1;31m[NR_MAC]   DLSCH ACK/NACK reporting initiated for harq pid 12 before DLSCH decoding completed for now marking as compelete 
[0m[1;31m[NR_MAC]   DLSCH ACK/NACK reporting initiated for harq pid 13 before DLSCH decoding completed for now marking as compelete 
[0m[1;31m[NR_MAC]   DLSCH ACK/NACK reporting initiated for harq pid 14 before DLSCH decoding completed for now marking as compelete 
[0m[1;31m[NR_MAC]   DLSCH ACK/NACK reporting initiated for harq pid 4 before DLSCH decoding completed for now marking as compelete 
[0m[1;31m[NR_MAC]   DLSCH ACK/NACK reporting initiated for harq pid 9 before DLSCH decoding completed for now marking as compelete 
[0m[1;31m[NR_MAC]   DLSCH ACK/NACK reporting initiated for harq pid 10 before DLSCH decoding completed for now marking as compelete 
[0m[1;31m[NR_MAC]   DLSCH ACK/NACK reporting initiated for harq pid 13 before DLSCH decoding completed for now marking as compelete 
[0m[1;31m[NR_MAC]   DLSCH ACK/NACK reporting initiated for harq pid 15 before DLSCH decoding completed for now marking as compelete 
[0m[1;31m[NR_MAC]   DLSCH ACK/NACK reporting initiated for harq pid 1 before DLSCH decoding completed for now marking as compelete 
[0m[1;31m[NR_MAC]   DLSCH ACK/NACK reporting initiated for harq pid 3 before DLSCH decoding completed for now marking as compelete 
[0m[1;31m[NR_MAC]   DLSCH ACK/NACK reporting initiated for harq pid 4 before DLSCH decoding completed for now marking as compelete 
[0m[1;31m[NR_MAC]   DLSCH ACK/NACK reporting initiated for harq pid 7 before DLSCH decoding completed for now marking as compelete 
[0m[1;31m[NR_MAC]   DLSCH ACK/NACK reporting initiated for harq pid 0 before DLSCH decoding completed for now marking as compelete 
[0m[1;31m[NR_MAC]   DLSCH ACK/NACK reporting initiated for harq pid 8 before DLSCH decoding completed for now marking as compelete 
[0m[1;31m[NR_MAC]   DLSCH ACK/NACK reporting initiated for harq pid 10 before DLSCH decoding completed for now marking as compelete 
[0m[1;31m[NR_MAC]   DLSCH ACK/NACK reporting initiated for harq pid 11 before DLSCH decoding completed for now marking as compelete 
[0m[1;31m[NR_MAC]   DLSCH ACK/NACK reporting initiated for harq pid 15 before DLSCH decoding completed for now marking as compelete 
[0m[1;31m[NR_MAC]   DLSCH ACK/NACK reporting initiated for harq pid 14 before DLSCH decoding completed for now marking as compelete 
[0m[1;31m[NR_MAC]   DLSCH ACK/NACK reporting initiated for harq pid 1 before DLSCH decoding completed for now marking as compelete 
[0m[1;31m[NR_MAC]   DLSCH ACK/NACK reporting initiated for harq pid 3 before DLSCH decoding completed for now marking as compelete 
[0m[1;31m[NR_MAC]   DLSCH ACK/NACK reporting initiated for harq pid 4 before DLSCH decoding completed for now marking as compelete 
[0m[1;31m[NR_MAC]   DLSCH ACK/NACK reporting initiated for harq pid 7 before DLSCH decoding completed for now marking as compelete 
[0m[1;31m[NR_MAC]   DLSCH ACK/NACK reporting initiated for harq pid 0 before DLSCH decoding completed for now marking as compelete 
[0m[1;31m[NR_MAC]   DLSCH ACK/NACK reporting initiated for harq pid 8 before DLSCH decoding completed for now marking as compelete 
[0m[1;31m[NR_MAC]   DLSCH ACK/NACK reporting initiated for harq pid 10 before DLSCH decoding completed for now marking as compelete 
[0m[1;31m[NR_MAC]   DLSCH ACK/NACK reporting initiated for harq pid 11 before DLSCH decoding completed for now marking as compelete 
[0m[1;31m[NR_MAC]   DLSCH ACK/NACK reporting initiated for harq pid 15 before DLSCH decoding completed for now marking as compelete 
[0m[1;31m[NR_MAC]   DLSCH ACK/NACK reporting initiated for harq pid 14 before DLSCH decoding completed for now marking as compelete 
[0m[1;31m[NR_MAC]   DLSCH ACK/NACK reporting initiated for harq pid 4 before DLSCH decoding completed for now marking as compelete 
[0m[1;31m[NR_MAC]   DLSCH ACK/NACK reporting initiated for harq pid 5 before DLSCH decoding completed for now marking as compelete 
[0m[1;31m[NR_MAC]   DLSCH ACK/NACK reporting initiated for harq pid 6 before DLSCH decoding completed for now marking as compelete 
[0m[1;31m[NR_MAC]   DLSCH ACK/NACK reporting initiated for harq pid 0 before DLSCH decoding completed for now marking as compelete 
[0m[1;31m[NR_MAC]   DLSCH ACK/NACK reporting initiated for harq pid 8 before DLSCH decoding completed for now marking as compelete 
[0m[1;31m[NR_MAC]   DLSCH ACK/NACK reporting initiated for harq pid 11 before DLSCH decoding completed for now marking as compelete 
[0m[1;31m[NR_MAC]   DLSCH ACK/NACK reporting initiated for harq pid 12 before DLSCH decoding completed for now marking as compelete 
[0m[1;31m[NR_MAC]   DLSCH ACK/NACK reporting initiated for harq pid 13 before DLSCH decoding completed for now marking as compelete 
[0m[1;31m[NR_MAC]   DLSCH ACK/NACK reporting initiated for harq pid 14 before DLSCH decoding completed for now marking as compelete 
[0m[1;31m[NR_MAC]   DLSCH ACK/NACK reporting initiated for harq pid 1 before DLSCH decoding completed for now marking as compelete 
[0m[1;31m[NR_MAC]   DLSCH ACK/NACK reporting initiated for harq pid 4 before DLSCH decoding completed for now marking as compelete 
[0m[1;31m[NR_MAC]   DLSCH ACK/NACK reporting initiated for harq pid 5 before DLSCH decoding completed for now marking as compelete 
[0m[1;31m[NR_MAC]   DLSCH ACK/NACK reporting initiated for harq pid 6 before DLSCH decoding completed for now marking as compelete 
[0m[1;31m[NR_MAC]   DLSCH ACK/NACK reporting initiated for harq pid 0 before DLSCH decoding completed for now marking as compelete 
[0m[1;31m[NR_MAC]   DLSCH ACK/NACK reporting initiated for harq pid 8 before DLSCH decoding completed for now marking as compelete 
[0m[1;31m[NR_MAC]   DLSCH ACK/NACK reporting initiated for harq pid 11 before DLSCH decoding completed for now marking as compelete 
[0m[1;31m[NR_MAC]   DLSCH ACK/NACK reporting initiated for harq pid 12 before DLSCH decoding completed for now marking as compelete 
[0m[1;31m[NR_MAC]   DLSCH ACK/NACK reporting initiated for harq pid 13 before DLSCH decoding completed for now marking as compelete 
[0m[1;31m[NR_MAC]   DLSCH ACK/NACK reporting initiated for harq pid 14 before DLSCH decoding completed for now marking as compelete 
[0m[1;31m[NR_MAC]   DLSCH ACK/NACK reporting initiated for harq pid 1 before DLSCH decoding completed for now marking as compelete 
[0m[1;31m[NR_MAC]   DLSCH ACK/NACK reporting initiated for harq pid 4 before DLSCH decoding completed for now marking as compelete 
[0m[1;31m[NR_MAC]   DLSCH ACK/NACK reporting initiated for harq pid 5 before DLSCH decoding completed for now marking as compelete 
[0m[1;31m[NR_MAC]   DLSCH ACK/NACK reporting initiated for harq pid 6 before DLSCH decoding completed for now marking as compelete 
[0m[1;31m[NR_MAC]   DLSCH ACK/NACK reporting initiated for harq pid 0 before DLSCH decoding completed for now marking as compelete 
[0m[1;31m[NR_MAC]   DLSCH ACK/NACK reporting initiated for harq pid 8 before DLSCH decoding completed for now marking as compelete 
[0m[1;31m[NR_MAC]   DLSCH ACK/NACK reporting initiated for harq pid 11 before DLSCH decoding completed for now marking as compelete 
[0m[1;31m[NR_MAC]   DLSCH ACK/NACK reporting initiated for harq pid 12 before DLSCH decoding completed for now marking as compelete 
[0m[1;31m[NR_MAC]   DLSCH ACK/NACK reporting initiated for harq pid 13 before DLSCH decoding completed for now marking as compelete 
[0m[1;31m[NR_MAC]   DLSCH ACK/NACK reporting initiated for harq pid 14 before DLSCH decoding completed for now marking as compelete 
[0m[1;31m[NR_MAC]   DLSCH ACK/NACK reporting initiated for harq pid 1 before DLSCH decoding completed for now marking as compelete 
[0m[1;31m[NR_MAC]   DLSCH ACK/NACK reporting initiated for harq pid 4 before DLSCH decoding completed for now marking as compelete 
[0m[1;31m[NR_MAC]   DLSCH ACK/NACK reporting initiated for harq pid 5 before DLSCH decoding completed for now marking as compelete 
[0m[1;31m[NR_MAC]   DLSCH ACK/NACK reporting initiated for harq pid 6 before DLSCH decoding completed for now marking as compelete 
[0m[1;31m[NR_MAC]   DLSCH ACK/NACK reporting initiated for harq pid 0 before DLSCH decoding completed for now marking as compelete 
[0m[1;31m[NR_MAC]   DLSCH ACK/NACK reporting initiated for harq pid 8 before DLSCH decoding completed for now marking as compelete 
[0m[1;31m[NR_MAC]   DLSCH ACK/NACK reporting initiated for harq pid 11 before DLSCH decoding completed for now marking as compelete 
[0m[1;31m[NR_MAC]   DLSCH ACK/NACK reporting initiated for harq pid 12 before DLSCH decoding completed for now marking as compelete 
[0m[1;31m[NR_MAC]   DLSCH ACK/NACK reporting initiated for harq pid 13 before DLSCH decoding completed for now marking as compelete 
[0m[1;31m[NR_MAC]   DLSCH ACK/NACK reporting initiated for harq pid 15 before DLSCH decoding completed for now marking as compelete 
[0m[1;31m[NR_MAC]   DLSCH ACK/NACK reporting initiated for harq pid 1 before DLSCH decoding completed for now marking as compelete 
[0m[1;31m[NR_MAC]   DLSCH ACK/NACK reporting initiated for harq pid 2 before DLSCH decoding completed for now marking as compelete 
[0m[1;31m[NR_MAC]   DLSCH ACK/NACK reporting initiated for harq pid 5 before DLSCH decoding completed for now marking as compelete 
[0m[1;31m[NR_MAC]   DLSCH ACK/NACK reporting initiated for harq pid 6 before DLSCH decoding completed for now marking as compelete 
[0m[1;31m[NR_MAC]   DLSCH ACK/NACK reporting initiated for harq pid 7 before DLSCH decoding completed for now marking as compelete 
[0m[1;31m[NR_MAC]   DLSCH ACK/NACK reporting initiated for harq pid 8 before DLSCH decoding completed for now marking as compelete 
[0m[1;31m[NR_MAC]   DLSCH ACK/NACK reporting initiated for harq pid 9 before DLSCH decoding completed for now marking as compelete 
[0m[1;31m[NR_MAC]   DLSCH ACK/NACK reporting initiated for harq pid 12 before DLSCH decoding completed for now marking as compelete 
[0m[1;31m[NR_MAC]   DLSCH ACK/NACK reporting initiated for harq pid 13 before DLSCH decoding completed for now marking as compelete 
[0m[1;31m[NR_MAC]   DLSCH ACK/NACK reporting initiated for harq pid 15 before DLSCH decoding completed for now marking as compelete 
[0m[1;31m[NR_MAC]   DLSCH ACK/NACK reporting initiated for harq pid 1 before DLSCH decoding completed for now marking as compelete 
[0m[1;31m[NR_MAC]   DLSCH ACK/NACK reporting initiated for harq pid 2 before DLSCH decoding completed for now marking as compelete 
[0m[1;31m[NR_MAC]   DLSCH ACK/NACK reporting initiated for harq pid 5 before DLSCH decoding completed for now marking as compelete 
[0m[1;31m[NR_MAC]   DLSCH ACK/NACK reporting initiated for harq pid 6 before DLSCH decoding completed for now marking as compelete 
[0m[1;31m[NR_MAC]   DLSCH ACK/NACK reporting initiated for harq pid 7 before DLSCH decoding completed for now marking as compelete 
[0m[1;31m[NR_MAC]   DLSCH ACK/NACK reporting initiated for harq pid 8 before DLSCH decoding completed for now marking as compelete 
[0m[1;31m[NR_MAC]   DLSCH ACK/NACK reporting initiated for harq pid 9 before DLSCH decoding completed for now marking as compelete 
[0m[1;31m[NR_MAC]   DLSCH ACK/NACK reporting initiated for harq pid 12 before DLSCH decoding completed for now marking as compelete 
[0m[1;31m[NR_MAC]   DLSCH ACK/NACK reporting initiated for harq pid 13 before DLSCH decoding completed for now marking as compelete 
[0m[1;31m[NR_MAC]   DLSCH ACK/NACK reporting initiated for harq pid 15 before DLSCH decoding completed for now marking as compelete 
[0m[1;31m[NR_MAC]   DLSCH ACK/NACK reporting initiated for harq pid 1 before DLSCH decoding completed for now marking as compelete 
[0m[1;31m[NR_MAC]   DLSCH ACK/NACK reporting initiated for harq pid 2 before DLSCH decoding completed for now marking as compelete 
[0m[1;31m[NR_MAC]   DLSCH ACK/NACK reporting initiated for harq pid 5 before DLSCH decoding completed for now marking as compelete 
[0m[1;31m[NR_MAC]   DLSCH ACK/NACK reporting initiated for harq pid 6 before DLSCH decoding completed for now marking as compelete 
[0m[1;31m[NR_MAC]   DLSCH ACK/NACK reporting initiated for harq pid 7 before DLSCH decoding completed for now marking as compelete 
[0m[1;31m[NR_MAC]   DLSCH ACK/NACK reporting initiated for harq pid 8 before DLSCH decoding completed for now marking as compelete 
[0m[1;31m[NR_MAC]   DLSCH ACK/NACK reporting initiated for harq pid 9 before DLSCH decoding completed for now marking as compelete 
[0m[1;31m[NR_MAC]   DLSCH ACK/NACK reporting initiated for harq pid 12 before DLSCH decoding completed for now marking as compelete 
[0m[1;31m[NR_MAC]   DLSCH ACK/NACK reporting initiated for harq pid 13 before DLSCH decoding completed for now marking as compelete 
[0m[1;31m[NR_MAC]   DLSCH ACK/NACK reporting initiated for harq pid 15 before DLSCH decoding completed for now marking as compelete 
[0m[1;31m[NR_MAC]   DLSCH ACK/NACK reporting initiated for harq pid 1 before DLSCH decoding completed for now marking as compelete 
[0m[1;31m[NR_MAC]   DLSCH ACK/NACK reporting initiated for harq pid 2 before DLSCH decoding completed for now marking as compelete 
[0m[1;31m[NR_MAC]   DLSCH ACK/NACK reporting initiated for harq pid 5 before DLSCH decoding completed for now marking as compelete 
[0m[1;31m[NR_MAC]   DLSCH ACK/NACK reporting initiated for harq pid 6 before DLSCH decoding completed for now marking as compelete 
[0m[1;31m[NR_MAC]   DLSCH ACK/NACK reporting initiated for harq pid 7 before DLSCH decoding completed for now marking as compelete 
[0m[1;31m[NR_MAC]   DLSCH ACK/NACK reporting initiated for harq pid 8 before DLSCH decoding completed for now marking as compelete 
[0m[1;31m[NR_MAC]   DLSCH ACK/NACK reporting initiated for harq pid 9 before DLSCH decoding completed for now marking as compelete 
[0m[1;31m[NR_MAC]   DLSCH ACK/NACK reporting initiated for harq pid 12 before DLSCH decoding completed for now marking as compelete 
[0m[1;31m[NR_MAC]   DLSCH ACK/NACK reporting initiated for harq pid 15 before DLSCH decoding completed for now marking as compelete 
[0m[1;31m[NR_MAC]   DLSCH ACK/NACK reporting initiated for harq pid 14 before DLSCH decoding completed for now marking as compelete 
[0m[1;31m[NR_MAC]   DLSCH ACK/NACK reporting initiated for harq pid 2 before DLSCH decoding completed for now marking as compelete 
[0m[1;31m[NR_MAC]   DLSCH ACK/NACK reporting initiated for harq pid 3 before DLSCH decoding completed for now marking as compelete 
[0m[1;31m[NR_MAC]   DLSCH ACK/NACK reporting initiated for harq pid 6 before DLSCH decoding completed for now marking as compelete 
[0m[1;31m[NR_MAC]   DLSCH ACK/NACK reporting initiated for harq pid 7 before DLSCH decoding completed for now marking as compelete 
[0m[1;31m[NR_MAC]   DLSCH ACK/NACK reporting initiated for harq pid 0 before DLSCH decoding completed for now marking as compelete 
[0m[1;31m[NR_MAC]   DLSCH ACK/NACK reporting initiated for harq pid 9 before DLSCH decoding completed for now marking as compelete 
[0m[1;31m[NR_MAC]   DLSCH ACK/NACK reporting initiated for harq pid 10 before DLSCH decoding completed for now marking as compelete 
[0m[1;31m[NR_MAC]   DLSCH ACK/NACK reporting initiated for harq pid 13 before DLSCH decoding completed for now marking as compelete 
[0m[1;31m[NR_MAC]   DLSCH ACK/NACK reporting initiated for harq pid 15 before DLSCH decoding completed for now marking as compelete 
[0m[1;31m[NR_MAC]   DLSCH ACK/NACK reporting initiated for harq pid 14 before DLSCH decoding completed for now marking as compelete 
[0m[1;31m[NR_MAC]   DLSCH ACK/NACK reporting initiated for harq pid 2 before DLSCH decoding completed for now marking as compelete 
[0m[1;31m[NR_MAC]   DLSCH ACK/NACK reporting initiated for harq pid 3 before DLSCH decoding completed for now marking as compelete 
[0m[1;31m[NR_MAC]   DLSCH ACK/NACK reporting initiated for harq pid 6 before DLSCH decoding completed for now marking as compelete 
[0m[1;31m[NR_MAC]   DLSCH ACK/NACK reporting initiated for harq pid 7 before DLSCH decoding completed for now marking as compelete 
[0m[1;31m[NR_MAC]   DLSCH ACK/NACK reporting initiated for harq pid 0 before DLSCH decoding completed for now marking as compelete 
[0m[1;31m[NR_MAC]   DLSCH ACK/NACK reporting initiated for harq pid 9 before DLSCH decoding completed for now marking as compelete 
[0m[1;31m[NR_MAC]   DLSCH ACK/NACK reporting initiated for harq pid 10 before DLSCH decoding completed for now marking as compelete 
[0m[1;31m[NR_MAC]   DLSCH ACK/NACK reporting initiated for harq pid 13 before DLSCH decoding completed for now marking as compelete 
[0m[1;31m[NR_MAC]   DLSCH ACK/NACK reporting initiated for harq pid 15 before DLSCH decoding completed for now marking as compelete 
[0m[1;31m[NR_MAC]   DLSCH ACK/NACK reporting initiated for harq pid 14 before DLSCH decoding completed for now marking as compelete 
[0m[1;31m[NR_MAC]   DLSCH ACK/NACK reporting initiated for harq pid 2 before DLSCH decoding completed for now marking as compelete 
[0m[1;31m[NR_MAC]   DLSCH ACK/NACK reporting initiated for harq pid 3 before DLSCH decoding completed for now marking as compelete 
[0m[1;31m[NR_MAC]   DLSCH ACK/NACK reporting initiated for harq pid 6 before DLSCH decoding completed for now marking as compelete 
[0m[1;31m[NR_MAC]   DLSCH ACK/NACK reporting initiated for harq pid 7 before DLSCH decoding completed for now marking as compelete 
[0m[1;31m[NR_MAC]   DLSCH ACK/NACK reporting initiated for harq pid 0 before DLSCH decoding completed for now marking as compelete 
[0m[1;31m[NR_MAC]   DLSCH ACK/NACK reporting initiated for harq pid 9 before DLSCH decoding completed for now marking as compelete 
[0m[1;31m[NR_MAC]   DLSCH ACK/NACK reporting initiated for harq pid 10 before DLSCH decoding completed for now marking as compelete 
[0m[1;31m[NR_MAC]   DLSCH ACK/NACK reporting initiated for harq pid 13 before DLSCH decoding completed for now marking as compelete 
[0m[1;31m[NR_MAC]   DLSCH ACK/NACK reporting initiated for harq pid 15 before DLSCH decoding completed for now marking as compelete 
[0m[1;31m[NR_MAC]   DLSCH ACK/NACK reporting initiated for harq pid 14 before DLSCH decoding completed for now marking as compelete 
[0m[1;31m[NR_MAC]   DLSCH ACK/NACK reporting initiated for harq pid 2 before DLSCH decoding completed for now marking as compelete 
[0m[1;31m[NR_MAC]   DLSCH ACK/NACK reporting initiated for harq pid 3 before DLSCH decoding completed for now marking as compelete 
[0m[1;31m[NR_MAC]   DLSCH ACK/NACK reporting initiated for harq pid 6 before DLSCH decoding completed for now marking as compelete 
[0m[1;31m[NR_MAC]   DLSCH ACK/NACK reporting initiated for harq pid 7 before DLSCH decoding completed for now marking as compelete 
[0m[1;31m[NR_MAC]   DLSCH ACK/NACK reporting initiated for harq pid 0 before DLSCH decoding completed for now marking as compelete 
[0m[1;31m[NR_MAC]   DLSCH ACK/NACK reporting initiated for harq pid 8 before DLSCH decoding completed for now marking as compelete 
[0m[1;31m[NR_MAC]   DLSCH ACK/NACK reporting initiated for harq pid 10 before DLSCH decoding completed for now marking as compelete 
[0m[1;31m[NR_MAC]   DLSCH ACK/NACK reporting initiated for harq pid 11 before DLSCH decoding completed for now marking as compelete 
