HOSTNAME        : ue-368
UE ID           : 368
Computed IMSI   : 208930000000369
gNB ID          : 368
Proxy IP        : 10.3.9.1
UE IP           : 10.244.110.53
Actual UE ID:    9
Actual GNB ID:   9
global-sc-network [10.4.1.1] 8000 (?) : Connection refused
Waiting for start message
Start message received!
Starting the UE 1758154821.8684666
Calling sched_setscheduler(79)
[1;31m[NR_MAC]   DLSCH ACK/NACK reporting initiated for harq pid 3 before DLSCH decoding completed for now marking as compelete 
[0mCMDLINE: "./nr-uesoftmodem" "-O" "/ue.conf" "--nfapi" "STANDALONE_PNF" "--node-number" "2" "--emulate-l1" "--sa" "1" 
[CONFIG] get parameters from libconfig /ue.conf [LIBCONFIG] Path for include directive set to: /
[CONFIG] function config_libconfig_init returned 0
[CONFIG] config module libconfig loaded
[LIBCONFIG] config: 2/2 parameters successfully set, (2 to default value)
[CONFIG] debug flags: 0x00000000
[LIBCONFIG] log_config: 3/3 parameters successfully set, (1 to default value)
[LIBCONFIG] log_config: 53/53 parameters successfully set, (45 to default value)
[LIBCONFIG] log_config: 53/53 parameters successfully set, (53 to default value)
[LIBCONFIG] log_config: 16/16 parameters successfully set, (16 to default value)
[LIBCONFIG] log_config: 16/16 parameters successfully set, (16 to default value)
log init done
[LIBCONFIG] (root): 33/33 parameters successfully set, (30 to default value)
[LIBCONFIG] (root): 41/41 parameters successfully set, (38 to default value)
[LIBCONFIG] (root): 6/6 parameters successfully set, (5 to default value)
[LIBCONFIG] TTracer: 3/3 parameters successfully set, (3 to default value)
create a thread for core -1
create a thread for core -1
create a thread for core -1
create a thread for core -1
create a thread for core -1
create a thread for core -1
create a thread for core -1
create a thread for core -1
[LIBCONFIG] opt: 3/3 parameters successfully set, (3 to default value)
[LIBCONFIG] loader: 2/2 parameters successfully set, (2 to default value)
[LIBCONFIG] loader.ldpc: 2/2 parameters successfully set, (1 to default value)
shlib_path libldpc.so
[LOADER] library libldpc.so successfully loaded
[LIBCONFIG] nas.noS1: 3/3 parameters successfully set, (3 to default value)
[LIBCONFIG] MACRLCs.[0]: 34/34 parameters successfully set, (25 to default value)
[LIBCONFIG] (root): 30/30 parameters successfully set, (28 to default value)
Ujjwal: start -> 9
TYPE <CTRL-C> TO TERMINATE
[LIBCONFIG] uicc0: 10/10 parameters successfully set, (5 to default value)
Entering ITTI signals handler
TYPE <CTRL-C> TO TERMINATE
kgnb : 44 c0 0e 15 a8 4a 61 67 47 8d 0c de 15 98 44 3c b1 09 a3 a3 77 1d 76 92 96 24 1b ea 57 65 e5 b6 
kausf:2b 5e 18 b a4 40 8b dd 9f ca a9 5e 16 dc 3e 6d ba 88 9f 45 60 d5 9c 36 3d 34 6 eb c5 55 97 c8 
kseaf:c1 b7 3d 8a a5 5a b8 a0 7d 3f 68 a8 e2 29 df f1 17 11 2c ae a4 78 c 56 ca 6 c4 13 18 f1 bf f1 
kamf:e2 bc 2 28 d9 98 8 70 64 fd ed 13 5b 2c 20 d5 82 d3 54 50 eb 47 3a 80 1a e5 8d e5 23 f0 d8 47 
knas_int:
c4 33 ec df 24 f8 b2 38 a0 8e b3 8 36 cd ed 38 
mac 48 90 ed 51 
[NR_RRC]   driving kRRCenc, kRRCint and kUPenc from KgNB=44 c0 0e 15 a8 4a 61 67 47 8d 0c de 15 98 44 3c b1 09 a3 a3 77 1d 76 92 96 24 1b ea 57 65 e5 b6 [0m
[NR_RRC]   securityModeComplete payload: 28 00 00 00 00 00 00 00 08 00 00 00 00 00 00 00 [0m
<UE-NR-Capability>
    <accessStratumRelease><rel15/></accessStratumRelease>
    <pdcp-Parameters>
        <supportedROHC-Profiles>
            <profile0x0000><false/></profile0x0000>
            <profile0x0001><false/></profile0x0001>
            <profile0x0002><false/></profile0x0002>
            <profile0x0003><false/></profile0x0003>
            <profile0x0004><false/></profile0x0004>
            <profile0x0006><false/></profile0x0006>
            <profile0x0101><false/></profile0x0101>
            <profile0x0102><false/></profile0x0102>
            <profile0x0103><false/></profile0x0103>
            <profile0x0104><false/></profile0x0104>
        </supportedROHC-Profiles>
        <maxNumberROHC-ContextSessions><cs2/></maxNumberROHC-ContextSessions>
    </pdcp-Parameters>
    <phy-Parameters>
    </phy-Parameters>
    <rf-Parameters>
        <supportedBandListNR>
            <BandNR>
                <bandNR>1</bandNR>
            </BandNR>
        </supportedBandListNR>
    </rf-Parameters>
</UE-NR-Capability>
[1;31m[NR_MAC]   DLSCH ACK/NACK reporting initiated for harq pid 9 before DLSCH decoding completed for now marking as compelete 
[0m[1;31m[NR_MAC]   DLSCH ACK/NACK reporting initiated for harq pid 10 before DLSCH decoding completed for now marking as compelete 
[0m[1;31m[NR_MAC]   DLSCH ACK/NACK reporting initiated for harq pid 11 before DLSCH decoding completed for now marking as compelete 
[0m[1;31m[NR_MAC]   DLSCH ACK/NACK reporting initiated for harq pid 12 before DLSCH decoding completed for now marking as compelete 
[0m[1;31m[NR_MAC]   DLSCH ACK/NACK reporting initiated for harq pid 13 before DLSCH decoding completed for now marking as compelete 
[0m[1;31m[NR_MAC]   DLSCH ACK/NACK reporting initiated for harq pid 14 before DLSCH decoding completed for now marking as compelete 
[0m[1;31m[NR_MAC]   DLSCH ACK/NACK reporting initiated for harq pid 2 before DLSCH decoding completed for now marking as compelete 
[0m[1;31m[NR_MAC]   DLSCH ACK/NACK reporting initiated for harq pid 9 before DLSCH decoding completed for now marking as compelete 
[0m[1;31m[NR_MAC]   DLSCH ACK/NACK reporting initiated for harq pid 10 before DLSCH decoding completed for now marking as compelete 
[0m[1;31m[NR_MAC]   DLSCH ACK/NACK reporting initiated for harq pid 13 before DLSCH decoding completed for now marking as compelete 
[0m[1;31m[NR_MAC]   DLSCH ACK/NACK reporting initiated for harq pid 15 before DLSCH decoding completed for now marking as compelete 
[0m[1;31m[NR_MAC]   DLSCH ACK/NACK reporting initiated for harq pid 1 before DLSCH decoding completed for now marking as compelete 
[0m[1;31m[NR_MAC]   DLSCH ACK/NACK reporting initiated for harq pid 2 before DLSCH decoding completed for now marking as compelete 
[0m[1;31m[NR_MAC]   DLSCH ACK/NACK reporting initiated for harq pid 4 before DLSCH decoding completed for now marking as compelete 
[0m[1;31m[NR_MAC]   DLSCH ACK/NACK reporting initiated for harq pid 5 before DLSCH decoding completed for now marking as compelete 
[0m[1;31m[NR_MAC]   DLSCH ACK/NACK reporting initiated for harq pid 6 before DLSCH decoding completed for now marking as compelete 
[0m[1;31m[NR_MAC]   DLSCH ACK/NACK reporting initiated for harq pid 0 before DLSCH decoding completed for now marking as compelete 
[0m[1;31m[NR_MAC]   DLSCH ACK/NACK reporting initiated for harq pid 8 before DLSCH decoding completed for now marking as compelete 
[0m[1;31m[NR_MAC]   DLSCH ACK/NACK reporting initiated for harq pid 11 before DLSCH decoding completed for now marking as compelete 
[0m[1;31m[NR_MAC]   DLSCH ACK/NACK reporting initiated for harq pid 12 before DLSCH decoding completed for now marking as compelete 
[0m[1;31m[NR_MAC]   DLSCH ACK/NACK reporting initiated for harq pid 13 before DLSCH decoding completed for now marking as compelete 
[0m[1;31m[NR_MAC]   DLSCH ACK/NACK reporting initiated for harq pid 1 before DLSCH decoding completed for now marking as compelete 
[0m[1;31m[NR_MAC]   DLSCH ACK/NACK reporting initiated for harq pid 2 before DLSCH decoding completed for now marking as compelete 
[0m[1;31m[NR_MAC]   DLSCH ACK/NACK reporting initiated for harq pid 3 before DLSCH decoding completed for now marking as compelete 
[0m[1;31m[NR_MAC]   DLSCH ACK/NACK reporting initiated for harq pid 5 before DLSCH decoding completed for now marking as compelete 
[0m[1;31m[NR_MAC]   DLSCH ACK/NACK reporting initiated for harq pid 6 before DLSCH decoding completed for now marking as compelete 
[0m[1;31m[NR_MAC]   DLSCH ACK/NACK reporting initiated for harq pid 7 before DLSCH decoding completed for now marking as compelete 
[0m[1;31m[NR_MAC]   DLSCH ACK/NACK reporting initiated for harq pid 8 before DLSCH decoding completed for now marking as compelete 
[0m[1;31m[NR_MAC]   DLSCH ACK/NACK reporting initiated for harq pid 9 before DLSCH decoding completed for now marking as compelete 
[0m[1;31m[NR_MAC]   DLSCH ACK/NACK reporting initiated for harq pid 10 before DLSCH decoding completed for now marking as compelete 
[0m[1;31m[NR_MAC]   DLSCH ACK/NACK reporting initiated for harq pid 12 before DLSCH decoding completed for now marking as compelete 
[0m[1;31m[NR_MAC]   DLSCH ACK/NACK reporting initiated for harq pid 13 before DLSCH decoding completed for now marking as compelete 
[0m[1;31m[NR_MAC]   DLSCH ACK/NACK reporting initiated for harq pid 1 before DLSCH decoding completed for now marking as compelete 
[0m[1;31m[NR_MAC]   DLSCH ACK/NACK reporting initiated for harq pid 2 before DLSCH decoding completed for now marking as compelete 
[0m[1;31m[NR_MAC]   DLSCH ACK/NACK reporting initiated for harq pid 3 before DLSCH decoding completed for now marking as compelete 
[0m[1;31m[NR_MAC]   DLSCH ACK/NACK reporting initiated for harq pid 4 before DLSCH decoding completed for now marking as compelete 
[0m[1;31m[NR_MAC]   DLSCH ACK/NACK reporting initiated for harq pid 7 before DLSCH decoding completed for now marking as compelete 
[0m[1;31m[NR_MAC]   DLSCH ACK/NACK reporting initiated for harq pid 0 before DLSCH decoding completed for now marking as compelete 
[0m[1;31m[NR_MAC]   DLSCH ACK/NACK reporting initiated for harq pid 8 before DLSCH decoding completed for now marking as compelete 
[0m[1;31m[NR_MAC]   DLSCH ACK/NACK reporting initiated for harq pid 10 before DLSCH decoding completed for now marking as compelete 
[0m[1;31m[NR_MAC]   DLSCH ACK/NACK reporting initiated for harq pid 11 before DLSCH decoding completed for now marking as compelete 
[0m[1;31m[NR_MAC]   DLSCH ACK/NACK reporting initiated for harq pid 12 before DLSCH decoding completed for now marking as compelete 
[0m[1;31m[NR_MAC]   DLSCH ACK/NACK reporting initiated for harq pid 14 before DLSCH decoding completed for now marking as compelete 
[0m[1;31m[NR_MAC]   DLSCH ACK/NACK reporting initiated for harq pid 15 before DLSCH decoding completed for now marking as compelete 
[0m[1;31m[NR_MAC]   DLSCH ACK/NACK reporting initiated for harq pid 1 before DLSCH decoding completed for now marking as compelete 
[0m[1;31m[NR_MAC]   DLSCH ACK/NACK reporting initiated for harq pid 4 before DLSCH decoding completed for now marking as compelete 
[0m[1;31m[NR_MAC]   DLSCH ACK/NACK reporting initiated for harq pid 5 before DLSCH decoding completed for now marking as compelete 
[0m[1;31m[NR_MAC]   DLSCH ACK/NACK reporting initiated for harq pid 0 before DLSCH decoding completed for now marking as compelete 
[0m[1;31m[NR_MAC]   DLSCH ACK/NACK reporting initiated for harq pid 8 before DLSCH decoding completed for now marking as compelete 
[0m[1;31m[NR_MAC]   DLSCH ACK/NACK reporting initiated for harq pid 11 before DLSCH decoding completed for now marking as compelete 
[0m[1;31m[NR_MAC]   DLSCH ACK/NACK reporting initiated for harq pid 12 before DLSCH decoding completed for now marking as compelete 
[0m[1;31m[NR_MAC]   DLSCH ACK/NACK reporting initiated for harq pid 13 before DLSCH decoding completed for now marking as compelete 
[0m[1;31m[NR_MAC]   DLSCH ACK/NACK reporting initiated for harq pid 14 before DLSCH decoding completed for now marking as compelete 
[0m[1;31m[NR_MAC]   DLSCH ACK/NACK reporting initiated for harq pid 1 before DLSCH decoding completed for now marking as compelete 
[0m[1;31m[NR_MAC]   DLSCH ACK/NACK reporting initiated for harq pid 2 before DLSCH decoding completed for now marking as compelete 
[0m[1;31m[NR_MAC]   DLSCH ACK/NACK reporting initiated for harq pid 3 before DLSCH decoding completed for now marking as compelete 
[0m[1;31m[NR_MAC]   DLSCH ACK/NACK reporting initiated for harq pid 5 before DLSCH decoding completed for now marking as compelete 
[0m[1;31m[NR_MAC]   DLSCH ACK/NACK reporting initiated for harq pid 6 before DLSCH decoding completed for now marking as compelete 
[0m[1;31m[NR_MAC]   DLSCH ACK/NACK reporting initiated for harq pid 8 before DLSCH decoding completed for now marking as compelete 
[0m[1;31m[NR_MAC]   DLSCH ACK/NACK reporting initiated for harq pid 9 before DLSCH decoding completed for now marking as compelete 
[0m[1;31m[NR_MAC]   DLSCH ACK/NACK reporting initiated for harq pid 10 before DLSCH decoding completed for now marking as compelete 
[0m[1;31m[NR_MAC]   DLSCH ACK/NACK reporting initiated for harq pid 13 before DLSCH decoding completed for now marking as compelete 
[0m[1;31m[NR_MAC]   DLSCH ACK/NACK reporting initiated for harq pid 14 before DLSCH decoding completed for now marking as compelete 
[0m[1;31m[NR_MAC]   DLSCH ACK/NACK reporting initiated for harq pid 2 before DLSCH decoding completed for now marking as compelete 
[0m[1;31m[NR_MAC]   DLSCH ACK/NACK reporting initiated for harq pid 3 before DLSCH decoding completed for now marking as compelete 
[0m[1;31m[NR_MAC]   DLSCH ACK/NACK reporting initiated for harq pid 4 before DLSCH decoding completed for now marking as compelete 
[0m[1;31m[NR_MAC]   DLSCH ACK/NACK reporting initiated for harq pid 6 before DLSCH decoding completed for now marking as compelete 
[0m[1;31m[NR_MAC]   DLSCH ACK/NACK reporting initiated for harq pid 7 before DLSCH decoding completed for now marking as compelete 
[0m[1;31m[NR_MAC]   DLSCH ACK/NACK reporting initiated for harq pid 0 before DLSCH decoding completed for now marking as compelete 
[0m[1;31m[NR_MAC]   DLSCH ACK/NACK reporting initiated for harq pid 9 before DLSCH decoding completed for now marking as compelete 
[0m[1;31m[NR_MAC]   DLSCH ACK/NACK reporting initiated for harq pid 10 before DLSCH decoding completed for now marking as compelete 
[0m[1;31m[NR_MAC]   DLSCH ACK/NACK reporting initiated for harq pid 13 before DLSCH decoding completed for now marking as compelete 
[0m[1;31m[NR_MAC]   DLSCH ACK/NACK reporting initiated for harq pid 14 before DLSCH decoding completed for now marking as compelete 
[0m[1;31m[NR_MAC]   DLSCH ACK/NACK reporting initiated for harq pid 15 before DLSCH decoding completed for now marking as compelete 
[0m[1;31m[NR_MAC]   DLSCH ACK/NACK reporting initiated for harq pid 3 before DLSCH decoding completed for now marking as compelete 
[0m[1;31m[NR_MAC]   DLSCH ACK/NACK reporting initiated for harq pid 4 before DLSCH decoding completed for now marking as compelete 
[0m[1;31m[NR_MAC]   DLSCH ACK/NACK reporting initiated for harq pid 7 before DLSCH decoding completed for now marking as compelete 
[0m[1;31m[NR_MAC]   DLSCH ACK/NACK reporting initiated for harq pid 0 before DLSCH decoding completed for now marking as compelete 
[0m[1;31m[NR_MAC]   DLSCH ACK/NACK reporting initiated for harq pid 8 before DLSCH decoding completed for now marking as compelete 
[0m[1;31m[NR_MAC]   DLSCH ACK/NACK reporting initiated for harq pid 10 before DLSCH decoding completed for now marking as compelete 
[0m[1;31m[NR_MAC]   DLSCH ACK/NACK reporting initiated for harq pid 11 before DLSCH decoding completed for now marking as compelete 
[0m[1;31m[NR_MAC]   DLSCH ACK/NACK reporting initiated for harq pid 12 before DLSCH decoding completed for now marking as compelete 
[0m[1;31m[NR_MAC]   DLSCH ACK/NACK reporting initiated for harq pid 13 before DLSCH decoding completed for now marking as compelete 
[0m[1;31m[NR_MAC]   DLSCH ACK/NACK reporting initiated for harq pid 14 before DLSCH decoding completed for now marking as compelete 
[0m[1;31m[NR_MAC]   DLSCH ACK/NACK reporting initiated for harq pid 1 before DLSCH decoding completed for now marking as compelete 
[0m[1;31m[NR_MAC]   DLSCH ACK/NACK reporting initiated for harq pid 2 before DLSCH decoding completed for now marking as compelete 
[0m[1;31m[NR_MAC]   DLSCH ACK/NACK reporting initiated for harq pid 5 before DLSCH decoding completed for now marking as compelete 
[0m[1;31m[NR_MAC]   DLSCH ACK/NACK reporting initiated for harq pid 6 before DLSCH decoding completed for now marking as compelete 
[0m[1;31m[NR_MAC]   DLSCH ACK/NACK reporting initiated for harq pid 8 before DLSCH decoding completed for now marking as compelete 
[0m[1;31m[NR_MAC]   DLSCH ACK/NACK reporting initiated for harq pid 9 before DLSCH decoding completed for now marking as compelete 
[0m[1;31m[NR_MAC]   DLSCH ACK/NACK reporting initiated for harq pid 10 before DLSCH decoding completed for now marking as compelete 
[0m[1;31m[NR_MAC]   DLSCH ACK/NACK reporting initiated for harq pid 11 before DLSCH decoding completed for now marking as compelete 
[0m[1;31m[NR_MAC]   DLSCH ACK/NACK reporting initiated for harq pid 13 before DLSCH decoding completed for now marking as compelete 
[0m[1;31m[NR_MAC]   DLSCH ACK/NACK reporting initiated for harq pid 14 before DLSCH decoding completed for now marking as compelete 
[0m[1;31m[NR_MAC]   DLSCH ACK/NACK reporting initiated for harq pid 15 before DLSCH decoding completed for now marking as compelete 
[0m[1;31m[NR_MAC]   DLSCH ACK/NACK reporting initiated for harq pid 2 before DLSCH decoding completed for now marking as compelete 
[0m[1;31m[NR_MAC]   DLSCH ACK/NACK reporting initiated for harq pid 3 before DLSCH decoding completed for now marking as compelete 
[0m[1;31m[NR_MAC]   DLSCH ACK/NACK reporting initiated for harq pid 4 before DLSCH decoding completed for now marking as compelete 
[0m[1;31m[NR_MAC]   DLSCH ACK/NACK reporting initiated for harq pid 6 before DLSCH decoding completed for now marking as compelete 
[0m[1;31m[NR_MAC]   DLSCH ACK/NACK reporting initiated for harq pid 7 before DLSCH decoding completed for now marking as compelete 
[0m[1;31m[NR_MAC]   DLSCH ACK/NACK reporting initiated for harq pid 9 before DLSCH decoding completed for now marking as compelete 
[0m[1;31m[NR_MAC]   DLSCH ACK/NACK reporting initiated for harq pid 10 before DLSCH decoding completed for now marking as compelete 
[0m[1;31m[NR_MAC]   DLSCH ACK/NACK reporting initiated for harq pid 13 before DLSCH decoding completed for now marking as compelete 
[0m[1;31m[NR_MAC]   DLSCH ACK/NACK reporting initiated for harq pid 14 before DLSCH decoding completed for now marking as compelete 
[0m[1;31m[NR_MAC]   DLSCH ACK/NACK reporting initiated for harq pid 15 before DLSCH decoding completed for now marking as compelete 
[0m[1;31m[NR_MAC]   DLSCH ACK/NACK reporting initiated for harq pid 2 before DLSCH decoding completed for now marking as compelete 
[0m[1;31m[NR_MAC]   DLSCH ACK/NACK reporting initiated for harq pid 3 before DLSCH decoding completed for now marking as compelete 
[0m[1;31m[NR_MAC]   DLSCH ACK/NACK reporting initiated for harq pid 4 before DLSCH decoding completed for now marking as compelete 
[0m[1;31m[NR_MAC]   DLSCH ACK/NACK reporting initiated for harq pid 6 before DLSCH decoding completed for now marking as compelete 
[0m[1;31m[NR_MAC]   DLSCH ACK/NACK reporting initiated for harq pid 7 before DLSCH decoding completed for now marking as compelete 
[0m[1;31m[NR_MAC]   DLSCH ACK/NACK reporting initiated for harq pid 0 before DLSCH decoding completed for now marking as compelete 
[0m[1;31m[NR_MAC]   DLSCH ACK/NACK reporting initiated for harq pid 9 before DLSCH decoding completed for now marking as compelete 
[0m[1;31m[NR_MAC]   DLSCH ACK/NACK reporting initiated for harq pid 10 before DLSCH decoding completed for now marking as compelete 
[0m[1;31m[NR_MAC]   DLSCH ACK/NACK reporting initiated for harq pid 11 before DLSCH decoding completed for now marking as compelete 
[0m[1;31m[NR_MAC]   DLSCH ACK/NACK reporting initiated for harq pid 14 before DLSCH decoding completed for now marking as compelete 
[0m[1;31m[NR_MAC]   DLSCH ACK/NACK reporting initiated for harq pid 15 before DLSCH decoding completed for now marking as compelete 
[0m[1;31m[NR_MAC]   DLSCH ACK/NACK reporting initiated for harq pid 3 before DLSCH decoding completed for now marking as compelete 
[0m[1;31m[NR_MAC]   DLSCH ACK/NACK reporting initiated for harq pid 4 before DLSCH decoding completed for now marking as compelete 
[0m[1;31m[NR_MAC]   DLSCH ACK/NACK reporting initiated for harq pid 5 before DLSCH decoding completed for now marking as compelete 
[0m[1;31m[NR_MAC]   DLSCH ACK/NACK reporting initiated for harq pid 7 before DLSCH decoding completed for now marking as compelete 
[0m[1;31m[NR_MAC]   DLSCH ACK/NACK reporting initiated for harq pid 0 before DLSCH decoding completed for now marking as compelete 
[0m[1;31m[NR_MAC]   DLSCH ACK/NACK reporting initiated for harq pid 8 before DLSCH decoding completed for now marking as compelete 
[0m[1;31m[NR_MAC]   DLSCH ACK/NACK reporting initiated for harq pid 9 before DLSCH decoding completed for now marking as compelete 
[0m[1;31m[NR_MAC]   DLSCH ACK/NACK reporting initiated for harq pid 11 before DLSCH decoding completed for now marking as compelete 
[0m[1;31m[NR_MAC]   DLSCH ACK/NACK reporting initiated for harq pid 12 before DLSCH decoding completed for now marking as compelete 
[0m[1;31m[NR_MAC]   DLSCH ACK/NACK reporting initiated for harq pid 15 before DLSCH decoding completed for now marking as compelete 
[0m[1;31m[NR_MAC]   DLSCH ACK/NACK reporting initiated for harq pid 1 before DLSCH decoding completed for now marking as compelete 
[0m[1;31m[NR_MAC]   DLSCH ACK/NACK reporting initiated for harq pid 4 before DLSCH decoding completed for now marking as compelete 
[0m[1;31m[NR_MAC]   DLSCH ACK/NACK reporting initiated for harq pid 5 before DLSCH decoding completed for now marking as compelete 
[0m[1;31m[NR_MAC]   DLSCH ACK/NACK reporting initiated for harq pid 6 before DLSCH decoding completed for now marking as compelete 
[0m[1;31m[NR_MAC]   DLSCH ACK/NACK reporting initiated for harq pid 8 before DLSCH decoding completed for now marking as compelete 
[0m[1;31m[NR_MAC]   DLSCH ACK/NACK reporting initiated for harq pid 9 before DLSCH decoding completed for now marking as compelete 
[0m[1;31m[NR_MAC]   DLSCH ACK/NACK reporting initiated for harq pid 10 before DLSCH decoding completed for now marking as compelete 
[0m[1;31m[NR_MAC]   DLSCH ACK/NACK reporting initiated for harq pid 12 before DLSCH decoding completed for now marking as compelete 
[0m[1;31m[NR_MAC]   DLSCH ACK/NACK reporting initiated for harq pid 13 before DLSCH decoding completed for now marking as compelete 
[0m[1;31m[NR_MAC]   DLSCH ACK/NACK reporting initiated for harq pid 14 before DLSCH decoding completed for now marking as compelete 
[0m[1;31m[NR_MAC]   DLSCH ACK/NACK reporting initiated for harq pid 1 before DLSCH decoding completed for now marking as compelete 
[0m[1;31m[NR_MAC]   DLSCH ACK/NACK reporting initiated for harq pid 2 before DLSCH decoding completed for now marking as compelete 
[0m[1;31m[NR_MAC]   DLSCH ACK/NACK reporting initiated for harq pid 5 before DLSCH decoding completed for now marking as compelete 
[0m[1;31m[NR_MAC]   DLSCH ACK/NACK reporting initiated for harq pid 6 before DLSCH decoding completed for now marking as compelete 
[0m[1;31m[NR_MAC]   DLSCH ACK/NACK reporting initiated for harq pid 8 before DLSCH decoding completed for now marking as compelete 
[0m[1;31m[NR_MAC]   DLSCH ACK/NACK reporting initiated for harq pid 9 before DLSCH decoding completed for now marking as compelete 
[0m[1;31m[NR_MAC]   DLSCH ACK/NACK reporting initiated for harq pid 10 before DLSCH decoding completed for now marking as compelete 
[0m[1;31m[NR_MAC]   DLSCH ACK/NACK reporting initiated for harq pid 13 before DLSCH decoding completed for now marking as compelete 
[0m[1;31m[NR_MAC]   DLSCH ACK/NACK reporting initiated for harq pid 14 before DLSCH decoding completed for now marking as compelete 
[0m[1;31m[NR_MAC]   DLSCH ACK/NACK reporting initiated for harq pid 15 before DLSCH decoding completed for now marking as compelete 
[0m[1;31m[NR_MAC]   DLSCH ACK/NACK reporting initiated for harq pid 2 before DLSCH decoding completed for now marking as compelete 
[0m[1;31m[NR_MAC]   DLSCH ACK/NACK reporting initiated for harq pid 3 before DLSCH decoding completed for now marking as compelete 
[0m[1;31m[NR_MAC]   DLSCH ACK/NACK reporting initiated for harq pid 4 before DLSCH decoding completed for now marking as compelete 
[0m[1;31m[NR_MAC]   DLSCH ACK/NACK reporting initiated for harq pid 6 before DLSCH decoding completed for now marking as compelete 
[0m[1;31m[NR_MAC]   DLSCH ACK/NACK reporting initiated for harq pid 7 before DLSCH decoding completed for now marking as compelete 
[0m[1;31m[NR_MAC]   DLSCH ACK/NACK reporting initiated for harq pid 0 before DLSCH decoding completed for now marking as compelete 
[0m[1;31m[NR_MAC]   DLSCH ACK/NACK reporting initiated for harq pid 10 before DLSCH decoding completed for now marking as compelete 
[0m[1;31m[NR_MAC]   DLSCH ACK/NACK reporting initiated for harq pid 11 before DLSCH decoding completed for now marking as compelete 
[0m[1;31m[NR_MAC]   DLSCH ACK/NACK reporting initiated for harq pid 14 before DLSCH decoding completed for now marking as compelete 
[0m[1;31m[NR_MAC]   DLSCH ACK/NACK reporting initiated for harq pid 15 before DLSCH decoding completed for now marking as compelete 
[0m[1;31m[NR_MAC]   DLSCH ACK/NACK reporting initiated for harq pid 3 before DLSCH decoding completed for now marking as compelete 
[0m[1;31m[NR_MAC]   DLSCH ACK/NACK reporting initiated for harq pid 4 before DLSCH decoding completed for now marking as compelete 
[0m[1;31m[NR_MAC]   DLSCH ACK/NACK reporting initiated for harq pid 5 before DLSCH decoding completed for now marking as compelete 
[0m[1;31m[NR_MAC]   DLSCH ACK/NACK reporting initiated for harq pid 6 before DLSCH decoding completed for now marking as compelete 
[0m[1;31m[NR_MAC]   DLSCH ACK/NACK reporting initiated for harq pid 0 before DLSCH decoding completed for now marking as compelete 
[0m[1;31m[NR_MAC]   DLSCH ACK/NACK reporting initiated for harq pid 8 before DLSCH decoding completed for now marking as compelete 
[0m[1;31m[NR_MAC]   DLSCH ACK/NACK reporting initiated for harq pid 9 before DLSCH decoding completed for now marking as compelete 
[0m[1;31m[NR_MAC]   DLSCH ACK/NACK reporting initiated for harq pid 11 before DLSCH decoding completed for now marking as compelete 
[0m[1;31m[NR_MAC]   DLSCH ACK/NACK reporting initiated for harq pid 12 before DLSCH decoding completed for now marking as compelete 
[0m[1;31m[NR_MAC]   DLSCH ACK/NACK reporting initiated for harq pid 13 before DLSCH decoding completed for now marking as compelete 
[0m[1;31m[NR_MAC]   DLSCH ACK/NACK reporting initiated for harq pid 1 before DLSCH decoding completed for now marking as compelete 
[0m[1;31m[NR_MAC]   DLSCH ACK/NACK reporting initiated for harq pid 2 before DLSCH decoding completed for now marking as compelete 
[0m[1;31m[NR_MAC]   DLSCH ACK/NACK reporting initiated for harq pid 5 before DLSCH decoding completed for now marking as compelete 
[0m[1;31m[NR_MAC]   DLSCH ACK/NACK reporting initiated for harq pid 6 before DLSCH decoding completed for now marking as compelete 
[0m[1;31m[NR_MAC]   DLSCH ACK/NACK reporting initiated for harq pid 8 before DLSCH decoding completed for now marking as compelete 
[0m[1;31m[NR_MAC]   DLSCH ACK/NACK reporting initiated for harq pid 9 before DLSCH decoding completed for now marking as compelete 
[0m[1;31m[NR_MAC]   DLSCH ACK/NACK reporting initiated for harq pid 10 before DLSCH decoding completed for now marking as compelete 
[0m[1;31m[NR_MAC]   DLSCH ACK/NACK reporting initiated for harq pid 13 before DLSCH decoding completed for now marking as compelete 
[0m[1;31m[NR_MAC]   DLSCH ACK/NACK reporting initiated for harq pid 14 before DLSCH decoding completed for now marking as compelete 
[0m[1;31m[NR_MAC]   DLSCH ACK/NACK reporting initiated for harq pid 15 before DLSCH decoding completed for now marking as compelete 
[0m[1;31m[NR_MAC]   DLSCH ACK/NACK reporting initiated for harq pid 2 before DLSCH decoding completed for now marking as compelete 
[0m[1;31m[NR_MAC]   DLSCH ACK/NACK reporting initiated for harq pid 3 before DLSCH decoding completed for now marking as compelete 
[0m[1;31m[NR_MAC]   DLSCH ACK/NACK reporting initiated for harq pid 4 before DLSCH decoding completed for now marking as compelete 
[0m[1;31m[NR_MAC]   DLSCH ACK/NACK reporting initiated for harq pid 6 before DLSCH decoding completed for now marking as compelete 
[0m[1;31m[NR_MAC]   DLSCH ACK/NACK reporting initiated for harq pid 7 before DLSCH decoding completed for now marking as compelete 
[0m[1;31m[NR_MAC]   DLSCH ACK/NACK reporting initiated for harq pid 0 before DLSCH decoding completed for now marking as compelete 
[0m[1;31m[NR_MAC]   DLSCH ACK/NACK reporting initiated for harq pid 8 before DLSCH decoding completed for now marking as compelete 
[0m[1;31m[NR_MAC]   DLSCH ACK/NACK reporting initiated for harq pid 10 before DLSCH decoding completed for now marking as compelete 
[0m[1;31m[NR_MAC]   DLSCH ACK/NACK reporting initiated for harq pid 11 before DLSCH decoding completed for now marking as compelete 
[0m[1;31m[NR_MAC]   DLSCH ACK/NACK reporting initiated for harq pid 14 before DLSCH decoding completed for now marking as compelete 
[0m[1;31m[NR_MAC]   DLSCH ACK/NACK reporting initiated for harq pid 15 before DLSCH decoding completed for now marking as compelete 
[0m[1;31m[NR_MAC]   DLSCH ACK/NACK reporting initiated for harq pid 3 before DLSCH decoding completed for now marking as compelete 
[0m[1;31m[NR_MAC]   DLSCH ACK/NACK reporting initiated for harq pid 4 before DLSCH decoding completed for now marking as compelete 
[0m[1;31m[NR_MAC]   DLSCH ACK/NACK reporting initiated for harq pid 5 before DLSCH decoding completed for now marking as compelete 
[0m[1;31m[NR_MAC]   DLSCH ACK/NACK reporting initiated for harq pid 0 before DLSCH decoding completed for now marking as compelete 
[0m[1;31m[NR_MAC]   DLSCH ACK/NACK reporting initiated for harq pid 8 before DLSCH decoding completed for now marking as compelete 
[0m[1;31m[NR_MAC]   DLSCH ACK/NACK reporting initiated for harq pid 9 before DLSCH decoding completed for now marking as compelete 
[0m[1;31m[NR_MAC]   DLSCH ACK/NACK reporting initiated for harq pid 11 before DLSCH decoding completed for now marking as compelete 
[0m[1;31m[NR_MAC]   DLSCH ACK/NACK reporting initiated for harq pid 12 before DLSCH decoding completed for now marking as compelete 
[0m[1;31m[NR_MAC]   DLSCH ACK/NACK reporting initiated for harq pid 13 before DLSCH decoding completed for now marking as compelete 
[0m[1;31m[NR_MAC]   DLSCH ACK/NACK reporting initiated for harq pid 15 before DLSCH decoding completed for now marking as compelete 
[0m[1;31m[NR_MAC]   DLSCH ACK/NACK reporting initiated for harq pid 1 before DLSCH decoding completed for now marking as compelete 
[0m[1;31m[NR_MAC]   DLSCH ACK/NACK reporting initiated for harq pid 2 before DLSCH decoding completed for now marking as compelete 
[0m[1;31m[NR_MAC]   DLSCH ACK/NACK reporting initiated for harq pid 4 before DLSCH decoding completed for now marking as compelete 
[0m[1;31m[NR_MAC]   DLSCH ACK/NACK reporting initiated for harq pid 5 before DLSCH decoding completed for now marking as compelete 
[0m[1;31m[NR_MAC]   DLSCH ACK/NACK reporting initiated for harq pid 0 before DLSCH decoding completed for now marking as compelete 
[0m[1;31m[NR_MAC]   DLSCH ACK/NACK reporting initiated for harq pid 8 before DLSCH decoding completed for now marking as compelete 
[0m[1;31m[NR_MAC]   DLSCH ACK/NACK reporting initiated for harq pid 9 before DLSCH decoding completed for now marking as compelete 
[0m[1;31m[NR_MAC]   DLSCH ACK/NACK reporting initiated for harq pid 12 before DLSCH decoding completed for now marking as compelete 
[0m[1;31m[NR_MAC]   DLSCH ACK/NACK reporting initiated for harq pid 13 before DLSCH decoding completed for now marking as compelete 
[0m[1;31m[NR_MAC]   DLSCH ACK/NACK reporting initiated for harq pid 1 before DLSCH decoding completed for now marking as compelete 
[0m[1;31m[NR_MAC]   DLSCH ACK/NACK reporting initiated for harq pid 2 before DLSCH decoding completed for now marking as compelete 
[0m[1;31m[NR_MAC]   DLSCH ACK/NACK reporting initiated for harq pid 3 before DLSCH decoding completed for now marking as compelete 
[0m[1;31m[NR_MAC]   DLSCH ACK/NACK reporting initiated for harq pid 5 before DLSCH decoding completed for now marking as compelete 
[0m[1;31m[NR_MAC]   DLSCH ACK/NACK reporting initiated for harq pid 6 before DLSCH decoding completed for now marking as compelete 
[0m[1;31m[NR_MAC]   DLSCH ACK/NACK reporting initiated for harq pid 7 before DLSCH decoding completed for now marking as compelete 
[0m[1;31m[NR_MAC]   DLSCH ACK/NACK reporting initiated for harq pid 0 before DLSCH decoding completed for now marking as compelete 
[0m[1;31m[NR_MAC]   DLSCH ACK/NACK reporting initiated for harq pid 9 before DLSCH decoding completed for now marking as compelete 
[0m[1;31m[NR_MAC]   DLSCH ACK/NACK reporting initiated for harq pid 10 before DLSCH decoding completed for now marking as compelete 
[0m[1;31m[NR_MAC]   DLSCH ACK/NACK reporting initiated for harq pid 11 before DLSCH decoding completed for now marking as compelete 
[0m[1;31m[NR_MAC]   DLSCH ACK/NACK reporting initiated for harq pid 13 before DLSCH decoding completed for now marking as compelete 
[0m[1;31m[NR_MAC]   DLSCH ACK/NACK reporting initiated for harq pid 14 before DLSCH decoding completed for now marking as compelete 
[0m[1;31m[NR_MAC]   DLSCH ACK/NACK reporting initiated for harq pid 2 before DLSCH decoding completed for now marking as compelete 
[0m[1;31m[NR_MAC]   DLSCH ACK/NACK reporting initiated for harq pid 3 before DLSCH decoding completed for now marking as compelete 
[0m[1;31m[NR_MAC]   DLSCH ACK/NACK reporting initiated for harq pid 4 before DLSCH decoding completed for now marking as compelete 
[0m[1;31m[NR_MAC]   DLSCH ACK/NACK reporting initiated for harq pid 7 before DLSCH decoding completed for now marking as compelete 
[0m[1;31m[NR_MAC]   DLSCH ACK/NACK reporting initiated for harq pid 0 before DLSCH decoding completed for now marking as compelete 
[0m[1;31m[NR_MAC]   DLSCH ACK/NACK reporting initiated for harq pid 10 before DLSCH decoding completed for now marking as compelete 
[0m[1;31m[NR_MAC]   DLSCH ACK/NACK reporting initiated for harq pid 11 before DLSCH decoding completed for now marking as compelete 
[0m[1;31m[NR_MAC]   DLSCH ACK/NACK reporting initiated for harq pid 12 before DLSCH decoding completed for now marking as compelete 
[0m[1;31m[NR_MAC]   DLSCH ACK/NACK reporting initiated for harq pid 14 before DLSCH decoding completed for now marking as compelete 
[0m[1;31m[NR_MAC]   DLSCH ACK/NACK reporting initiated for harq pid 15 before DLSCH decoding completed for now marking as compelete 
[0m[1;31m[NR_MAC]   DLSCH ACK/NACK reporting initiated for harq pid 1 before DLSCH decoding completed for now marking as compelete 
[0m[1;31m[NR_MAC]   DLSCH ACK/NACK reporting initiated for harq pid 3 before DLSCH decoding completed for now marking as compelete 
[0m[1;31m[NR_MAC]   DLSCH ACK/NACK reporting initiated for harq pid 4 before DLSCH decoding completed for now marking as compelete 
[0m[1;31m[NR_MAC]   DLSCH ACK/NACK reporting initiated for harq pid 5 before DLSCH decoding completed for now marking as compelete 
[0m[1;31m[NR_MAC]   DLSCH ACK/NACK reporting initiated for harq pid 7 before DLSCH decoding completed for now marking as compelete 
[0m[1;31m[NR_MAC]   DLSCH ACK/NACK reporting initiated for harq pid 0 before DLSCH decoding completed for now marking as compelete 
[0m[1;31m[NR_MAC]   DLSCH ACK/NACK reporting initiated for harq pid 8 before DLSCH decoding completed for now marking as compelete 
[0m[1;31m[NR_MAC]   DLSCH ACK/NACK reporting initiated for harq pid 11 before DLSCH decoding completed for now marking as compelete 
[0m[1;31m[NR_MAC]   DLSCH ACK/NACK reporting initiated for harq pid 12 before DLSCH decoding completed for now marking as compelete 
[0m[1;31m[NR_MAC]   DLSCH ACK/NACK reporting initiated for harq pid 15 before DLSCH decoding completed for now marking as compelete 
[0m[1;31m[NR_MAC]   DLSCH ACK/NACK reporting initiated for harq pid 1 before DLSCH decoding completed for now marking as compelete 
[0m[1;31m[NR_MAC]   DLSCH ACK/NACK reporting initiated for harq pid 4 before DLSCH decoding completed for now marking as compelete 
[0m[1;31m[NR_MAC]   DLSCH ACK/NACK reporting initiated for harq pid 5 before DLSCH decoding completed for now marking as compelete 
[0m[1;31m[NR_MAC]   DLSCH ACK/NACK reporting initiated for harq pid 6 before DLSCH decoding completed for now marking as compelete 
[0m[1;31m[NR_MAC]   DLSCH ACK/NACK reporting initiated for harq pid 7 before DLSCH decoding completed for now marking as compelete 
[0m[1;31m[NR_MAC]   DLSCH ACK/NACK reporting initiated for harq pid 8 before DLSCH decoding completed for now marking as compelete 
[0m[1;31m[NR_MAC]   DLSCH ACK/NACK reporting initiated for harq pid 9 before DLSCH decoding completed for now marking as compelete 
[0m[1;31m[NR_MAC]   DLSCH ACK/NACK reporting initiated for harq pid 10 before DLSCH decoding completed for now marking as compelete 
[0m[1;31m[NR_MAC]   DLSCH ACK/NACK reporting initiated for harq pid 12 before DLSCH decoding completed for now marking as compelete 
[0m[1;31m[NR_MAC]   DLSCH ACK/NACK reporting initiated for harq pid 13 before DLSCH decoding completed for now marking as compelete 
[0m[1;31m[NR_MAC]   DLSCH ACK/NACK reporting initiated for harq pid 14 before DLSCH decoding completed for now marking as compelete 
[0m[1;31m[NR_MAC]   DLSCH ACK/NACK reporting initiated for harq pid 1 before DLSCH decoding completed for now marking as compelete 
[0m[1;31m[NR_MAC]   DLSCH ACK/NACK reporting initiated for harq pid 2 before DLSCH decoding completed for now marking as compelete 
[0m[1;31m[NR_MAC]   DLSCH ACK/NACK reporting initiated for harq pid 5 before DLSCH decoding completed for now marking as compelete 
[0m[1;31m[NR_MAC]   DLSCH ACK/NACK reporting initiated for harq pid 6 before DLSCH decoding completed for now marking as compelete 
[0m[1;31m[NR_MAC]   DLSCH ACK/NACK reporting initiated for harq pid 8 before DLSCH decoding completed for now marking as compelete 
[0m[1;31m[NR_MAC]   DLSCH ACK/NACK reporting initiated for harq pid 9 before DLSCH decoding completed for now marking as compelete 
[0m[1;31m[NR_MAC]   DLSCH ACK/NACK reporting initiated for harq pid 10 before DLSCH decoding completed for now marking as compelete 
[0m[1;31m[NR_MAC]   DLSCH ACK/NACK reporting initiated for harq pid 13 before DLSCH decoding completed for now marking as compelete 
[0m[1;31m[NR_MAC]   DLSCH ACK/NACK reporting initiated for harq pid 14 before DLSCH decoding completed for now marking as compelete 
[0m[1;31m[NR_MAC]   DLSCH ACK/NACK reporting initiated for harq pid 15 before DLSCH decoding completed for now marking as compelete 
[0m[1;31m[NR_MAC]   DLSCH ACK/NACK reporting initiated for harq pid 2 before DLSCH decoding completed for now marking as compelete 
[0m[1;31m[NR_MAC]   DLSCH ACK/NACK reporting initiated for harq pid 3 before DLSCH decoding completed for now marking as compelete 
[0m[1;31m[NR_MAC]   DLSCH ACK/NACK reporting initiated for harq pid 4 before DLSCH decoding completed for now marking as compelete 
[0m[1;31m[NR_MAC]   DLSCH ACK/NACK reporting initiated for harq pid 6 before DLSCH decoding completed for now marking as compelete 
[0m[1;31m[NR_MAC]   DLSCH ACK/NACK reporting initiated for harq pid 7 before DLSCH decoding completed for now marking as compelete 
[0m[1;31m[NR_MAC]   DLSCH ACK/NACK reporting initiated for harq pid 0 before DLSCH decoding completed for now marking as compelete 
[0m[1;31m[NR_MAC]   DLSCH ACK/NACK reporting initiated for harq pid 10 before DLSCH decoding completed for now marking as compelete 
[0m[1;31m[NR_MAC]   DLSCH ACK/NACK reporting initiated for harq pid 11 before DLSCH decoding completed for now marking as compelete 
[0m[1;31m[NR_MAC]   DLSCH ACK/NACK reporting initiated for harq pid 14 before DLSCH decoding completed for now marking as compelete 
[0m[1;31m[NR_MAC]   DLSCH ACK/NACK reporting initiated for harq pid 15 before DLSCH decoding completed for now marking as compelete 
[0m[1;31m[NR_MAC]   DLSCH ACK/NACK reporting initiated for harq pid 3 before DLSCH decoding completed for now marking as compelete 
[0m[1;31m[NR_MAC]   DLSCH ACK/NACK reporting initiated for harq pid 4 before DLSCH decoding completed for now marking as compelete 
[0m[1;31m[NR_MAC]   DLSCH ACK/NACK reporting initiated for harq pid 5 before DLSCH decoding completed for now marking as compelete 
[0m[1;31m[NR_MAC]   DLSCH ACK/NACK reporting initiated for harq pid 0 before DLSCH decoding completed for now marking as compelete 
[0m[1;31m[NR_MAC]   DLSCH ACK/NACK reporting initiated for harq pid 8 before DLSCH decoding completed for now marking as compelete 
[0m[1;31m[NR_MAC]   DLSCH ACK/NACK reporting initiated for harq pid 9 before DLSCH decoding completed for now marking as compelete 
[0m[1;31m[NR_MAC]   DLSCH ACK/NACK reporting initiated for harq pid 11 before DLSCH decoding completed for now marking as compelete 
[0m[1;31m[NR_MAC]   DLSCH ACK/NACK reporting initiated for harq pid 12 before DLSCH decoding completed for now marking as compelete 
[0m[1;31m[NR_MAC]   DLSCH ACK/NACK reporting initiated for harq pid 13 before DLSCH decoding completed for now marking as compelete 
[0m[1;31m[NR_MAC]   DLSCH ACK/NACK reporting initiated for harq pid 15 before DLSCH decoding completed for now marking as compelete 
[0m[1;31m[NR_MAC]   DLSCH ACK/NACK reporting initiated for harq pid 1 before DLSCH decoding completed for now marking as compelete 
[0m[1;31m[NR_MAC]   DLSCH ACK/NACK reporting initiated for harq pid 4 before DLSCH decoding completed for now marking as compelete 
[0m[1;31m[NR_MAC]   DLSCH ACK/NACK reporting initiated for harq pid 5 before DLSCH decoding completed for now marking as compelete 
[0m[1;31m[NR_MAC]   DLSCH ACK/NACK reporting initiated for harq pid 0 before DLSCH decoding completed for now marking as compelete 
[0m[1;31m[NR_MAC]   DLSCH ACK/NACK reporting initiated for harq pid 8 before DLSCH decoding completed for now marking as compelete 
[0m[1;31m[NR_MAC]   DLSCH ACK/NACK reporting initiated for harq pid 9 before DLSCH decoding completed for now marking as compelete 
[0m[1;31m[NR_MAC]   DLSCH ACK/NACK reporting initiated for harq pid 12 before DLSCH decoding completed for now marking as compelete 
[0m[1;31m[NR_MAC]   DLSCH ACK/NACK reporting initiated for harq pid 13 before DLSCH decoding completed for now marking as compelete 
[0m[1;31m[NR_MAC]   DLSCH ACK/NACK reporting initiated for harq pid 1 before DLSCH decoding completed for now marking as compelete 
[0m[1;31m[NR_MAC]   DLSCH ACK/NACK reporting initiated for harq pid 2 before DLSCH decoding completed for now marking as compelete 
[0m[1;31m[NR_MAC]   DLSCH ACK/NACK reporting initiated for harq pid 3 before DLSCH decoding completed for now marking as compelete 
[0m[1;31m[NR_MAC]   DLSCH ACK/NACK reporting initiated for harq pid 5 before DLSCH decoding completed for now marking as compelete 
[0m[1;31m[NR_MAC]   DLSCH ACK/NACK reporting initiated for harq pid 6 before DLSCH decoding completed for now marking as compelete 
[0m[1;31m[NR_MAC]   DLSCH ACK/NACK reporting initiated for harq pid 7 before DLSCH decoding completed for now marking as compelete 
[0m[1;31m[NR_MAC]   DLSCH ACK/NACK reporting initiated for harq pid 0 before DLSCH decoding completed for now marking as compelete 
[0m[1;31m[NR_MAC]   DLSCH ACK/NACK reporting initiated for harq pid 9 before DLSCH decoding completed for now marking as compelete 
[0m[1;31m[NR_MAC]   DLSCH ACK/NACK reporting initiated for harq pid 10 before DLSCH decoding completed for now marking as compelete 
[0m[1;31m[NR_MAC]   DLSCH ACK/NACK reporting initiated for harq pid 13 before DLSCH decoding completed for now marking as compelete 
[0m[1;31m[NR_MAC]   DLSCH ACK/NACK reporting initiated for harq pid 14 before DLSCH decoding completed for now marking as compelete 
[0m[1;31m[NR_MAC]   DLSCH ACK/NACK reporting initiated for harq pid 2 before DLSCH decoding completed for now marking as compelete 
[0m[1;31m[NR_MAC]   DLSCH ACK/NACK reporting initiated for harq pid 3 before DLSCH decoding completed for now marking as compelete 
[0m[1;31m[NR_MAC]   DLSCH ACK/NACK reporting initiated for harq pid 4 before DLSCH decoding completed for now marking as compelete 
[0m[1;31m[NR_MAC]   DLSCH ACK/NACK reporting initiated for harq pid 7 before DLSCH decoding completed for now marking as compelete 
[0m[1;31m[NR_MAC]   DLSCH ACK/NACK reporting initiated for harq pid 0 before DLSCH decoding completed for now marking as compelete 
[0m[1;31m[NR_MAC]   DLSCH ACK/NACK reporting initiated for harq pid 8 before DLSCH decoding completed for now marking as compelete 
[0m[1;31m[NR_MAC]   DLSCH ACK/NACK reporting initiated for harq pid 10 before DLSCH decoding completed for now marking as compelete 
[0m[1;31m[NR_MAC]   DLSCH ACK/NACK reporting initiated for harq pid 11 before DLSCH decoding completed for now marking as compelete 
[0m[1;31m[NR_MAC]   DLSCH ACK/NACK reporting initiated for harq pid 12 before DLSCH decoding completed for now marking as compelete 
[0m[1;31m[NR_MAC]   DLSCH ACK/NACK reporting initiated for harq pid 14 before DLSCH decoding completed for now marking as compelete 
[0m[1;31m[NR_MAC]   DLSCH ACK/NACK reporting initiated for harq pid 1 before DLSCH decoding completed for now marking as compelete 
[0m[1;31m[NR_MAC]   DLSCH ACK/NACK reporting initiated for harq pid 15 before DLSCH decoding completed for now marking as compelete 
[0m[1;31m[NR_MAC]   DLSCH ACK/NACK reporting initiated for harq pid 3 before DLSCH decoding completed for now marking as compelete 
[0m[1;31m[NR_MAC]   DLSCH ACK/NACK reporting initiated for harq pid 4 before DLSCH decoding completed for now marking as compelete 
[0m[1;31m[NR_MAC]   DLSCH ACK/NACK reporting initiated for harq pid 7 before DLSCH decoding completed for now marking as compelete 
[0m[1;31m[NR_MAC]   DLSCH ACK/NACK reporting initiated for harq pid 0 before DLSCH decoding completed for now marking as compelete 
[0m[1;31m[NR_MAC]   DLSCH ACK/NACK reporting initiated for harq pid 8 before DLSCH decoding completed for now marking as compelete 
[0m[1;31m[NR_MAC]   DLSCH ACK/NACK reporting initiated for harq pid 11 before DLSCH decoding completed for now marking as compelete 
[0m[1;31m[NR_MAC]   DLSCH ACK/NACK reporting initiated for harq pid 12 before DLSCH decoding completed for now marking as compelete 
[0m[1;31m[NR_MAC]   DLSCH ACK/NACK reporting initiated for harq pid 1 before DLSCH decoding completed for now marking as compelete 
[0m[1;31m[NR_MAC]   DLSCH ACK/NACK reporting initiated for harq pid 15 before DLSCH decoding completed for now marking as compelete 
[0m[1;31m[NR_MAC]   DLSCH ACK/NACK reporting initiated for harq pid 2 before DLSCH decoding completed for now marking as compelete 
[0m[1;31m[NR_MAC]   DLSCH ACK/NACK reporting initiated for harq pid 4 before DLSCH decoding completed for now marking as compelete 
[0m[1;31m[NR_MAC]   DLSCH ACK/NACK reporting initiated for harq pid 5 before DLSCH decoding completed for now marking as compelete 
[0m[1;31m[NR_MAC]   DLSCH ACK/NACK reporting initiated for harq pid 6 before DLSCH decoding completed for now marking as compelete 
[0m[1;31m[NR_MAC]   DLSCH ACK/NACK reporting initiated for harq pid 7 before DLSCH decoding completed for now marking as compelete 
[0m[1;31m[NR_MAC]   DLSCH ACK/NACK reporting initiated for harq pid 8 before DLSCH decoding completed for now marking as compelete 
[0m[1;31m[NR_MAC]   DLSCH ACK/NACK reporting initiated for harq pid 9 before DLSCH decoding completed for now marking as compelete 
[0m[1;31m[NR_MAC]   DLSCH ACK/NACK reporting initiated for harq pid 10 before DLSCH decoding completed for now marking as compelete 
[0m[1;31m[NR_MAC]   DLSCH ACK/NACK reporting initiated for harq pid 12 before DLSCH decoding completed for now marking as compelete 
[0m[1;31m[NR_MAC]   DLSCH ACK/NACK reporting initiated for harq pid 13 before DLSCH decoding completed for now marking as compelete 
[0m[1;31m[NR_MAC]   DLSCH ACK/NACK reporting initiated for harq pid 15 before DLSCH decoding completed for now marking as compelete 
[0m[1;31m[NR_MAC]   DLSCH ACK/NACK reporting initiated for harq pid 2 before DLSCH decoding completed for now marking as compelete 
[0m[1;31m[NR_MAC]   DLSCH ACK/NACK reporting initiated for harq pid 3 before DLSCH decoding completed for now marking as compelete 
[0m[1;31m[NR_MAC]   DLSCH ACK/NACK reporting initiated for harq pid 6 before DLSCH decoding completed for now marking as compelete 
[0m[1;31m[NR_MAC]   DLSCH ACK/NACK reporting initiated for harq pid 7 before DLSCH decoding completed for now marking as compelete 
[0m[1;31m[NR_MAC]   DLSCH ACK/NACK reporting initiated for harq pid 9 before DLSCH decoding completed for now marking as compelete 
[0m[1;31m[NR_MAC]   DLSCH ACK/NACK reporting initiated for harq pid 11 before DLSCH decoding completed for now marking as compelete 
[0m[1;31m[NR_MAC]   DLSCH ACK/NACK reporting initiated for harq pid 12 before DLSCH decoding completed for now marking as compelete 
[0m[1;31m[NR_MAC]   DLSCH ACK/NACK reporting initiated for harq pid 14 before DLSCH decoding completed for now marking as compelete 
[0m[1;31m[NR_MAC]   DLSCH ACK/NACK reporting initiated for harq pid 1 before DLSCH decoding completed for now marking as compelete 
[0m[1;31m[NR_MAC]   DLSCH ACK/NACK reporting initiated for harq pid 15 before DLSCH decoding completed for now marking as compelete 
[0m[1;31m[NR_MAC]   DLSCH ACK/NACK reporting initiated for harq pid 3 before DLSCH decoding completed for now marking as compelete 
[0m[1;31m[NR_MAC]   DLSCH ACK/NACK reporting initiated for harq pid 4 before DLSCH decoding completed for now marking as compelete 
[0m[1;31m[NR_MAC]   DLSCH ACK/NACK reporting initiated for harq pid 5 before DLSCH decoding completed for now marking as compelete 
[0m[1;31m[NR_MAC]   DLSCH ACK/NACK reporting initiated for harq pid 7 before DLSCH decoding completed for now marking as compelete 
[0m[1;31m[NR_MAC]   DLSCH ACK/NACK reporting initiated for harq pid 0 before DLSCH decoding completed for now marking as compelete 
