Data plane is up
Running irtt
UE IP is 10.45.0.12
[Connecting] connecting to 10.4.1.1
[10.4.1.1:2112] [Connected] connection established
seq=0 rtt=20.79ms rd=-12m44s sd=12m44s ipdv=n/a
seq=1 rtt=9.14ms rd=-12m48s sd=12m48s ipdv=11.66ms
seq=2 rtt=16.14ms rd=-12m53s sd=12m53s ipdv=7.01ms
seq=3 rtt=25.74ms rd=-12m58s sd=12m58s ipdv=9.6ms
seq=4 rtt=12.97ms rd=-13m3s sd=13m3s ipdv=12.77ms
seq=5 rtt=22.06ms rd=-13m8s sd=13m8s ipdv=9.09ms
seq=6 rtt=9.13ms rd=-13m12s sd=13m12s ipdv=12.92ms
seq=7 rtt=17.82ms rd=-13m17s sd=13m17s ipdv=8.69ms
seq=8 rtt=27.16ms rd=-13m22s sd=13m22s ipdv=9.34ms
seq=9 rtt=14.34ms rd=-13m26s sd=13m26s ipdv=12.82ms
seq=10 rtt=23.57ms rd=-13m31s sd=13m31s ipdv=9.23ms
seq=11 rtt=11.31ms rd=-13m36s sd=13m36s ipdv=12.26ms
seq=12 rtt=19.72ms rd=-13m41s sd=13m41s ipdv=8.42ms
seq=13 rtt=27.11ms rd=-13m46s sd=13m46s ipdv=7.39ms
seq=14 rtt=16.81ms rd=-13m50s sd=13m50s ipdv=10.3ms
seq=15 rtt=24.88ms rd=-13m55s sd=13m55s ipdv=8.08ms
seq=16 rtt=12.22ms rd=-14m0s sd=14m0s ipdv=12.67ms
seq=17 rtt=21.64ms rd=-14m5s sd=14m5s ipdv=9.43ms
seq=18 rtt=9.14ms rd=-14m9s sd=14m9s ipdv=12.5ms
seq=19 rtt=17.52ms rd=-14m14s sd=14m14s ipdv=8.38ms
seq=20 rtt=26.6ms rd=-14m19s sd=14m19s ipdv=9.08ms
seq=21 rtt=14.47ms rd=-14m23s sd=14m23s ipdv=12.12ms
seq=22 rtt=23.22ms rd=-14m28s sd=14m28s ipdv=8.74ms
seq=23 rtt=10.45ms rd=-14m33s sd=14m33s ipdv=12.77ms
seq=24 rtt=18.98ms rd=-14m37s sd=14m38s ipdv=8.53ms
seq=25 rtt=28.46ms rd=-14m42s sd=14m42s ipdv=9.48ms
seq=26 rtt=15.18ms rd=-14m47s sd=14m47s ipdv=13.28ms
seq=27 rtt=23.87ms rd=-14m52s sd=14m52s ipdv=8.69ms
seq=28 rtt=12.47ms rd=-14m56s sd=14m56s ipdv=11.41ms
seq=29 rtt=21.29ms rd=-15m1s sd=15m1s ipdv=8.83ms
seq=30 rtt=9.23ms rd=-15m6s sd=15m6s ipdv=12.06ms
seq=31 rtt=16.29ms rd=-15m10s sd=15m10s ipdv=7.06ms
seq=32 rtt=25.14ms rd=-15m15s sd=15m15s ipdv=8.85ms
seq=33 rtt=12.87ms rd=-15m20s sd=15m20s ipdv=12.27ms
seq=34 rtt=22.28ms rd=-15m24s sd=15m24s ipdv=9.41ms
seq=35 rtt=9.44ms rd=-15m28s sd=15m28s ipdv=12.84ms
seq=36 rtt=17.57ms rd=-15m33s sd=15m33s ipdv=8.13ms
seq=37 rtt=26.2ms rd=-15m38s sd=15m38s ipdv=8.63ms
seq=38 rtt=14.69ms rd=-15m42s sd=15m42s ipdv=11.51ms
seq=39 rtt=22.1ms rd=-15m47s sd=15m47s ipdv=7.41ms
seq=40 rtt=10.8ms rd=-15m52s sd=15m52s ipdv=11.31ms
seq=41 rtt=19.42ms rd=-15m57s sd=15m57s ipdv=8.63ms
seq=42 rtt=28.21ms rd=-16m1s sd=16m1s ipdv=8.79ms
seq=43 rtt=15.24ms rd=-16m6s sd=16m6s ipdv=12.97ms
seq=44 rtt=24.62ms rd=-16m11s sd=16m11s ipdv=9.38ms
seq=45 rtt=11.4ms rd=-16m15s sd=16m15s ipdv=13.22ms
seq=46 rtt=20.54ms rd=-16m20s sd=16m20s ipdv=9.13ms
seq=47 rtt=8.99ms rd=-16m25s sd=16m25s ipdv=11.55ms
seq=48 rtt=16.56ms rd=-16m29s sd=16m29s ipdv=7.57ms
seq=49 rtt=25.04ms rd=-16m34s sd=16m34s ipdv=8.48ms
seq=50 rtt=12.46ms rd=-16m39s sd=16m39s ipdv=12.57ms
seq=51 rtt=21.19ms rd=-16m43s sd=16m43s ipdv=8.73ms
seq=52 rtt=9.42ms rd=-16m47s sd=16m47s ipdv=11.78ms
seq=53 rtt=16.08ms rd=-16m51s sd=16m51s ipdv=6.66ms
seq=54 rtt=22.83ms rd=-16m54s sd=16m54s ipdv=6.75ms
seq=55 rtt=8.7ms rd=-16m57s sd=16m57s ipdv=14.14ms
seq=56 rtt=16.8ms rd=-17m0s sd=17m0s ipdv=8.1ms
seq=57 rtt=24.03ms rd=-17m3s sd=17m3s ipdv=7.23ms
seq=58 rtt=9.31ms rd=-17m6s sd=17m6s ipdv=14.72ms
seq=59 rtt=16.8ms rd=-17m9s sd=17m10s ipdv=7.49ms
seq=60 rtt=23.81ms rd=-17m13s sd=17m13s ipdv=7.02ms
seq=61 rtt=9.7ms rd=-17m16s sd=17m16s ipdv=14.12ms
seq=62 rtt=16.79ms rd=-17m19s sd=17m19s ipdv=7.09ms
seq=63 rtt=23.91ms rd=-17m22s sd=17m22s ipdv=7.12ms
seq=64 rtt=10.26ms rd=-17m25s sd=17m25s ipdv=13.65ms
seq=65 rtt=17.6ms rd=-17m28s sd=17m28s ipdv=7.34ms
seq=66 rtt=24.99ms rd=-17m31s sd=17m31s ipdv=7.39ms
seq=67 rtt=10.61ms rd=-17m34s sd=17m34s ipdv=14.39ms
seq=68 rtt=17.46ms rd=-17m37s sd=17m37s ipdv=6.86ms
seq=69 rtt=25.12ms rd=-17m41s sd=17m41s ipdv=7.65ms
seq=70 rtt=10.67ms rd=-17m43s sd=17m43s ipdv=14.45ms
seq=71 rtt=17.51ms rd=-17m47s sd=17m47s ipdv=6.84ms
seq=72 rtt=25.04ms rd=-17m50s sd=17m50s ipdv=7.53ms
seq=73 rtt=11.41ms rd=-17m53s sd=17m53s ipdv=13.63ms
seq=74 rtt=17.5ms rd=-17m56s sd=17m56s ipdv=6.1ms
seq=75 rtt=24.87ms rd=-17m59s sd=17m59s ipdv=7.36ms
seq=76 rtt=10.56ms rd=-18m2s sd=18m2s ipdv=14.31ms
seq=77 rtt=17.6ms rd=-18m5s sd=18m5s ipdv=7.03ms
seq=78 rtt=24.93ms rd=-18m8s sd=18m8s ipdv=7.34ms
seq=79 rtt=11.53ms rd=-18m11s sd=18m11s ipdv=13.41ms
seq=80 rtt=17.6ms rd=-18m14s sd=18m14s ipdv=6.07ms
seq=81 rtt=24.61ms rd=-18m17s sd=18m17s ipdv=7.01ms
seq=82 rtt=11.32ms rd=-18m20s sd=18m20s ipdv=13.29ms
seq=83 rtt=17.55ms rd=-18m23s sd=18m23s ipdv=6.23ms
seq=84 rtt=25.84ms rd=-18m26s sd=18m26s ipdv=8.29ms
seq=85 rtt=11.41ms rd=-18m29s sd=18m29s ipdv=14.43ms
seq=86 rtt=18.61ms rd=-18m32s sd=18m32s ipdv=7.2ms
seq=87 rtt=25.18ms rd=-18m35s sd=18m35s ipdv=6.57ms
seq=88 rtt=11.27ms rd=-18m38s sd=18m38s ipdv=13.92ms
seq=89 rtt=18.7ms rd=-18m41s sd=18m41s ipdv=7.44ms
seq=90 rtt=25.72ms rd=-18m44s sd=18m44s ipdv=7.01ms
seq=91 rtt=11.56ms rd=-18m47s sd=18m47s ipdv=14.16ms
seq=92 rtt=17.72ms rd=-18m50s sd=18m50s ipdv=6.16ms
seq=93 rtt=24.97ms rd=-18m53s sd=18m53s ipdv=7.25ms
seq=94 rtt=11.62ms rd=-18m56s sd=18m56s ipdv=13.34ms
seq=95 rtt=18.25ms rd=-18m59s sd=18m59s ipdv=6.63ms
seq=96 rtt=25.29ms rd=-19m3s sd=19m3s ipdv=7.04ms
seq=97 rtt=11.11ms rd=-19m6s sd=19m6s ipdv=14.18ms
seq=98 rtt=18.57ms rd=-19m9s sd=19m9s ipdv=7.46ms
seq=99 rtt=25.57ms rd=-19m12s sd=19m12s ipdv=6.99ms
seq=100 rtt=11.22ms rd=-19m15s sd=19m15s ipdv=14.34ms
seq=101 rtt=18.87ms rd=-19m18s sd=19m18s ipdv=7.65ms
seq=102 rtt=26.25ms rd=-19m21s sd=19m21s ipdv=7.38ms
seq=103 rtt=11.81ms rd=-19m24s sd=19m24s ipdv=14.44ms
seq=104 rtt=18.82ms rd=-19m27s sd=19m27s ipdv=7ms
seq=105 rtt=25.87ms rd=-19m30s sd=19m30s ipdv=7.06ms
seq=106 rtt=12.32ms rd=-19m33s sd=19m33s ipdv=13.55ms
seq=107 rtt=19.67ms rd=-19m36s sd=19m36s ipdv=7.34ms
seq=108 rtt=26ms rd=-19m40s sd=19m40s ipdv=6.33ms
seq=109 rtt=12.68ms rd=-19m43s sd=19m43s ipdv=13.32ms
seq=110 rtt=19.57ms rd=-19m46s sd=19m46s ipdv=6.89ms
seq=111 rtt=27.08ms rd=-19m49s sd=19m49s ipdv=7.51ms
seq=112 rtt=12.48ms rd=-19m52s sd=19m52s ipdv=14.6ms
seq=113 rtt=20.67ms rd=-19m55s sd=19m55s ipdv=8.19ms
seq=114 rtt=27.36ms rd=-19m58s sd=19m58s ipdv=6.69ms
seq=115 rtt=13.7ms rd=-20m1s sd=20m1s ipdv=13.66ms
seq=116 rtt=20.78ms rd=-20m5s sd=20m5s ipdv=7.08ms
seq=117 rtt=27.39ms rd=-20m8s sd=20m8s ipdv=6.61ms
seq=118 rtt=13.38ms rd=-20m11s sd=20m11s ipdv=14.01ms
seq=119 rtt=20.87ms rd=-20m14s sd=20m14s ipdv=7.49ms
seq=120 rtt=27.49ms rd=-20m17s sd=20m17s ipdv=6.62ms
seq=121 rtt=14.53ms rd=-20m20s sd=20m20s ipdv=12.96ms
seq=122 rtt=20.83ms rd=-20m23s sd=20m23s ipdv=6.3ms
