Data plane is up
Running irtt
UE IP is 10.45.0.4
[Connecting] connecting to 10.4.1.1
[10.4.1.1:2112] [Connected] connection established
seq=0 rtt=20.95ms rd=-12m43s sd=12m43s ipdv=n/a
seq=1 rtt=9.13ms rd=-12m47s sd=12m47s ipdv=11.81ms
seq=2 rtt=16.24ms rd=-12m52s sd=12m52s ipdv=7.11ms
seq=3 rtt=25.44ms rd=-12m57s sd=12m57s ipdv=9.2ms
seq=4 rtt=564.7ms rd=-13m7s sd=13m7s ipdv=539.2ms
seq=5 rtt=64.46ms rd=-13m7s sd=13m7s ipdv=500.2ms
seq=6 rtt=9.94ms rd=-13m11s sd=13m11s ipdv=54.52ms
seq=7 rtt=17.96ms rd=-13m16s sd=13m16s ipdv=8.02ms
seq=8 rtt=27.56ms rd=-13m21s sd=13m21s ipdv=9.6ms
seq=9 rtt=14.18ms rd=-13m25s sd=13m25s ipdv=13.38ms
seq=10 rtt=22.97ms rd=-13m30s sd=13m30s ipdv=8.79ms
seq=11 rtt=11.7ms rd=-13m35s sd=13m35s ipdv=11.27ms
seq=12 rtt=20.33ms rd=-13m40s sd=13m40s ipdv=8.62ms
seq=13 rtt=27.56ms rd=-13m44s sd=13m44s ipdv=7.23ms
seq=14 rtt=15.62ms rd=-13m49s sd=13m49s ipdv=11.94ms
seq=15 rtt=24.36ms rd=-13m54s sd=13m54s ipdv=8.74ms
seq=16 rtt=12.72ms rd=-13m59s sd=13m59s ipdv=11.64ms
seq=17 rtt=21.81ms rd=-14m3s sd=14m3s ipdv=9.09ms
seq=18 rtt=9.39ms rd=-14m8s sd=14m8s ipdv=12.41ms
seq=19 rtt=18.52ms rd=-14m13s sd=14m13s ipdv=9.13ms
seq=20 rtt=26.36ms rd=-14m18s sd=14m18s ipdv=7.84ms
seq=21 rtt=13.82ms rd=-14m22s sd=14m22s ipdv=12.54ms
seq=22 rtt=23.26ms rd=-14m27s sd=14m27s ipdv=9.44ms
seq=23 rtt=10.16ms rd=-14m32s sd=14m32s ipdv=13.11ms
seq=24 rtt=18.84ms rd=-14m36s sd=14m36s ipdv=8.68ms
seq=25 rtt=124.9ms rd=-14m41s sd=14m41s ipdv=106.1ms
seq=26 rtt=15.59ms rd=-14m46s sd=14m46s ipdv=109.3ms
seq=27 rtt=24.37ms rd=-14m50s sd=14m50s ipdv=8.78ms
seq=28 rtt=12.01ms rd=-14m55s sd=14m55s ipdv=12.36ms
seq=29 rtt=20.54ms rd=-15m0s sd=15m0s ipdv=8.53ms
seq=30 rtt=9.18ms rd=-15m4s sd=15m4s ipdv=11.36ms
seq=31 rtt=16.91ms rd=-15m9s sd=15m9s ipdv=7.72ms
seq=32 rtt=25.78ms rd=-15m14s sd=15m14s ipdv=8.88ms
seq=33 rtt=13.27ms rd=-15m18s sd=15m18s ipdv=12.51ms
seq=34 rtt=22.31ms rd=-15m23s sd=15m23s ipdv=9.04ms
seq=35 rtt=9.69ms rd=-15m27s sd=15m27s ipdv=12.62ms
seq=36 rtt=17.2ms rd=-15m32s sd=15m32s ipdv=7.51ms
seq=37 rtt=26.24ms rd=-15m37s sd=15m37s ipdv=9.05ms
seq=38 rtt=13.73ms rd=-15m41s sd=15m41s ipdv=12.51ms
seq=39 rtt=22.16ms rd=-15m46s sd=15m46s ipdv=8.43ms
seq=40 rtt=10.6ms rd=-15m51s sd=15m51s ipdv=11.56ms
seq=41 rtt=18.92ms rd=-15m55s sd=15m55s ipdv=8.33ms
seq=42 rtt=27.46ms rd=-16m0s sd=16m0s ipdv=8.53ms
seq=43 rtt=14.84ms rd=-16m5s sd=16m5s ipdv=12.62ms
seq=44 rtt=23.51ms rd=-16m9s sd=16m9s ipdv=8.67ms
seq=45 rtt=11.09ms rd=-16m14s sd=16m14s ipdv=12.42ms
seq=46 rtt=19.47ms rd=-16m19s sd=16m19s ipdv=8.38ms
seq=47 rtt=27.76ms rd=-16m24s sd=16m24s ipdv=8.28ms
seq=48 rtt=15.95ms rd=-16m28s sd=16m28s ipdv=11.81ms
seq=49 rtt=24.97ms rd=-16m33s sd=16m33s ipdv=9.02ms
seq=50 rtt=12.42ms rd=-16m37s sd=16m37s ipdv=12.55ms
seq=51 rtt=20.99ms rd=-16m42s sd=16m42s ipdv=8.58ms
seq=52 rtt=9.38ms rd=-16m47s sd=16m47s ipdv=11.61ms
seq=53 rtt=15.46ms rd=-16m50s sd=16m50s ipdv=6.08ms
seq=54 rtt=22.8ms rd=-16m53s sd=16m53s ipdv=7.34ms
seq=55 rtt=9.65ms rd=-16m56s sd=16m56s ipdv=13.15ms
seq=56 rtt=16.72ms rd=-16m59s sd=16m59s ipdv=7.07ms
seq=57 rtt=23.03ms rd=-17m3s sd=17m3s ipdv=6.31ms
seq=58 rtt=9.68ms rd=-17m6s sd=17m6s ipdv=13.35ms
seq=59 rtt=16.76ms rd=-17m9s sd=17m9s ipdv=7.08ms
seq=60 rtt=23.14ms rd=-17m12s sd=17m12s ipdv=6.38ms
seq=61 rtt=9.4ms rd=-17m15s sd=17m15s ipdv=13.75ms
seq=62 rtt=16.84ms rd=-17m18s sd=17m18s ipdv=7.44ms
seq=63 rtt=22.23ms rd=-17m21s sd=17m21s ipdv=5.39ms
seq=64 rtt=9.63ms rd=-17m24s sd=17m24s ipdv=12.6ms
seq=65 rtt=17.06ms rd=-17m27s sd=17m27s ipdv=7.43ms
seq=66 rtt=24.3ms rd=-17m30s sd=17m31s ipdv=7.24ms
seq=67 rtt=10.43ms rd=-17m33s sd=17m34s ipdv=13.87ms
seq=68 rtt=17.69ms rd=-17m37s sd=17m37s ipdv=7.26ms
seq=69 rtt=23.89ms rd=-17m40s sd=17m40s ipdv=6.2ms
seq=70 rtt=10.69ms rd=-17m43s sd=17m43s ipdv=13.21ms
seq=71 rtt=17.77ms rd=-17m46s sd=17m46s ipdv=7.08ms
seq=72 rtt=24.55ms rd=-17m49s sd=17m49s ipdv=6.78ms
seq=73 rtt=10.76ms rd=-17m52s sd=17m52s ipdv=13.79ms
seq=74 rtt=17.53ms rd=-17m55s sd=17m55s ipdv=6.78ms
seq=75 rtt=24.02ms rd=-17m58s sd=17m58s ipdv=6.48ms
seq=76 rtt=10.38ms rd=-18m1s sd=18m1s ipdv=13.64ms
seq=77 rtt=18.12ms rd=-18m4s sd=18m4s ipdv=7.74ms
seq=78 rtt=23.96ms rd=-18m7s sd=18m7s ipdv=5.84ms
seq=79 rtt=10.85ms rd=-18m10s sd=18m10s ipdv=13.11ms
seq=80 rtt=17.59ms rd=-18m13s sd=18m13s ipdv=6.73ms
seq=81 rtt=24.14ms rd=-18m16s sd=18m16s ipdv=6.56ms
seq=82 rtt=10.48ms rd=-18m19s sd=18m19s ipdv=13.66ms
seq=83 rtt=17.82ms rd=-18m22s sd=18m22s ipdv=7.33ms
seq=84 rtt=24.8ms rd=-18m25s sd=18m25s ipdv=6.98ms
seq=85 rtt=10.3ms rd=-18m28s sd=18m28s ipdv=14.5ms
seq=86 rtt=17.77ms rd=-18m31s sd=18m31s ipdv=7.46ms
seq=87 rtt=24.89ms rd=-18m34s sd=18m34s ipdv=7.13ms
seq=88 rtt=10.43ms rd=-18m37s sd=18m37s ipdv=14.46ms
seq=89 rtt=17.42ms rd=-18m40s sd=18m40s ipdv=6.99ms
seq=90 rtt=25ms rd=-18m43s sd=18m43s ipdv=7.58ms
seq=91 rtt=10.3ms rd=-18m46s sd=18m46s ipdv=14.7ms
seq=92 rtt=17.44ms rd=-18m49s sd=18m49s ipdv=7.14ms
seq=93 rtt=23.84ms rd=-18m53s sd=18m53s ipdv=6.4ms
seq=94 rtt=10.38ms rd=-18m56s sd=18m56s ipdv=13.46ms
seq=95 rtt=17.57ms rd=-18m59s sd=18m59s ipdv=7.18ms
seq=96 rtt=25.05ms rd=-19m2s sd=19m2s ipdv=7.48ms
seq=97 rtt=10.23ms rd=-19m5s sd=19m5s ipdv=14.82ms
seq=98 rtt=17.69ms rd=-19m8s sd=19m8s ipdv=7.45ms
seq=99 rtt=24.29ms rd=-19m11s sd=19m11s ipdv=6.6ms
seq=100 rtt=10.68ms rd=-19m14s sd=19m14s ipdv=13.61ms
seq=101 rtt=18.12ms rd=-19m17s sd=19m17s ipdv=7.44ms
seq=102 rtt=25.2ms rd=-19m20s sd=19m20s ipdv=7.09ms
seq=103 rtt=11.56ms rd=-19m23s sd=19m23s ipdv=13.65ms
seq=104 rtt=18.54ms rd=-19m26s sd=19m26s ipdv=6.98ms
seq=105 rtt=25.33ms rd=-19m30s sd=19m30s ipdv=6.79ms
seq=106 rtt=11.15ms rd=-19m33s sd=19m33s ipdv=14.18ms
seq=107 rtt=18.68ms rd=-19m36s sd=19m36s ipdv=7.53ms
seq=108 rtt=24.92ms rd=-19m39s sd=19m39s ipdv=6.25ms
seq=109 rtt=11.31ms rd=-19m42s sd=19m42s ipdv=13.61ms
seq=110 rtt=18.9ms rd=-19m45s sd=19m45s ipdv=7.59ms
seq=111 rtt=26.17ms rd=-19m48s sd=19m48s ipdv=7.28ms
seq=112 rtt=12.74ms rd=-19m51s sd=19m51s ipdv=13.43ms
seq=113 rtt=18.58ms rd=-19m54s sd=19m54s ipdv=5.83ms
seq=114 rtt=26.31ms rd=-19m58s sd=19m58s ipdv=7.74ms
seq=115 rtt=12.51ms rd=-20m1s sd=20m1s ipdv=13.8ms
seq=116 rtt=20.08ms rd=-20m4s sd=20m4s ipdv=7.57ms
seq=117 rtt=26.56ms rd=-20m7s sd=20m7s ipdv=6.48ms
seq=118 rtt=12.4ms rd=-20m10s sd=20m10s ipdv=14.17ms
seq=119 rtt=19.88ms rd=-20m13s sd=20m13s ipdv=7.48ms
seq=120 rtt=26.56ms rd=-20m16s sd=20m16s ipdv=6.68ms
seq=121 rtt=12.36ms rd=-20m19s sd=20m19s ipdv=14.19ms
seq=122 rtt=19.85ms rd=-20m22s sd=20m22s ipdv=7.49ms
