Data plane is up
Running irtt
UE IP is 10.45.0.10
[Connecting] connecting to 10.4.1.1
[10.4.1.1:2112] [Connected] connection established
seq=0 rtt=542.1ms rd=120.2ms sd=421.9ms ipdv=n/a
seq=1 rtt=366.5ms rd=126ms sd=240.4ms ipdv=175.7ms
seq=2 rtt=636.7ms rd=93.02ms sd=543.6ms ipdv=270.2ms
seq=3 rtt=479.1ms rd=105.2ms sd=373.9ms ipdv=157.6ms
seq=4 rtt=811.1ms rd=82.81ms sd=728.3ms ipdv=332ms
seq=5 rtt=669.1ms rd=105.4ms sd=563.6ms ipdv=142.1ms
seq=6 rtt=978.3ms rd=100ms sd=878.3ms ipdv=309.3ms
seq=7 rtt=808.5ms rd=103.8ms sd=704.7ms ipdv=169.8ms
seq=8 rtt=1.1s rd=82.9ms sd=1.02s ipdv=291ms
seq=9 rtt=986.2ms rd=117.4ms sd=868.8ms ipdv=113.3ms
seq=10 rtt=1.27s rd=62.75ms sd=1.2s ipdv=278.9ms
seq=11 rtt=1.13s rd=93.39ms sd=1.04s ipdv=133.4ms
seq=12 rtt=1.16s rd=85.07ms sd=1.08s ipdv=31.45ms
seq=13 rtt=1.27s rd=101.6ms sd=1.17s ipdv=104.6ms
seq=14 rtt=1.13s rd=133.3ms sd=1s ipdv=133.8ms
seq=15 rtt=2.63s rd=129ms sd=2.5s ipdv=1.5s
seq=16 rtt=2.43s rd=129.1ms sd=2.3s ipdv=200.3ms
seq=17 rtt=2.23s rd=129.1ms sd=2.1s ipdv=199.8ms
seq=18 rtt=2.03s rd=129ms sd=1.9s ipdv=200ms
seq=19 rtt=1.85s rd=120.8ms sd=1.73s ipdv=180.4ms
seq=20 rtt=1.65s rd=120.8ms sd=1.53s ipdv=200.5ms
seq=21 rtt=1.65s rd=63.83ms sd=1.58s ipdv=3.35ms
seq=22 rtt=1.45s rd=63.81ms sd=1.39s ipdv=199.3ms
seq=23 rtt=1.25s rd=63.79ms sd=1.18s ipdv=200.4ms
seq=24 rtt=1.38s rd=81.61ms sd=1.29s ipdv=126.8ms
seq=25 rtt=1.22s rd=94.33ms sd=1.13s ipdv=154.5ms
seq=26 rtt=1.5s rd=66.54ms sd=1.43s ipdv=280.5ms
seq=27 rtt=1.34s rd=76.54ms sd=1.27s ipdv=158.1ms
seq=28 rtt=1.71s rd=91.46ms sd=1.62s ipdv=364.7ms
seq=29 rtt=1.51s rd=91.42ms sd=1.42s ipdv=199.2ms
seq=30 rtt=1.36s rd=127.5ms sd=1.24s ipdv=144.9ms
seq=31 rtt=1.68s rd=121.5ms sd=1.56s ipdv=319.4ms
seq=32 rtt=1.54s rd=135.6ms sd=1.41s ipdv=142.5ms
seq=33 rtt=1.88s rd=150.6ms sd=1.73s ipdv=343.7ms
seq=34 rtt=1.7s rd=148ms sd=1.55s ipdv=181.6ms
seq=35 rtt=1.5s rd=148ms sd=1.35s ipdv=200.3ms
seq=36 rtt=1.48s rd=44.12ms sd=1.44s ipdv=20.85ms
seq=37 rtt=1.76s rd=226.4ms sd=1.54s ipdv=281.1ms
seq=38 rtt=1.56s rd=196.5ms sd=1.37s ipdv=200.2ms
seq=39 rtt=1.59s rd=114.3ms sd=1.48s ipdv=29.75ms
seq=40 rtt=1.69s rd=114.4ms sd=1.57s ipdv=95.75ms
seq=41 rtt=1.55s rd=144ms sd=1.41s ipdv=133.3ms
seq=42 rtt=1.61s rd=81.18ms sd=1.53s ipdv=51.9ms
seq=43 rtt=1.65s rd=97.23ms sd=1.55s ipdv=43.15ms
seq=44 rtt=1.48s rd=82.15ms sd=1.39s ipdv=173ms
seq=45 rtt=1.86s rd=110.8ms sd=1.75s ipdv=385.1ms
seq=46 rtt=1.69s rd=86.88ms sd=1.6s ipdv=171.2ms
seq=47 rtt=1.7s rd=76.9ms sd=1.63s ipdv=13.75ms
seq=48 rtt=1.78s rd=63.81ms sd=1.72s ipdv=79.2ms
seq=49 rtt=1.64s rd=87.82ms sd=1.55s ipdv=141.9ms
seq=50 rtt=1.44s rd=87.8ms sd=1.35s ipdv=200.4ms
seq=51 rtt=1.8s rd=120.7ms sd=1.68s ipdv=354.3ms
seq=52 rtt=1.63s rd=118.4ms sd=1.51s ipdv=166.8ms
seq=53 rtt=1.43s rd=118.5ms sd=1.31s ipdv=199.4ms
seq=54 rtt=1.41s rd=31.9ms sd=1.38s ipdv=19.95ms
seq=55 rtt=1.61s rd=85.96ms sd=1.52s ipdv=199.4ms
seq=56 rtt=1.46s rd=91.97ms sd=1.37s ipdv=149.3ms
seq=57 rtt=2.53s rd=60.62ms sd=2.47s ipdv=1.07s
seq=58 rtt=2.33s rd=60.6ms sd=2.27s ipdv=199.9ms
seq=59 rtt=2.13s rd=60.59ms sd=2.07s ipdv=200.4ms
seq=60 rtt=1.93s rd=60.58ms sd=1.87s ipdv=199.8ms
seq=61 rtt=1.73s rd=60.57ms sd=1.67s ipdv=199.6ms
seq=63 rtt=1.65s rd=105.2ms sd=1.55s ipdv=n/a
seq=64 rtt=1.51s rd=123.7ms sd=1.39s ipdv=144.9ms
seq=65 rtt=1.85s rd=94.77ms sd=1.75s ipdv=336.4ms
seq=66 rtt=1.69s rd=108.4ms sd=1.58s ipdv=156.6ms
seq=67 rtt=2.03s rd=69.94ms sd=1.96s ipdv=342.9ms
seq=68 rtt=1.88s rd=83.7ms sd=1.79s ipdv=156.5ms
seq=69 rtt=2.2s rd=59.07ms sd=2.15s ipdv=329.8ms
seq=70 rtt=2.04s rd=75.35ms sd=1.96s ipdv=165.3ms
seq=71 rtt=2.05s rd=39.94ms sd=2.01s ipdv=12.1ms
seq=72 rtt=2.23s rd=124.2ms sd=2.1s ipdv=175.7ms
seq=73 rtt=2.07s rd=117.3ms sd=1.96s ipdv=153.6ms
seq=74 rtt=2.38s rd=86.14ms sd=2.29s ipdv=301.8ms
seq=75 rtt=2.2s rd=88.23ms sd=2.12s ipdv=170.7ms
seq=76 rtt=2.55s rd=112.6ms sd=2.44s ipdv=345.3ms
seq=77 rtt=2.38s rd=94.01ms sd=2.29s ipdv=169ms
seq=78 rtt=2.73s rd=90.52ms sd=2.64s ipdv=344.5ms
seq=79 rtt=2.61s rd=143.4ms sd=2.46s ipdv=118.8ms
seq=80 rtt=2.41s rd=143.4ms sd=2.26s ipdv=200.4ms
seq=81 rtt=2.37s rd=40.61ms sd=2.32s ipdv=41.2ms
seq=82 rtt=2.16s rd=40.63ms sd=2.12s ipdv=200.5ms
seq=83 rtt=2.35s rd=109.8ms sd=2.24s ipdv=182.3ms
seq=84 rtt=2.23s rd=175.6ms sd=2.06s ipdv=113.7ms
seq=85 rtt=2.52s rd=105.7ms sd=2.41s ipdv=282.1ms
seq=86 rtt=2.34s rd=107ms sd=2.24s ipdv=171.5ms
seq=87 rtt=2.7s rd=90.66ms sd=2.61s ipdv=360.2ms
seq=88 rtt=2.55s rd=121.4ms sd=2.43s ipdv=149.9ms
seq=89 rtt=2.93s rd=134.8ms sd=2.79s ipdv=373.7ms
seq=90 rtt=2.76s rd=133ms sd=2.62s ipdv=172ms
seq=91 rtt=2.87s rd=94.95ms sd=2.77s ipdv=110.2ms
seq=92 rtt=2.94s rd=96.45ms sd=2.85s ipdv=76.96ms
seq=93 rtt=2.77s rd=92.88ms sd=2.68s ipdv=170.8ms
seq=94 rtt=2.57s rd=92.9ms sd=2.48s ipdv=199.3ms
seq=95 rtt=2.88s rd=90.36ms sd=2.79s ipdv=302.4ms
seq=96 rtt=2.71s rd=91.73ms sd=2.62s ipdv=160.9ms
seq=97 rtt=3.03s rd=74.46ms sd=2.96s ipdv=316.5ms
seq=98 rtt=2.87s rd=72.08ms sd=2.8s ipdv=158.3ms
seq=99 rtt=3.19s rd=62.01ms sd=3.13s ipdv=315.9ms
seq=100 rtt=3.02s rd=72.96ms sd=2.95s ipdv=167.8ms
seq=101 rtt=3.4s rd=103.3ms sd=3.3s ipdv=379.2ms
seq=102 rtt=3.24s rd=102.7ms sd=3.13s ipdv=163.3ms
seq=103 rtt=3.28s rd=84.83ms sd=3.2s ipdv=44.35ms
seq=104 rtt=3.38s rd=68ms sd=3.31s ipdv=94.71ms
seq=105 rtt=3.22s rd=84.72ms sd=3.14s ipdv=152.3ms
seq=106 rtt=3.6s rd=113.1ms sd=3.49s ipdv=380.4ms
seq=107 rtt=3.43s rd=107.8ms sd=3.33s ipdv=170ms
seq=108 rtt=3.45s rd=74.66ms sd=3.38s ipdv=16.3ms
seq=109 rtt=3.25s rd=74.68ms sd=3.18s ipdv=200.4ms
seq=110 rtt=3.33s rd=58.81ms sd=3.27s ipdv=75.9ms
seq=111 rtt=3.2s rd=97.21ms sd=3.1s ipdv=129.4ms
seq=112 rtt=3.19s rd=54.57ms sd=3.13s ipdv=10.6ms
seq=113 rtt=3.35s rd=99.11ms sd=3.25s ipdv=162.1ms
seq=114 rtt=3.18s rd=96.56ms sd=3.09s ipdv=165.7ms
seq=115 rtt=3.51s rd=74.83ms sd=3.44s ipdv=329.4ms
seq=116 rtt=3.36s rd=87.45ms sd=3.27s ipdv=156.6ms
seq=117 rtt=3.37s rd=47.92ms sd=3.32s ipdv=13ms
seq=118 rtt=3.17s rd=47.89ms sd=3.12s ipdv=200.3ms
seq=119 rtt=3.35s rd=87.63ms sd=3.26s ipdv=183.8ms
seq=120 rtt=3.2s rd=107.3ms sd=3.09s ipdv=153.1ms
seq=121 rtt=3.19s rd=59.47ms sd=3.13s ipdv=4.3ms
seq=122 rtt=3.31s rd=78.95ms sd=3.23s ipdv=117.5ms
seq=123 rtt=3.19s rd=113.3ms sd=3.08s ipdv=122.9ms
seq=124 rtt=3.54s rd=116.4ms sd=3.42s ipdv=348.6ms
seq=125 rtt=3.37s rd=112.6ms sd=3.26s ipdv=167.9ms
seq=126 rtt=3.44s rd=118.7ms sd=3.32s ipdv=67.55ms
seq=127 rtt=3.24s rd=118.7ms sd=3.12s ipdv=199.5ms
seq=128 rtt=3.96s rd=113.5ms sd=3.85s ipdv=727.4ms
seq=129 rtt=3.97s rd=64.43ms sd=3.9s ipdv=749µs
seq=130 rtt=4.03s rd=76.86ms sd=3.95s ipdv=61.3ms
seq=131 rtt=3.83s rd=76.83ms sd=3.75s ipdv=199.4ms
seq=132 rtt=3.69s rd=115.9ms sd=3.57s ipdv=137.1ms
seq=133 rtt=3.55s rd=145.7ms sd=3.4s ipdv=145.4ms
seq=134 rtt=3.34s rd=145.6ms sd=3.2s ipdv=200.4ms
seq=135 rtt=3.61s rd=85.99ms sd=3.53s ipdv=267.4ms
seq=136 rtt=3.48s rd=114ms sd=3.36s ipdv=135.7ms
seq=137 rtt=3.53s rd=118ms sd=3.42s ipdv=57.15ms
seq=138 rtt=3.33s rd=117.9ms sd=3.22s ipdv=199.3ms
seq=139 rtt=4.05s rd=128.1ms sd=3.92s ipdv=717.3ms
seq=140 rtt=3.85s rd=128.1ms sd=3.72s ipdv=200.4ms
seq=141 rtt=3.65s rd=128ms sd=3.52s ipdv=200.3ms
seq=142 rtt=3.45s rd=128ms sd=3.32s ipdv=200.2ms
seq=143 rtt=4.94s rd=77.44ms sd=4.87s ipdv=1.49s
seq=144 rtt=4.74s rd=77.47ms sd=4.66s ipdv=200.9ms
seq=145 rtt=4.54s rd=77.45ms sd=4.46s ipdv=199.4ms
seq=146 rtt=4.34s rd=77.43ms sd=4.26s ipdv=200.4ms
seq=147 rtt=4.14s rd=77.41ms sd=4.07s ipdv=199.3ms
seq=148 rtt=3.97s rd=71.35ms sd=3.89s ipdv=177ms
seq=149 rtt=4.33s rd=86.33ms sd=4.24s ipdv=362.7ms
seq=150 rtt=4.17s rd=93.27ms sd=4.08s ipdv=157.6ms
seq=151 rtt=4.46s rd=66.94ms sd=4.39s ipdv=290.3ms
seq=152 rtt=4.31s rd=77.75ms sd=4.23s ipdv=151.8ms
seq=153 rtt=4.64s rd=98.85ms sd=4.54s ipdv=327.8ms
seq=154 rtt=4.48s rd=101.8ms sd=4.37s ipdv=160.8ms
seq=155 rtt=4.28s rd=101.7ms sd=4.17s ipdv=200.4ms
seq=156 rtt=4.29s rd=65.17ms sd=4.23s ipdv=14.4ms
seq=157 rtt=4.38s rd=57ms sd=4.32s ipdv=86.9ms
seq=158 rtt=4.18s rd=56.94ms sd=4.12s ipdv=200.2ms
seq=159 rtt=4.27s rd=97.48ms sd=4.17s ipdv=90.9ms
seq=160 rtt=4.38s rd=124.9ms sd=4.25s ipdv=111.3ms
seq=161 rtt=4.21s rd=135.8ms sd=4.08s ipdv=167.3ms
seq=162 rtt=5.74s rd=133.7ms sd=5.61s ipdv=1.53s
seq=163 rtt=5.54s rd=133.6ms sd=5.41s ipdv=200.4ms
seq=164 rtt=5.34s rd=133.6ms sd=5.21s ipdv=200.2ms
seq=165 rtt=5.14s rd=133.6ms sd=5.01s ipdv=199.4ms
seq=166 rtt=4.94s rd=133.6ms sd=4.81s ipdv=200.3ms
seq=168 rtt=4.58s rd=134.1ms sd=4.45s ipdv=n/a
seq=169 rtt=4.9s rd=69.15ms sd=4.83s ipdv=316ms
seq=170 rtt=4.76s rd=92.78ms sd=4.66s ipdv=145.7ms
seq=171 rtt=4.8s rd=118ms sd=4.69s ipdv=49.1ms
seq=172 rtt=4.6s rd=118ms sd=4.49s ipdv=200.4ms
seq=173 rtt=4.4s rd=98.29ms sd=4.31s ipdv=199.3ms
seq=174 rtt=4.2s rd=98.26ms sd=4.11s ipdv=200.3ms
seq=175 rtt=4s rd=98.24ms sd=3.91s ipdv=200.4ms
seq=176 rtt=3.84s rd=132.4ms sd=3.71s ipdv=165.2ms
seq=179 rtt=3.48s rd=57.89ms sd=3.42s ipdv=n/a
seq=180 rtt=3.86s rd=89.12ms sd=3.77s ipdv=378.3ms
seq=181 rtt=3.69s rd=91.86ms sd=3.6s ipdv=168.8ms
seq=182 rtt=3.98s rd=63.86ms sd=3.92s ipdv=289.7ms
seq=183 rtt=3.85s rd=107.7ms sd=3.75s ipdv=125.3ms
seq=184 rtt=3.65s rd=107.6ms sd=3.55s ipdv=200.3ms
seq=185 rtt=3.7s rd=93.13ms sd=3.6s ipdv=42.85ms
seq=186 rtt=3.77s rd=128.5ms sd=3.64s ipdv=74.95ms
seq=187 rtt=3.62s rd=131.3ms sd=3.49s ipdv=152.9ms
seq=188 rtt=3.45s rd=113.7ms sd=3.34s ipdv=169.8ms
seq=189 rtt=3.75s rd=88.24ms sd=3.67s ipdv=304.9ms
seq=190 rtt=3.63s rd=134.2ms sd=3.49s ipdv=129.4ms
seq=191 rtt=3.63s rd=70.31ms sd=3.56s ipdv=6.45ms
seq=192 rtt=3.75s rd=116.6ms sd=3.63s ipdv=116.3ms
seq=193 rtt=3.59s rd=125.6ms sd=3.47s ipdv=154.3ms
seq=194 rtt=3.95s rd=103.7ms sd=3.85s ipdv=357.9ms
seq=195 rtt=3.75s rd=103.7ms sd=3.65s ipdv=199.3ms
seq=196 rtt=3.58s rd=101.9ms sd=3.48s ipdv=172.2ms
seq=197 rtt=3.6s rd=60.53ms sd=3.54s ipdv=18.25ms
seq=198 rtt=3.69s rd=108.7ms sd=3.58s ipdv=89.4ms
seq=199 rtt=4.68s rd=103.5ms sd=4.58s ipdv=993.2ms
seq=200 rtt=4.48s rd=103.5ms sd=4.38s ipdv=200ms
seq=201 rtt=4.28s rd=103.5ms sd=4.18s ipdv=200.4ms
seq=202 rtt=4.08s rd=103.5ms sd=3.98s ipdv=199.5ms
seq=203 rtt=3.96s rd=142.8ms sd=3.81s ipdv=124.3ms
seq=204 rtt=3.76s rd=142.8ms sd=3.61s ipdv=200.2ms
seq=205 rtt=3.78s rd=81.89ms sd=3.7s ipdv=23.05ms
seq=206 rtt=3.8s rd=64.7ms sd=3.74s ipdv=21.65ms
seq=207 rtt=3.67s rd=110.4ms sd=3.56s ipdv=130.9ms
seq=208 rtt=3.53s rd=124.7ms sd=3.4s ipdv=141.2ms
seq=209 rtt=3.89s rd=177.6ms sd=3.71s ipdv=360.9ms
seq=210 rtt=3.75s rd=200.2ms sd=3.55s ipdv=144.2ms
seq=211 rtt=3.58s rd=209.4ms sd=3.37s ipdv=170.4ms
seq=212 rtt=3.8s rd=66.03ms sd=3.73s ipdv=223.5ms
seq=213 rtt=3.63s rd=72.39ms sd=3.56s ipdv=165.3ms
seq=214 rtt=4.83s rd=48.22ms sd=4.79s ipdv=1.2s
seq=215 rtt=5.55s rd=59.33ms sd=5.49s ipdv=711.2ms
seq=216 rtt=5.35s rd=59.31ms sd=5.29s ipdv=200.4ms
seq=217 rtt=5.15s rd=59.29ms sd=5.09s ipdv=199.4ms
seq=218 rtt=4.95s rd=59.31ms sd=4.89s ipdv=200.3ms
seq=219 rtt=4.75s rd=59.29ms sd=4.69s ipdv=200.4ms
seq=221 rtt=4.92s rd=68.45ms sd=4.85s ipdv=n/a
seq=222 rtt=4.77s rd=98.32ms sd=4.68s ipdv=143.6ms
seq=223 rtt=4.75s rd=44.82ms sd=4.71s ipdv=20.05ms
seq=224 rtt=4.55s rd=44.78ms sd=4.51s ipdv=200.3ms
seq=225 rtt=4.43s rd=96.03ms sd=4.33s ipdv=125.2ms
seq=226 rtt=4.51s rd=103ms sd=4.4s ipdv=76.6ms
seq=227 rtt=4.33s rd=103.5ms sd=4.23s ipdv=171ms
seq=228 rtt=4.35s rd=80.31ms sd=4.27s ipdv=18ms
seq=229 rtt=4.5s rd=122.4ms sd=4.38s ipdv=148.9ms
seq=230 rtt=4.34s rd=135.9ms sd=4.2s ipdv=166.8ms
seq=231 rtt=4.67s rd=112ms sd=4.56s ipdv=340ms
seq=232 rtt=4.51s rd=112.9ms sd=4.4s ipdv=165.9ms
seq=233 rtt=4.89s rd=94.18ms sd=4.8s ipdv=380.5ms
seq=234 rtt=4.72s rd=96.53ms sd=4.63s ipdv=167.4ms
seq=235 rtt=5.11s rd=92.99ms sd=5.02s ipdv=386.5ms
seq=236 rtt=4.96s rd=120.5ms sd=4.84s ipdv=144.1ms
seq=237 rtt=4.76s rd=120.5ms sd=4.64s ipdv=200.4ms
seq=238 rtt=4.78s rd=70.1ms sd=4.71s ipdv=12.6ms
seq=239 rtt=4.58s rd=70.08ms sd=4.51s ipdv=199.1ms
seq=240 rtt=4.42s rd=73.78ms sd=4.34s ipdv=161.3ms
seq=241 rtt=6.68s rd=88.41ms sd=6.59s ipdv=2.26s
seq=242 rtt=6.48s rd=88.44ms sd=6.39s ipdv=199.3ms
seq=243 rtt=6.28s rd=88.42ms sd=6.19s ipdv=200.2ms
seq=244 rtt=6.08s rd=88.41ms sd=5.99s ipdv=200.4ms
seq=245 rtt=5.88s rd=88.4ms sd=5.79s ipdv=199.4ms
seq=251 rtt=4.74s rd=102.2ms sd=4.63s ipdv=n/a
seq=252 rtt=5.04s rd=91.4ms sd=4.95s ipdv=306.6ms
seq=253 rtt=4.91s rd=111.3ms sd=4.8s ipdv=134.8ms
seq=254 rtt=4.88s rd=45.58ms sd=4.83s ipdv=31.45ms
seq=255 rtt=5.06s rd=122ms sd=4.94s ipdv=180.9ms
seq=256 rtt=4.93s rd=139.1ms sd=4.79s ipdv=128.4ms
seq=257 rtt=4.73s rd=139.1ms sd=4.59s ipdv=200.3ms
seq=258 rtt=4.72s rd=83.41ms sd=4.63s ipdv=13.25ms
seq=259 rtt=4.82s rd=87.38ms sd=4.73s ipdv=103.7ms
seq=260 rtt=4.65s rd=77.07ms sd=4.58s ipdv=167ms
seq=261 rtt=4.69s rd=44.22ms sd=4.65s ipdv=37.7ms
seq=262 rtt=4.89s rd=135.7ms sd=4.75s ipdv=196.5ms
seq=263 rtt=4.71s rd=144.5ms sd=4.57s ipdv=171.6ms
seq=264 rtt=4.71s rd=75.87ms sd=4.63s ipdv=4.95ms
seq=265 rtt=5.97s rd=89.55ms sd=5.88s ipdv=1.26s
seq=266 rtt=5.77s rd=89.53ms sd=5.68s ipdv=200.4ms
seq=267 rtt=5.57s rd=89.48ms sd=5.48s ipdv=200.3ms
seq=268 rtt=5.37s rd=89.47ms sd=5.28s ipdv=200.3ms
seq=269 rtt=5.23s rd=126.5ms sd=5.11s ipdv=132.8ms
seq=270 rtt=5.24s rd=79.45ms sd=5.16s ipdv=6ms
seq=271 rtt=5.36s rd=151ms sd=5.21s ipdv=126.1ms
seq=272 rtt=5.17s rd=151ms sd=5.01s ipdv=199.3ms
seq=273 rtt=4.97s rd=151ms sd=4.81s ipdv=200.3ms
seq=274 rtt=4.8s rd=155ms sd=4.64s ipdv=168.8ms
seq=275 rtt=4.63s rd=139.5ms sd=4.49s ipdv=164.8ms
seq=276 rtt=4.61s rd=55.69ms sd=4.55s ipdv=21.2ms
seq=277 rtt=4.77s rd=147ms sd=4.62s ipdv=156.6ms
seq=278 rtt=4.57s rd=127.5ms sd=4.44s ipdv=200ms
seq=279 rtt=4.52s rd=46.85ms sd=4.47s ipdv=47.15ms
seq=280 rtt=4.69s rd=63.31ms sd=4.63s ipdv=174.3ms
seq=281 rtt=4.55s rd=92.59ms sd=4.46s ipdv=139.3ms
seq=282 rtt=4.85s rd=74.15ms sd=4.78s ipdv=296ms
seq=283 rtt=4.71s rd=96.69ms sd=4.61s ipdv=140.7ms
seq=284 rtt=5.06s rd=109.6ms sd=4.95s ipdv=348.6ms
seq=285 rtt=4.91s rd=141.2ms sd=4.77s ipdv=150.5ms
seq=286 rtt=4.91s rd=77.29ms sd=4.83s ipdv=749µs
seq=287 rtt=5s rd=75.49ms sd=4.92s ipdv=90.65ms
seq=288 rtt=4.86s rd=104.3ms sd=4.76s ipdv=138.8ms
seq=289 rtt=4.66s rd=104.3ms sd=4.56s ipdv=199.4ms
seq=290 rtt=4.67s rd=57.96ms sd=4.61s ipdv=5.55ms
seq=291 rtt=4.86s rd=118.5ms sd=4.74s ipdv=191.4ms
seq=292 rtt=4.69s rd=131.1ms sd=4.56s ipdv=167.8ms
seq=293 rtt=4.72s rd=65.13ms sd=4.65s ipdv=26.3ms
seq=294 rtt=4.82s rd=115.4ms sd=4.71s ipdv=105.3ms
seq=295 rtt=4.65s rd=113.5ms sd=4.53s ipdv=172.9ms
seq=296 rtt=4.67s rd=82.55ms sd=4.59s ipdv=19.8ms
seq=297 rtt=4.81s rd=126.1ms sd=4.68s ipdv=137.5ms
seq=298 rtt=4.63s rd=83.4ms sd=4.55s ipdv=170.2ms
seq=299 rtt=4.62s rd=49.11ms sd=4.57s ipdv=15.85ms
seq=300 rtt=4.76s rd=91.17ms sd=4.67s ipdv=142.8ms
seq=301 rtt=4.59s rd=92.34ms sd=4.5s ipdv=168.4ms
seq=302 rtt=4.58s rd=49.03ms sd=4.53s ipdv=10.45ms
seq=303 rtt=4.73s rd=87.29ms sd=4.64s ipdv=145.3ms
seq=304 rtt=4.6s rd=110.1ms sd=4.49s ipdv=128.9ms
seq=305 rtt=4.92s rd=62.67ms sd=4.85s ipdv=316.1ms
seq=306 rtt=4.76s rd=76.29ms sd=4.68s ipdv=159.3ms
seq=307 rtt=4.78s rd=73.35ms sd=4.71s ipdv=26.15ms
seq=308 rtt=4.87s rd=65.08ms sd=4.81s ipdv=91.15ms
seq=309 rtt=4.72s rd=79.43ms sd=4.64s ipdv=151.3ms
seq=310 rtt=4.52s rd=79.4ms sd=4.44s ipdv=200.7ms
seq=311 rtt=4.54s rd=55.1ms sd=4.49s ipdv=21.2ms
seq=312 rtt=4.67s rd=91.85ms sd=4.58s ipdv=131.5ms
seq=313 rtt=4.51s rd=96.44ms sd=4.41s ipdv=166.5ms
seq=314 rtt=4.51s rd=48.21ms sd=4.46s ipdv=3.05ms
seq=315 rtt=4.65s rd=59.26ms sd=4.59s ipdv=143.3ms
seq=316 rtt=4.49s rd=65.02ms sd=4.43s ipdv=160.6ms
seq=317 rtt=4.82s rd=94.02ms sd=4.73s ipdv=327.8ms
seq=318 rtt=4.65s rd=95.89ms sd=4.56s ipdv=167ms
seq=319 rtt=4.65s rd=47.37ms sd=4.6s ipdv=5.65ms
seq=320 rtt=4.82s rd=85.41ms sd=4.74s ipdv=171.9ms
seq=321 rtt=4.65s rd=93.97ms sd=4.56s ipdv=166.9ms
seq=322 rtt=4.65s rd=39.6ms sd=4.61s ipdv=2.25ms
seq=323 rtt=4.78s rd=85.8ms sd=4.7s ipdv=130.9ms
seq=324 rtt=4.62s rd=99.86ms sd=4.52s ipdv=160ms
seq=325 rtt=4.6s rd=43.91ms sd=4.55s ipdv=24.9ms
seq=326 rtt=4.76s rd=117.4ms sd=4.64s ipdv=158.6ms
seq=327 rtt=4.61s rd=111.3ms sd=4.5s ipdv=142.5ms
seq=328 rtt=4.41s rd=111.3ms sd=4.3s ipdv=200.4ms
seq=329 rtt=4.39s rd=60.14ms sd=4.33s ipdv=25.15ms
seq=330 rtt=4.54s rd=78.79ms sd=4.46s ipdv=148.6ms
seq=331 rtt=4.37s rd=70.77ms sd=4.29s ipdv=171.3ms
seq=332 rtt=4.4s rd=82.22ms sd=4.32s ipdv=38.6ms
seq=333 rtt=4.5s rd=104.5ms sd=4.4s ipdv=98.75ms
seq=334 rtt=4.34s rd=101.2ms sd=4.23s ipdv=167.2ms
seq=335 rtt=5.8s rd=92.49ms sd=5.7s ipdv=1.46s
seq=336 rtt=5.6s rd=92.5ms sd=5.5s ipdv=199.9ms
seq=337 rtt=5.39s rd=92.46ms sd=5.3s ipdv=200.3ms
seq=338 rtt=5.2s rd=92.45ms sd=5.1s ipdv=199.4ms
seq=339 rtt=5s rd=92.44ms sd=4.9s ipdv=200.5ms
seq=340 rtt=4.83s rd=95.55ms sd=4.73s ipdv=166.9ms
seq=341 rtt=5.2s rd=106.2ms sd=5.09s ipdv=367.5ms
seq=342 rtt=5.06s rd=135.4ms sd=4.93s ipdv=135ms
seq=343 rtt=5.34s rd=62.69ms sd=5.28s ipdv=280.8ms
seq=344 rtt=5.17s rd=60.73ms sd=5.11s ipdv=168.2ms
seq=345 rtt=5.5s rd=53.63ms sd=5.45s ipdv=325.7ms
seq=346 rtt=5.37s rd=89.44ms sd=5.28s ipdv=127.2ms
seq=347 rtt=5.73s rd=91.47ms sd=5.63s ipdv=354.1ms
seq=348 rtt=5.53s rd=91.45ms sd=5.43s ipdv=199.6ms
seq=349 rtt=5.35s rd=84.23ms sd=5.27s ipdv=171.5ms
seq=350 rtt=5.7s rd=62.45ms sd=5.64s ipdv=343.3ms
seq=351 rtt=5.56s rd=95.27ms sd=5.47s ipdv=133.8ms
seq=352 rtt=5.87s rd=61.36ms sd=5.81s ipdv=304.6ms
seq=353 rtt=5.75s rd=110.3ms sd=5.64s ipdv=120.2ms
seq=354 rtt=6.08s rd=87.5ms sd=6s ipdv=334.7ms
seq=355 rtt=5.94s rd=122.7ms sd=5.81s ipdv=146.3ms
seq=356 rtt=6.29s rd=130.7ms sd=6.15s ipdv=348ms
seq=357 rtt=6.11s rd=128.7ms sd=5.98s ipdv=171.8ms
seq=358 rtt=6.47s rd=123ms sd=6.35s ipdv=359.5ms
seq=359 rtt=6.27s rd=123ms sd=6.15s ipdv=200.4ms
seq=360 rtt=6.13s rd=118.3ms sd=6.01s ipdv=143.5ms
seq=361 rtt=6.43s rd=102.2ms sd=6.33s ipdv=301.9ms
seq=362 rtt=6.26s rd=107.7ms sd=6.15s ipdv=168.3ms
seq=363 rtt=6.58s rd=84.77ms sd=6.5s ipdv=320.2ms
seq=364 rtt=6.42s rd=70.86ms sd=6.35s ipdv=166.5ms
seq=365 rtt=6.49s rd=108.7ms sd=6.38s ipdv=76.2ms
seq=366 rtt=6.29s rd=108.7ms sd=6.18s ipdv=200.3ms
seq=367 rtt=6.39s rd=77.63ms sd=6.31s ipdv=94.4ms
seq=368 rtt=6.28s rd=154.2ms sd=6.13s ipdv=107.3ms
seq=369 rtt=6.27s rd=63.99ms sd=6.21s ipdv=9.25ms
seq=370 rtt=6.4s rd=110.5ms sd=6.29s ipdv=127.1ms
seq=371 rtt=6.23s rd=82.53ms sd=6.15s ipdv=168.3ms
seq=372 rtt=6.25s rd=67.88ms sd=6.18s ipdv=22.2ms
seq=373 rtt=6.05s rd=67.9ms sd=5.98s ipdv=199.6ms
seq=374 rtt=6.13s rd=61.24ms sd=6.07s ipdv=75.65ms
seq=375 rtt=5.96s rd=63.48ms sd=5.9s ipdv=168.3ms
seq=376 rtt=6.32s rd=104.8ms sd=6.21s ipdv=357.8ms
seq=377 rtt=6.18s rd=146.9ms sd=6.03s ipdv=137.7ms
seq=378 rtt=6.15s rd=48.52ms sd=6.1s ipdv=32.25ms
seq=379 rtt=6.31s rd=91.77ms sd=6.22s ipdv=163.4ms
seq=380 rtt=6.14s rd=69.74ms sd=6.07s ipdv=172.9ms
seq=381 rtt=6.16s rd=86.77ms sd=6.08s ipdv=26.4ms
seq=382 rtt=5.96s rd=86.75ms sd=5.88s ipdv=200.1ms
seq=383 rtt=5.76s rd=86.79ms sd=5.68s ipdv=200.3ms
seq=384 rtt=5.56s rd=86.77ms sd=5.48s ipdv=199.3ms
seq=385 rtt=5.36s rd=86.75ms sd=5.28s ipdv=201ms
seq=386 rtt=5.46s rd=100.5ms sd=5.36s ipdv=94.1ms
seq=387 rtt=5.3s rd=95.67ms sd=5.21s ipdv=154.6ms
seq=388 rtt=5.6s rd=58.01ms sd=5.54s ipdv=292.6ms
seq=389 rtt=5.46s rd=93.01ms sd=5.37s ipdv=134.7ms
seq=390 rtt=5.8s rd=85.99ms sd=5.71s ipdv=339.9ms
seq=391 rtt=5.68s rd=107.1ms sd=5.57s ipdv=124.7ms
seq=392 rtt=6.02s rd=87.46ms sd=5.93s ipdv=346.3ms
seq=393 rtt=5.88s rd=121.3ms sd=5.76s ipdv=138.6ms
seq=394 rtt=6.21s rd=98.18ms sd=6.11s ipdv=328.1ms
seq=395 rtt=6.01s rd=98.19ms sd=5.91s ipdv=200.3ms
seq=396 rtt=5.87s rd=126.1ms sd=5.75s ipdv=136.3ms
seq=397 rtt=6.18s rd=93.25ms sd=6.09s ipdv=304.9ms
seq=398 rtt=6.04s rd=124.8ms sd=5.92s ipdv=137.5ms
seq=399 rtt=6.4s rd=121.8ms sd=6.28s ipdv=355.4ms
seq=400 rtt=6.24s rd=116.5ms sd=6.12s ipdv=156.6ms
seq=401 rtt=6.53s rd=58.63ms sd=6.47s ipdv=284.7ms
seq=402 rtt=6.4s rd=103.6ms sd=6.3s ipdv=126.5ms
seq=403 rtt=6.41s rd=71.12ms sd=6.34s ipdv=8.05ms
seq=404 rtt=6.21s rd=71.1ms sd=6.14s ipdv=200.7ms
seq=405 rtt=6.01s rd=71.09ms sd=5.94s ipdv=200ms
seq=406 rtt=6.11s rd=45.48ms sd=6.07s ipdv=104.9ms
seq=407 rtt=5.98s rd=97.34ms sd=5.88s ipdv=134.2ms
seq=408 rtt=6.26s rd=56.41ms sd=6.2s ipdv=280.8ms
seq=409 rtt=6.09s rd=61.59ms sd=6.03s ipdv=167ms
seq=410 rtt=6.46s rd=88.16ms sd=6.37s ipdv=371.3ms
seq=411 rtt=6.31s rd=117ms sd=6.19s ipdv=151.5ms
seq=412 rtt=6.68s rd=118.5ms sd=6.57s ipdv=373.2ms
seq=413 rtt=6.54s rd=148ms sd=6.39s ipdv=147ms
seq=414 rtt=6.34s rd=148ms sd=6.19s ipdv=200ms
seq=415 rtt=6.35s rd=93.94ms sd=6.26s ipdv=12.4ms
seq=416 rtt=6.15s rd=93.91ms sd=6.06s ipdv=200.1ms
seq=417 rtt=6.01s rd=121.2ms sd=5.88s ipdv=144.4ms
seq=418 rtt=5.8s rd=121.1ms sd=5.68s ipdv=200.3ms
seq=419 rtt=5.61s rd=121.1ms sd=5.48s ipdv=199.4ms
seq=420 rtt=5.4s rd=121.1ms sd=5.28s ipdv=200.6ms
seq=421 rtt=5.52s rd=170.2ms sd=5.35s ipdv=112.7ms
seq=422 rtt=5.32s rd=140.5ms sd=5.18s ipdv=194.7ms
seq=423 rtt=6.8s rd=91.6ms sd=6.71s ipdv=1.48s
seq=424 rtt=6.6s rd=91.58ms sd=6.51s ipdv=200.4ms
seq=425 rtt=6.4s rd=91.55ms sd=6.31s ipdv=199.3ms
seq=426 rtt=6.2s rd=91.51ms sd=6.11s ipdv=200.9ms
seq=427 rtt=6s rd=91.5ms sd=5.91s ipdv=199.3ms
seq=428 rtt=6.36s rd=106.1ms sd=6.25s ipdv=358.4ms
seq=429 rtt=6.24s rd=150.1ms sd=6.09s ipdv=119.3ms
seq=430 rtt=6.04s rd=150.1ms sd=5.89s ipdv=199.2ms
seq=431 rtt=6.33s rd=63.63ms sd=6.26s ipdv=287.4ms
seq=432 rtt=6.19s rd=94.89ms sd=6.09s ipdv=138.7ms
seq=433 rtt=6.5s rd=67.81ms sd=6.43s ipdv=309.2ms
seq=434 rtt=6.37s rd=97.06ms sd=6.27s ipdv=133.4ms
seq=435 rtt=6.39s rd=80.92ms sd=6.31s ipdv=25.65ms
seq=436 rtt=6.19s rd=80.88ms sd=6.11s ipdv=200ms
seq=437 rtt=6.28s rd=65.43ms sd=6.22s ipdv=93.3ms
seq=438 rtt=6.15s rd=101.8ms sd=6.05s ipdv=133.2ms
seq=439 rtt=5.95s rd=101.6ms sd=5.85s ipdv=200.4ms
seq=440 rtt=6.29s rd=101.2ms sd=6.19s ipdv=338.1ms
seq=441 rtt=6.12s rd=99.72ms sd=6.02s ipdv=166.4ms
seq=442 rtt=6.42s rd=60.65ms sd=6.36s ipdv=299.2ms
seq=443 rtt=6.28s rd=93.17ms sd=6.19s ipdv=137.2ms
seq=444 rtt=6.62s rd=84.18ms sd=6.53s ipdv=333.1ms
seq=445 rtt=6.45s rd=79.37ms sd=6.37s ipdv=168.9ms
seq=446 rtt=6.47s rd=48.64ms sd=6.42s ipdv=20.4ms
seq=447 rtt=6.27s rd=48.67ms sd=6.22s ipdv=199.9ms
seq=448 rtt=6.07s rd=48.66ms sd=6.02s ipdv=199.3ms
seq=449 rtt=6.22s rd=94.92ms sd=6.12s ipdv=149.9ms
seq=450 rtt=6.07s rd=109.8ms sd=5.96s ipdv=153.1ms
seq=451 rtt=6.37s rd=92.68ms sd=6.28s ipdv=307.4ms
seq=452 rtt=6.23s rd=95.88ms sd=6.13s ipdv=148.2ms
seq=453 rtt=6.57s rd=96.77ms sd=6.48s ipdv=346ms
seq=454 rtt=6.39s rd=95.35ms sd=6.29s ipdv=184.4ms
seq=455 rtt=6.43s rd=81.94ms sd=6.34s ipdv=39.25ms
seq=456 rtt=6.23s rd=81.97ms sd=6.14s ipdv=200.3ms
seq=457 rtt=6.03s rd=81.95ms sd=5.95s ipdv=199.4ms
seq=458 rtt=6.1s rd=65.55ms sd=6.04s ipdv=77.75ms
seq=459 rtt=5.99s rd=112.5ms sd=5.87s ipdv=118ms
seq=460 rtt=6.3s rd=71.24ms sd=6.23s ipdv=314ms
seq=461 rtt=6.13s rd=68.23ms sd=6.06s ipdv=173ms
seq=462 rtt=6.47s rd=88.28ms sd=6.38s ipdv=338.6ms
seq=463 rtt=6.33s rd=117.1ms sd=6.21s ipdv=136.2ms
seq=464 rtt=6.64s rd=88.08ms sd=6.55s ipdv=310.4ms
seq=465 rtt=6.47s rd=94.08ms sd=6.38s ipdv=167.1ms
seq=466 rtt=6.48s rd=63.16ms sd=6.42s ipdv=9.55ms
seq=467 rtt=6.28s rd=63.2ms sd=6.22s ipdv=200.1ms
seq=468 rtt=6.08s rd=63.11ms sd=6.02s ipdv=199.3ms
seq=469 rtt=5.94s rd=88.86ms sd=5.85s ipdv=144.6ms
seq=470 rtt=5.74s rd=88.84ms sd=5.65s ipdv=200.3ms
seq=471 rtt=5.54s rd=88.83ms sd=5.45s ipdv=199.3ms
seq=472 rtt=5.69s rd=143.2ms sd=5.54s ipdv=146.5ms
seq=473 rtt=5.51s rd=148.9ms sd=5.36s ipdv=175.2ms
seq=474 rtt=5.31s rd=148.9ms sd=5.16s ipdv=199.3ms
seq=475 rtt=5.62s rd=86.66ms sd=5.54s ipdv=311.4ms
seq=476 rtt=5.48s rd=127ms sd=5.36s ipdv=138.1ms
seq=477 rtt=5.83s rd=133.5ms sd=5.7s ipdv=347.7ms
seq=478 rtt=5.66s rd=111.2ms sd=5.55s ipdv=172.2ms
seq=479 rtt=5.95s rd=71.78ms sd=5.88s ipdv=291.6ms
seq=480 rtt=5.81s rd=95.91ms sd=5.72s ipdv=139.3ms
seq=481 rtt=6.16s rd=110.4ms sd=6.05s ipdv=343.6ms
seq=482 rtt=5.96s rd=110.4ms sd=5.85s ipdv=199.4ms
seq=483 rtt=5.8s rd=138.7ms sd=5.67s ipdv=152.6ms
seq=484 rtt=6.13s rd=105.2ms sd=6.03s ipdv=329.7ms
seq=485 rtt=5.97s rd=90.31ms sd=5.88s ipdv=167.4ms
seq=486 rtt=6.34s rd=64.66ms sd=6.27s ipdv=371.4ms
seq=487 rtt=6.21s rd=99.33ms sd=6.11s ipdv=131.4ms
seq=488 rtt=6.53s rd=105.2ms sd=6.43s ipdv=324.5ms
seq=489 rtt=6.36s rd=102.8ms sd=6.26s ipdv=173.3ms
seq=490 rtt=6.33s rd=48.61ms sd=6.28s ipdv=26.25ms
seq=491 rtt=6.13s rd=48.59ms sd=6.08s ipdv=200.3ms
seq=492 rtt=5.93s rd=48.58ms sd=5.88s ipdv=199.3ms
seq=493 rtt=6.13s rd=133.7ms sd=6s ipdv=197.1ms
seq=494 rtt=5.96s rd=125.9ms sd=5.83s ipdv=172ms
seq=495 rtt=7.36s rd=86.23ms sd=7.28s ipdv=1.41s
seq=496 rtt=7.16s rd=86.21ms sd=7.08s ipdv=200.4ms
seq=497 rtt=6.96s rd=86.19ms sd=6.88s ipdv=200.4ms
seq=498 rtt=6.76s rd=86.14ms sd=6.68s ipdv=199.4ms
seq=499 rtt=6.56s rd=86.12ms sd=6.48s ipdv=199.7ms
seq=500 rtt=6.39s rd=89.13ms sd=6.3s ipdv=169.3ms
seq=501 rtt=6.77s rd=121.7ms sd=6.65s ipdv=376.3ms
seq=502 rtt=6.6s rd=96.73ms sd=6.51s ipdv=167.7ms
seq=503 rtt=6.63s rd=85.5ms sd=6.55s ipdv=31.15ms
seq=504 rtt=6.43s rd=85.49ms sd=6.35s ipdv=200.1ms
seq=505 rtt=6.29s rd=115.8ms sd=6.18s ipdv=138.7ms
seq=506 rtt=6.33s rd=71.48ms sd=6.26s ipdv=32.4ms
seq=507 rtt=6.4s rd=62.73ms sd=6.33s ipdv=68.95ms
seq=508 rtt=6.55s rd=114ms sd=6.44s ipdv=158.5ms
seq=509 rtt=6.38s rd=93.37ms sd=6.29s ipdv=169.2ms
seq=510 rtt=6.74s rd=93.96ms sd=6.64s ipdv=351.2ms
seq=511 rtt=6.57s rd=95.29ms sd=6.47s ipdv=167.2ms
seq=512 rtt=6.61s rd=46.63ms sd=6.57s ipdv=45.2ms
seq=513 rtt=6.72s rd=96.21ms sd=6.63s ipdv=109.2ms
seq=514 rtt=6.52s rd=96.18ms sd=6.43s ipdv=200.3ms
seq=515 rtt=6.39s rd=129.1ms sd=6.26s ipdv=135.8ms
seq=516 rtt=6.22s rd=122.5ms sd=6.09s ipdv=172.1ms
seq=517 rtt=6.5s rd=74.92ms sd=6.43s ipdv=287.2ms
seq=518 rtt=6.35s rd=90.22ms sd=6.26s ipdv=155.3ms
seq=519 rtt=6.15s rd=90.25ms sd=6.06s ipdv=200.1ms
seq=520 rtt=6.22s rd=138.7ms sd=6.08s ipdv=72.05ms
seq=521 rtt=6.29s rd=117.3ms sd=6.17s ipdv=67ms
seq=522 rtt=6.7s rd=124.6ms sd=6.57s ipdv=410.8ms
seq=523 rtt=6.52s rd=116.4ms sd=6.41s ipdv=174.5ms
seq=524 rtt=6.58s rd=90.33ms sd=6.49s ipdv=56.7ms
seq=525 rtt=6.38s rd=90.31ms sd=6.29s ipdv=199.3ms
seq=526 rtt=6.5s rd=104.5ms sd=6.39s ipdv=117.2ms
seq=527 rtt=6.77s rd=53.14ms sd=6.72s ipdv=273.6ms
seq=528 rtt=6.57s rd=53.12ms sd=6.52s ipdv=199.3ms
seq=529 rtt=6.42s rd=72.24ms sd=6.34s ipdv=155.6ms
seq=530 rtt=6.26s rd=84.92ms sd=6.17s ipdv=156.8ms
seq=531 rtt=6.26s rd=46.53ms sd=6.21s ipdv=949µs
seq=532 rtt=6.43s rd=114.4ms sd=6.31s ipdv=171.1ms
seq=533 rtt=6.26s rd=112.4ms sd=6.15s ipdv=165.4ms
seq=534 rtt=6.26s rd=49.85ms sd=6.21s ipdv=3.25ms
seq=535 rtt=6.4s rd=88.77ms sd=6.31s ipdv=142.3ms
seq=536 rtt=6.25s rd=107.6ms sd=6.14s ipdv=151.8ms
seq=537 rtt=6.63s rd=137.8ms sd=6.49s ipdv=377.8ms
seq=538 rtt=6.46s rd=130.4ms sd=6.33s ipdv=171.5ms
seq=539 rtt=6.51s rd=100.7ms sd=6.41s ipdv=49.15ms
seq=540 rtt=6.59s rd=103.9ms sd=6.49s ipdv=88.51ms
seq=541 rtt=6.45s rd=130.7ms sd=6.32s ipdv=140.4ms
seq=542 rtt=6.42s rd=50.23ms sd=6.37s ipdv=33.3ms
seq=543 rtt=6.59s rd=120ms sd=6.47s ipdv=170.3ms
seq=544 rtt=6.43s rd=100.3ms sd=6.32s ipdv=166ms
seq=545 rtt=6.23s rd=100.3ms sd=6.13s ipdv=199.3ms
seq=546 rtt=6.24s rd=64.18ms sd=6.17s ipdv=11.15ms
seq=547 rtt=6.31s rd=55.17ms sd=6.25s ipdv=68.15ms
seq=548 rtt=6.17s rd=76.83ms sd=6.09s ipdv=136.4ms
seq=549 rtt=6.16s rd=48.27ms sd=6.11s ipdv=11.2ms
seq=550 rtt=6.31s rd=62.54ms sd=6.25s ipdv=149.9ms
seq=551 rtt=6.17s rd=108.1ms sd=6.06s ipdv=135ms
seq=552 rtt=6.48s rd=56.97ms sd=6.42s ipdv=304.8ms
seq=553 rtt=6.34s rd=81.62ms sd=6.26s ipdv=136.8ms
seq=554 rtt=6.37s rd=86.98ms sd=6.28s ipdv=30.7ms
seq=555 rtt=6.51s rd=117.2ms sd=6.39s ipdv=138.5ms
seq=556 rtt=6.34s rd=99.29ms sd=6.24s ipdv=166.9ms
seq=557 rtt=6.38s rd=84.26ms sd=6.3s ipdv=37.6ms
seq=558 rtt=6.43s rd=55.11ms sd=6.37s ipdv=47.9ms
seq=559 rtt=6.26s rd=58.33ms sd=6.2s ipdv=167.5ms
seq=560 rtt=6.27s rd=40.1ms sd=6.23s ipdv=13.35ms
seq=561 rtt=6.44s rd=102.3ms sd=6.34s ipdv=163.5ms
seq=562 rtt=6.3s rd=128.8ms sd=6.17s ipdv=137.4ms
seq=563 rtt=6.28s rd=58.57ms sd=6.22s ipdv=19ms
seq=564 rtt=7.54s rd=62.68ms sd=7.48s ipdv=1.26s
seq=565 rtt=7.34s rd=62.65ms sd=7.28s ipdv=200.5ms
seq=566 rtt=7.14s rd=62.63ms sd=7.08s ipdv=200ms
seq=567 rtt=6.94s rd=62.62ms sd=6.88s ipdv=199.3ms
seq=568 rtt=6.81s rd=98.03ms sd=6.71s ipdv=134.1ms
seq=569 rtt=6.87s rd=80.67ms sd=6.79s ipdv=62.4ms
seq=570 rtt=6.96s rd=122.6ms sd=6.84s ipdv=85.65ms
seq=571 rtt=6.76s rd=122.6ms sd=6.64s ipdv=200.4ms
seq=572 rtt=6.56s rd=122.6ms sd=6.44s ipdv=199.5ms
seq=573 rtt=6.39s rd=108.2ms sd=6.28s ipdv=168.3ms
seq=574 rtt=6.22s rd=107.9ms sd=6.11s ipdv=168ms
seq=575 rtt=6.27s rd=101.6ms sd=6.16s ipdv=42.75ms
seq=576 rtt=6.35s rd=56.67ms sd=6.3s ipdv=86.75ms
seq=577 rtt=6.18s rd=66.39ms sd=6.12s ipdv=168ms
seq=578 rtt=6.56s rd=99.82ms sd=6.46s ipdv=375.3ms
seq=579 rtt=6.43s rd=139.8ms sd=6.3s ipdv=124.4ms
seq=580 rtt=6.43s rd=73.13ms sd=6.35s ipdv=9.2ms
seq=581 rtt=6.54s rd=69.57ms sd=6.47s ipdv=114.4ms
seq=582 rtt=6.39s rd=84.99ms sd=6.3s ipdv=154.6ms
seq=583 rtt=6.38s rd=61.72ms sd=6.32s ipdv=5.45ms
seq=584 rtt=6.48s rd=81.33ms sd=6.4s ipdv=103.9ms
seq=585 rtt=6.36s rd=119.7ms sd=6.24s ipdv=126.3ms
seq=586 rtt=6.16s rd=119.6ms sd=6.04s ipdv=200.1ms
seq=587 rtt=6.16s rd=72.43ms sd=6.09s ipdv=5.75ms
seq=588 rtt=6.23s rd=58.95ms sd=6.17s ipdv=62.5ms
seq=589 rtt=6.09s rd=92.87ms sd=6s ipdv=136.1ms
seq=590 rtt=6.42s rd=97.7ms sd=6.32s ipdv=328.7ms
seq=591 rtt=6.26s rd=121.3ms sd=6.14s ipdv=158.7ms
seq=592 rtt=6.6s rd=83.21ms sd=6.52s ipdv=340.4ms
seq=593 rtt=6.43s rd=100.8ms sd=6.33s ipdv=167.6ms
seq=594 rtt=6.42s rd=34.66ms sd=6.38s ipdv=13.85ms
seq=595 rtt=6.59s rd=128.6ms sd=6.46s ipdv=174.2ms
seq=596 rtt=6.42s rd=75.3ms sd=6.35s ipdv=168.9ms
seq=597 rtt=6.46s rd=94.51ms sd=6.37s ipdv=37.65ms
seq=598 rtt=6.58s rd=87.05ms sd=6.5s ipdv=122.9ms
seq=599 rtt=6.42s rd=89.85ms sd=6.33s ipdv=166.8ms
seq=600 rtt=6.22s rd=89.87ms sd=6.13s ipdv=199.4ms
seq=601 rtt=6.21s rd=36.2ms sd=6.17s ipdv=11.3ms
seq=602 rtt=6.37s rd=85.74ms sd=6.28s ipdv=161.6ms
seq=603 rtt=6.23s rd=126ms sd=6.1s ipdv=141.8ms
seq=604 rtt=6.2s rd=48.94ms sd=6.15s ipdv=24.05ms
seq=605 rtt=7.45s rd=85.18ms sd=7.36s ipdv=1.24s
seq=606 rtt=7.25s rd=85.21ms sd=7.16s ipdv=200ms
seq=607 rtt=7.05s rd=85.19ms sd=6.96s ipdv=199.8ms
seq=608 rtt=6.85s rd=85.27ms sd=6.76s ipdv=200.3ms
seq=609 rtt=6.68s rd=88.11ms sd=6.59s ipdv=167.9ms
seq=610 rtt=6.72s rd=67.84ms sd=6.65s ipdv=40.3ms
seq=611 rtt=6.81s rd=121.3ms sd=6.69s ipdv=87.9ms
seq=612 rtt=6.61s rd=121.3ms sd=6.49s ipdv=199.1ms
seq=613 rtt=6.41s rd=121.3ms sd=6.29s ipdv=200.9ms
seq=614 rtt=6.25s rd=121.1ms sd=6.13s ipdv=154.2ms
seq=615 rtt=6.08s rd=118ms sd=5.96s ipdv=171.2ms
seq=616 rtt=6.37s rd=84.45ms sd=6.28s ipdv=283.4ms
seq=617 rtt=6.21s rd=98.08ms sd=6.11s ipdv=156.2ms
seq=618 rtt=6.52s rd=58.19ms sd=6.46s ipdv=310.4ms
seq=619 rtt=6.38s rd=90.47ms sd=6.29s ipdv=137.9ms
seq=620 rtt=6.42s rd=85.04ms sd=6.33s ipdv=36.95ms
seq=621 rtt=6.54s rd=103.1ms sd=6.44s ipdv=119.8ms
seq=622 rtt=6.37s rd=103.7ms sd=6.26s ipdv=169.9ms
seq=623 rtt=6.35s rd=46.7ms sd=6.31s ipdv=14.35ms
seq=624 rtt=6.54s rd=130.5ms sd=6.41s ipdv=187.2ms
seq=625 rtt=6.34s rd=130.5ms sd=6.21s ipdv=200.3ms
seq=626 rtt=6.17s rd=109.9ms sd=6.06s ipdv=168.8ms
seq=627 rtt=7.67s rd=103.4ms sd=7.57s ipdv=1.5s
seq=628 rtt=7.47s rd=103.3ms sd=7.37s ipdv=200.3ms
seq=629 rtt=7.27s rd=103.3ms sd=7.17s ipdv=199.6ms
seq=630 rtt=7.07s rd=103.3ms sd=6.97s ipdv=199.9ms
seq=631 rtt=6.87s rd=103.3ms sd=6.77s ipdv=200.2ms
seq=632 rtt=6.7s rd=101.5ms sd=6.6s ipdv=169.1ms
seq=633 rtt=6.75s rd=79.52ms sd=6.67s ipdv=42.2ms
seq=634 rtt=6.82s rd=119ms sd=6.71s ipdv=78.9ms
seq=635 rtt=6.62s rd=119ms sd=6.51s ipdv=199.8ms
seq=636 rtt=6.46s rd=122ms sd=6.34s ipdv=164.6ms
seq=637 rtt=6.31s rd=134.7ms sd=6.17s ipdv=150.7ms
seq=638 rtt=6.11s rd=134.7ms sd=5.97s ipdv=200.3ms
seq=639 rtt=6.39s rd=59.96ms sd=6.33s ipdv=278.4ms
seq=640 rtt=6.26s rd=108.7ms sd=6.16s ipdv=122.8ms
seq=641 rtt=6.61s rd=106ms sd=6.5s ipdv=345.4ms
seq=642 rtt=6.44s rd=103.2ms sd=6.34s ipdv=166.3ms
seq=643 rtt=6.5s rd=92.78ms sd=6.4s ipdv=51.05ms
seq=644 rtt=6.57s rd=58.75ms sd=6.51s ipdv=71.9ms
seq=645 rtt=6.4s rd=62.13ms sd=6.34s ipdv=167.7ms
seq=646 rtt=6.43s rd=50.5ms sd=6.38s ipdv=33.05ms
seq=647 rtt=6.58s rd=81.28ms sd=6.5s ipdv=146.7ms
seq=648 rtt=6.44s rd=103.2ms sd=6.33s ipdv=142.5ms
seq=649 rtt=6.43s rd=40.67ms sd=6.39s ipdv=9.1ms
seq=650 rtt=6.52s rd=56.37ms sd=6.47s ipdv=96.8ms
seq=651 rtt=6.37s rd=74.29ms sd=6.3s ipdv=153.7ms
seq=652 rtt=6.17s rd=74.33ms sd=6.1s ipdv=199.2ms
seq=653 rtt=6.19s rd=49.47ms sd=6.14s ipdv=16.65ms
seq=654 rtt=6.38s rd=139.4ms sd=6.24s ipdv=194.8ms
seq=655 rtt=6.23s rd=150.5ms sd=6.08s ipdv=151.7ms
seq=656 rtt=6.23s rd=60.62ms sd=6.17s ipdv=449µs
seq=657 rtt=6.43s rd=170.5ms sd=6.26s ipdv=195.1ms
seq=658 rtt=6.23s rd=137.9ms sd=6.09s ipdv=200.3ms
seq=659 rtt=6.54s rd=90.7ms sd=6.45s ipdv=318.6ms
seq=660 rtt=6.42s rd=148.8ms sd=6.27s ipdv=121.1ms
seq=661 rtt=6.51s rd=161.1ms sd=6.35s ipdv=88.2ms
seq=662 rtt=6.5s rd=62.56ms sd=6.44s ipdv=9.3ms
seq=663 rtt=6.37s rd=100ms sd=6.27s ipdv=136.8ms
