HOSTNAME        : ue-4538
UE ID           : 4538
Computed IMSI   : 208930000004539
gNB ID          : 4538
Proxy IP        : 10.3.19.1
UE IP           : 10.244.14.231
Actual UE ID:    113
Actual GNB ID:   113
global-sc-network [10.4.1.1] 8000 (?) : Connection refused
Waiting for start message
Start message received!
Starting the UE 1758137082.2089472
Calling sched_setscheduler(79)
[1;31m[NR_MAC]   DLSCH ACK/NACK reporting initiated for harq pid 3 before DLSCH decoding completed for now marking as compelete 
[0mCMDLINE: "./nr-uesoftmodem" "-O" "/ue.conf" "--nfapi" "STANDALONE_PNF" "--node-number" "2" "--emulate-l1" "--sa" "1" 
[CONFIG] get parameters from libconfig /ue.conf [LIBCONFIG] Path for include directive set to: /
[CONFIG] function config_libconfig_init returned 0
[CONFIG] config module libconfig loaded
[LIBCONFIG] config: 2/2 parameters successfully set, (2 to default value)
[CONFIG] debug flags: 0x00000000
[LIBCONFIG] log_config: 3/3 parameters successfully set, (1 to default value)
[LIBCONFIG] log_config: 53/53 parameters successfully set, (45 to default value)
[LIBCONFIG] log_config: 53/53 parameters successfully set, (53 to default value)
[LIBCONFIG] log_config: 16/16 parameters successfully set, (16 to default value)
[LIBCONFIG] log_config: 16/16 parameters successfully set, (16 to default value)
log init done
[LIBCONFIG] (root): 33/33 parameters successfully set, (30 to default value)
[LIBCONFIG] (root): 41/41 parameters successfully set, (38 to default value)
[LIBCONFIG] (root): 6/6 parameters successfully set, (5 to default value)
[LIBCONFIG] TTracer: 3/3 parameters successfully set, (3 to default value)
create a thread for core -1
create a thread for core -1
create a thread for core -1
create a thread for core -1
create a thread for core -1
create a thread for core -1
create a thread for core -1
create a thread for core -1
[LIBCONFIG] opt: 3/3 parameters successfully set, (3 to default value)
[LIBCONFIG] loader: 2/2 parameters successfully set, (2 to default value)
[LIBCONFIG] loader.ldpc: 2/2 parameters successfully set, (1 to default value)
shlib_path libldpc.so
[LOADER] library libldpc.so successfully loaded
[LIBCONFIG] nas.noS1: 3/3 parameters successfully set, (3 to default value)
[LIBCONFIG] MACRLCs.[0]: 34/34 parameters successfully set, (25 to default value)
[LIBCONFIG] (root): 30/30 parameters successfully set, (28 to default value)
Ujjwal: start -> 113
TYPE <CTRL-C> TO TERMINATE
[LIBCONFIG] uicc0: 10/10 parameters successfully set, (5 to default value)
Entering ITTI signals handler
TYPE <CTRL-C> TO TERMINATE
kgnb : 7b 43 01 7f a2 66 d9 62 ee 06 ad 03 b8 7d bd 00 23 c4 a5 d0 42 28 5e f3 70 ab 84 c9 8d f0 48 19 
kausf:58 23 67 e2 2d 22 a4 7b 19 62 9d 82 3d 8c 90 1d 1 1d 40 2e f1 fa 4e b9 83 9b 3 33 58 41 e3 6a 
kseaf:d8 7c 16 e1 95 25 c4 d 50 c3 3c 4f c4 7b 10 17 df ea 3e 29 b0 58 95 13 e4 1e cd 7c 5 f bd d8 
kamf:cd b4 f4 58 24 81 35 60 13 6d c1 ed 7 4b 8b de a3 7a a7 da da fe fb b6 ac d4 9e 86 6c 22 95 e3 
knas_int:
f7 3 68 bb 95 1c eb 7d ff fb d8 7e ce 52 96 6c 
mac 3 5b 7a 33 
[NR_RRC]   driving kRRCenc, kRRCint and kUPenc from KgNB=7b 43 01 7f a2 66 d9 62 ee 06 ad 03 b8 7d bd 00 23 c4 a5 d0 42 28 5e f3 70 ab 84 c9 8d f0 48 19 [0m
[NR_RRC]   securityModeComplete payload: 28 00 00 00 00 00 00 00 08 00 00 00 00 00 00 00 [0m
<UE-NR-Capability>
    <accessStratumRelease><rel15/></accessStratumRelease>
    <pdcp-Parameters>
        <supportedROHC-Profiles>
            <profile0x0000><false/></profile0x0000>
            <profile0x0001><false/></profile0x0001>
            <profile0x0002><false/></profile0x0002>
            <profile0x0003><false/></profile0x0003>
            <profile0x0004><false/></profile0x0004>
            <profile0x0006><false/></profile0x0006>
            <profile0x0101><false/></profile0x0101>
            <profile0x0102><false/></profile0x0102>
            <profile0x0103><false/></profile0x0103>
            <profile0x0104><false/></profile0x0104>
        </supportedROHC-Profiles>
        <maxNumberROHC-ContextSessions><cs2/></maxNumberROHC-ContextSessions>
    </pdcp-Parameters>
    <phy-Parameters>
    </phy-Parameters>
    <rf-Parameters>
        <supportedBandListNR>
            <BandNR>
                <bandNR>1</bandNR>
            </BandNR>
        </supportedBandListNR>
    </rf-Parameters>
</UE-NR-Capability>
[1;31m[NR_MAC]   DLSCH ACK/NACK reporting initiated for harq pid 7 before DLSCH decoding completed for now marking as compelete 
[0m[1;31m[NR_MAC]   DLSCH ACK/NACK reporting initiated for harq pid 8 before DLSCH decoding completed for now marking as compelete 
[0m[1;31m[NR_MAC]   DLSCH ACK/NACK reporting initiated for harq pid 14 before DLSCH decoding completed for now marking as compelete 
[0m[1;31m[NR_MAC]   DLSCH ACK/NACK reporting initiated for harq pid 4 before DLSCH decoding completed for now marking as compelete 
[0m[1;31m[NR_MAC]   DLSCH ACK/NACK reporting initiated for harq pid 10 before DLSCH decoding completed for now marking as compelete 
[0m[1;31m[NR_MAC]   DLSCH ACK/NACK reporting initiated for harq pid 11 before DLSCH decoding completed for now marking as compelete 
[0m[1;31m[NR_MAC]   DLSCH ACK/NACK reporting initiated for harq pid 15 before DLSCH decoding completed for now marking as compelete 
[0m[1;31m[NR_MAC]   DLSCH ACK/NACK reporting initiated for harq pid 1 before DLSCH decoding completed for now marking as compelete 
[0m[1;31m[NR_MAC]   DLSCH ACK/NACK reporting initiated for harq pid 2 before DLSCH decoding completed for now marking as compelete 
[0m[1;31m[NR_MAC]   DLSCH ACK/NACK reporting initiated for harq pid 3 before DLSCH decoding completed for now marking as compelete 
[0m[1;31m[NR_MAC]   DLSCH ACK/NACK reporting initiated for harq pid 4 before DLSCH decoding completed for now marking as compelete 
[0m[1;31m[NR_MAC]   DLSCH ACK/NACK reporting initiated for harq pid 5 before DLSCH decoding completed for now marking as compelete 
[0m[1;31m[NR_MAC]   DLSCH ACK/NACK reporting initiated for harq pid 7 before DLSCH decoding completed for now marking as compelete 
[0m[1;31m[NR_MAC]   DLSCH ACK/NACK reporting initiated for harq pid 0 before DLSCH decoding completed for now marking as compelete 
[0m[1;31m[NR_MAC]   DLSCH ACK/NACK reporting initiated for harq pid 9 before DLSCH decoding completed for now marking as compelete 
[0m[1;31m[NR_MAC]   DLSCH ACK/NACK reporting initiated for harq pid 10 before DLSCH decoding completed for now marking as compelete 
[0m[1;31m[NR_MAC]   DLSCH ACK/NACK reporting initiated for harq pid 11 before DLSCH decoding completed for now marking as compelete 
[0m[1;31m[NR_MAC]   DLSCH ACK/NACK reporting initiated for harq pid 12 before DLSCH decoding completed for now marking as compelete 
[0m[1;31m[NR_MAC]   DLSCH ACK/NACK reporting initiated for harq pid 13 before DLSCH decoding completed for now marking as compelete 
[0m[1;31m[NR_MAC]   DLSCH ACK/NACK reporting initiated for harq pid 14 before DLSCH decoding completed for now marking as compelete 
[0m[1;31m[NR_MAC]   DLSCH ACK/NACK reporting initiated for harq pid 1 before DLSCH decoding completed for now marking as compelete 
[0m[1;31m[NR_MAC]   DLSCH ACK/NACK reporting initiated for harq pid 2 before DLSCH decoding completed for now marking as compelete 
[0m[1;31m[NR_MAC]   DLSCH ACK/NACK reporting initiated for harq pid 3 before DLSCH decoding completed for now marking as compelete 
[0m[1;31m[NR_MAC]   DLSCH ACK/NACK reporting initiated for harq pid 4 before DLSCH decoding completed for now marking as compelete 
[0m[1;31m[NR_MAC]   DLSCH ACK/NACK reporting initiated for harq pid 5 before DLSCH decoding completed for now marking as compelete 
[0m[1;31m[NR_MAC]   DLSCH ACK/NACK reporting initiated for harq pid 7 before DLSCH decoding completed for now marking as compelete 
[0m[1;31m[NR_MAC]   DLSCH ACK/NACK reporting initiated for harq pid 8 before DLSCH decoding completed for now marking as compelete 
[0m[1;31m[NR_MAC]   DLSCH ACK/NACK reporting initiated for harq pid 9 before DLSCH decoding completed for now marking as compelete 
[0m[1;31m[NR_MAC]   DLSCH ACK/NACK reporting initiated for harq pid 10 before DLSCH decoding completed for now marking as compelete 
[0m[1;31m[NR_MAC]   DLSCH ACK/NACK reporting initiated for harq pid 11 before DLSCH decoding completed for now marking as compelete 
[0m[1;31m[NR_MAC]   DLSCH ACK/NACK reporting initiated for harq pid 12 before DLSCH decoding completed for now marking as compelete 
[0m[1;31m[NR_MAC]   DLSCH ACK/NACK reporting initiated for harq pid 15 before DLSCH decoding completed for now marking as compelete 
[0m[1;31m[NR_MAC]   DLSCH ACK/NACK reporting initiated for harq pid 14 before DLSCH decoding completed for now marking as compelete 
[0m[1;31m[NR_MAC]   DLSCH ACK/NACK reporting initiated for harq pid 2 before DLSCH decoding completed for now marking as compelete 
[0m[1;31m[NR_MAC]   DLSCH ACK/NACK reporting initiated for harq pid 3 before DLSCH decoding completed for now marking as compelete 
[0m[1;31m[NR_MAC]   DLSCH ACK/NACK reporting initiated for harq pid 4 before DLSCH decoding completed for now marking as compelete 
[0m[1;31m[NR_MAC]   DLSCH ACK/NACK reporting initiated for harq pid 5 before DLSCH decoding completed for now marking as compelete 
[0m[1;31m[NR_MAC]   DLSCH ACK/NACK reporting initiated for harq pid 6 before DLSCH decoding completed for now marking as compelete 
[0m[1;31m[NR_MAC]   DLSCH ACK/NACK reporting initiated for harq pid 0 before DLSCH decoding completed for now marking as compelete 
[0m[1;31m[NR_MAC]   DLSCH ACK/NACK reporting initiated for harq pid 8 before DLSCH decoding completed for now marking as compelete 
[0m[1;31m[NR_MAC]   DLSCH ACK/NACK reporting initiated for harq pid 9 before DLSCH decoding completed for now marking as compelete 
[0m[1;31m[NR_MAC]   DLSCH ACK/NACK reporting initiated for harq pid 10 before DLSCH decoding completed for now marking as compelete 
[0m[1;31m[NR_MAC]   DLSCH ACK/NACK reporting initiated for harq pid 11 before DLSCH decoding completed for now marking as compelete 
[0m[1;31m[NR_MAC]   DLSCH ACK/NACK reporting initiated for harq pid 13 before DLSCH decoding completed for now marking as compelete 
[0m[1;31m[NR_MAC]   DLSCH ACK/NACK reporting initiated for harq pid 14 before DLSCH decoding completed for now marking as compelete 
[0m[1;31m[NR_MAC]   DLSCH ACK/NACK reporting initiated for harq pid 1 before DLSCH decoding completed for now marking as compelete 
[0m[1;31m[NR_MAC]   DLSCH ACK/NACK reporting initiated for harq pid 2 before DLSCH decoding completed for now marking as compelete 
[0m[1;31m[NR_MAC]   DLSCH ACK/NACK reporting initiated for harq pid 3 before DLSCH decoding completed for now marking as compelete 
[0m[1;31m[NR_MAC]   DLSCH ACK/NACK reporting initiated for harq pid 4 before DLSCH decoding completed for now marking as compelete 
[0m[1;31m[NR_MAC]   DLSCH ACK/NACK reporting initiated for harq pid 6 before DLSCH decoding completed for now marking as compelete 
[0m[1;31m[NR_MAC]   DLSCH ACK/NACK reporting initiated for harq pid 7 before DLSCH decoding completed for now marking as compelete 
[0m[1;31m[NR_MAC]   DLSCH ACK/NACK reporting initiated for harq pid 8 before DLSCH decoding completed for now marking as compelete 
[0m[1;31m[NR_MAC]   DLSCH ACK/NACK reporting initiated for harq pid 9 before DLSCH decoding completed for now marking as compelete 
[0m[1;31m[NR_MAC]   DLSCH ACK/NACK reporting initiated for harq pid 10 before DLSCH decoding completed for now marking as compelete 
[0m[1;31m[NR_MAC]   DLSCH ACK/NACK reporting initiated for harq pid 11 before DLSCH decoding completed for now marking as compelete 
[0m[1;31m[NR_MAC]   DLSCH ACK/NACK reporting initiated for harq pid 12 before DLSCH decoding completed for now marking as compelete 
[0m[1;31m[NR_MAC]   DLSCH ACK/NACK reporting initiated for harq pid 15 before DLSCH decoding completed for now marking as compelete 
[0m[1;31m[NR_MAC]   DLSCH ACK/NACK reporting initiated for harq pid 14 before DLSCH decoding completed for now marking as compelete 
[0m[1;31m[NR_MAC]   DLSCH ACK/NACK reporting initiated for harq pid 2 before DLSCH decoding completed for now marking as compelete 
[0m[1;31m[NR_MAC]   DLSCH ACK/NACK reporting initiated for harq pid 3 before DLSCH decoding completed for now marking as compelete 
[0m[1;31m[NR_MAC]   DLSCH ACK/NACK reporting initiated for harq pid 5 before DLSCH decoding completed for now marking as compelete 
[0m[1;31m[NR_MAC]   DLSCH ACK/NACK reporting initiated for harq pid 7 before DLSCH decoding completed for now marking as compelete 
[0m[1;31m[NR_MAC]   DLSCH ACK/NACK reporting initiated for harq pid 0 before DLSCH decoding completed for now marking as compelete 
[0m[1;31m[NR_MAC]   DLSCH ACK/NACK reporting initiated for harq pid 9 before DLSCH decoding completed for now marking as compelete 
[0m[1;31m[NR_MAC]   DLSCH ACK/NACK reporting initiated for harq pid 10 before DLSCH decoding completed for now marking as compelete 
[0m[1;31m[NR_MAC]   DLSCH ACK/NACK reporting initiated for harq pid 11 before DLSCH decoding completed for now marking as compelete 
[0m[1;31m[NR_MAC]   DLSCH ACK/NACK reporting initiated for harq pid 12 before DLSCH decoding completed for now marking as compelete 
[0m[1;31m[NR_MAC]   DLSCH ACK/NACK reporting initiated for harq pid 13 before DLSCH decoding completed for now marking as compelete 
[0m[1;31m[NR_MAC]   DLSCH ACK/NACK reporting initiated for harq pid 14 before DLSCH decoding completed for now marking as compelete 
[0m[1;31m[NR_MAC]   DLSCH ACK/NACK reporting initiated for harq pid 1 before DLSCH decoding completed for now marking as compelete 
[0m[1;31m[NR_MAC]   DLSCH ACK/NACK reporting initiated for harq pid 2 before DLSCH decoding completed for now marking as compelete 
[0m[1;31m[NR_MAC]   DLSCH ACK/NACK reporting initiated for harq pid 3 before DLSCH decoding completed for now marking as compelete 
[0m[1;31m[NR_MAC]   DLSCH ACK/NACK reporting initiated for harq pid 4 before DLSCH decoding completed for now marking as compelete 
[0m[1;31m[NR_MAC]   DLSCH ACK/NACK reporting initiated for harq pid 5 before DLSCH decoding completed for now marking as compelete 
[0m[1;31m[NR_MAC]   DLSCH ACK/NACK reporting initiated for harq pid 6 before DLSCH decoding completed for now marking as compelete 
[0m[1;31m[NR_MAC]   DLSCH ACK/NACK reporting initiated for harq pid 7 before DLSCH decoding completed for now marking as compelete 
[0m[1;31m[NR_MAC]   DLSCH ACK/NACK reporting initiated for harq pid 8 before DLSCH decoding completed for now marking as compelete 
[0m[1;31m[NR_MAC]   DLSCH ACK/NACK reporting initiated for harq pid 9 before DLSCH decoding completed for now marking as compelete 
[0m[1;31m[NR_MAC]   DLSCH ACK/NACK reporting initiated for harq pid 10 before DLSCH decoding completed for now marking as compelete 
[0m[1;31m[NR_MAC]   DLSCH ACK/NACK reporting initiated for harq pid 12 before DLSCH decoding completed for now marking as compelete 
[0m[1;31m[NR_MAC]   DLSCH ACK/NACK reporting initiated for harq pid 13 before DLSCH decoding completed for now marking as compelete 
[0m[1;31m[NR_MAC]   DLSCH ACK/NACK reporting initiated for harq pid 14 before DLSCH decoding completed for now marking as compelete 
[0m[1;31m[NR_MAC]   DLSCH ACK/NACK reporting initiated for harq pid 1 before DLSCH decoding completed for now marking as compelete 
[0m[1;31m[NR_MAC]   DLSCH ACK/NACK reporting initiated for harq pid 2 before DLSCH decoding completed for now marking as compelete 
[0m[1;31m[NR_MAC]   DLSCH ACK/NACK reporting initiated for harq pid 3 before DLSCH decoding completed for now marking as compelete 
[0m[1;31m[NR_MAC]   DLSCH ACK/NACK reporting initiated for harq pid 4 before DLSCH decoding completed for now marking as compelete 
[0m[1;31m[NR_MAC]   DLSCH ACK/NACK reporting initiated for harq pid 6 before DLSCH decoding completed for now marking as compelete 
[0m[1;31m[NR_MAC]   DLSCH ACK/NACK reporting initiated for harq pid 7 before DLSCH decoding completed for now marking as compelete 
[0m[1;31m[NR_MAC]   DLSCH ACK/NACK reporting initiated for harq pid 0 before DLSCH decoding completed for now marking as compelete 
[0m[1;31m[NR_MAC]   DLSCH ACK/NACK reporting initiated for harq pid 8 before DLSCH decoding completed for now marking as compelete 
[0m[1;31m[NR_MAC]   DLSCH ACK/NACK reporting initiated for harq pid 9 before DLSCH decoding completed for now marking as compelete 
[0m[1;31m[NR_MAC]   DLSCH ACK/NACK reporting initiated for harq pid 11 before DLSCH decoding completed for now marking as compelete 
[0m[1;31m[NR_MAC]   DLSCH ACK/NACK reporting initiated for harq pid 12 before DLSCH decoding completed for now marking as compelete 
[0m[1;31m[NR_MAC]   DLSCH ACK/NACK reporting initiated for harq pid 15 before DLSCH decoding completed for now marking as compelete 
[0m[1;31m[NR_MAC]   DLSCH ACK/NACK reporting initiated for harq pid 14 before DLSCH decoding completed for now marking as compelete 
[0m[1;31m[NR_MAC]   DLSCH ACK/NACK reporting initiated for harq pid 1 before DLSCH decoding completed for now marking as compelete 
[0m[1;31m[NR_MAC]   DLSCH ACK/NACK reporting initiated for harq pid 3 before DLSCH decoding completed for now marking as compelete 
[0m[1;31m[NR_MAC]   DLSCH ACK/NACK reporting initiated for harq pid 4 before DLSCH decoding completed for now marking as compelete 
[0m[1;31m[NR_MAC]   DLSCH ACK/NACK reporting initiated for harq pid 6 before DLSCH decoding completed for now marking as compelete 
[0m[1;31m[NR_MAC]   DLSCH ACK/NACK reporting initiated for harq pid 7 before DLSCH decoding completed for now marking as compelete 
[0m[1;31m[NR_MAC]   DLSCH ACK/NACK reporting initiated for harq pid 0 before DLSCH decoding completed for now marking as compelete 
[0m[1;31m[NR_MAC]   DLSCH ACK/NACK reporting initiated for harq pid 8 before DLSCH decoding completed for now marking as compelete 
[0m[1;31m[NR_MAC]   DLSCH ACK/NACK reporting initiated for harq pid 9 before DLSCH decoding completed for now marking as compelete 
[0m[1;31m[NR_MAC]   DLSCH ACK/NACK reporting initiated for harq pid 11 before DLSCH decoding completed for now marking as compelete 
[0m[1;31m[NR_MAC]   DLSCH ACK/NACK reporting initiated for harq pid 12 before DLSCH decoding completed for now marking as compelete 
[0m[1;31m[NR_MAC]   DLSCH ACK/NACK reporting initiated for harq pid 13 before DLSCH decoding completed for now marking as compelete 
[0m[1;31m[NR_MAC]   DLSCH ACK/NACK reporting initiated for harq pid 15 before DLSCH decoding completed for now marking as compelete 
[0m[1;31m[NR_MAC]   DLSCH ACK/NACK reporting initiated for harq pid 14 before DLSCH decoding completed for now marking as compelete 
[0m[1;31m[NR_MAC]   DLSCH ACK/NACK reporting initiated for harq pid 1 before DLSCH decoding completed for now marking as compelete 
[0m[1;31m[NR_MAC]   DLSCH ACK/NACK reporting initiated for harq pid 2 before DLSCH decoding completed for now marking as compelete 
[0m[1;31m[NR_MAC]   DLSCH ACK/NACK reporting initiated for harq pid 3 before DLSCH decoding completed for now marking as compelete 
[0m[1;31m[NR_MAC]   DLSCH ACK/NACK reporting initiated for harq pid 5 before DLSCH decoding completed for now marking as compelete 
[0m[1;31m[NR_MAC]   DLSCH ACK/NACK reporting initiated for harq pid 6 before DLSCH decoding completed for now marking as compelete 
[0m[1;31m[NR_MAC]   DLSCH ACK/NACK reporting initiated for harq pid 7 before DLSCH decoding completed for now marking as compelete 
[0m[1;31m[NR_MAC]   DLSCH ACK/NACK reporting initiated for harq pid 0 before DLSCH decoding completed for now marking as compelete 
[0m[1;31m[NR_MAC]   DLSCH ACK/NACK reporting initiated for harq pid 8 before DLSCH decoding completed for now marking as compelete 
[0m[1;31m[NR_MAC]   DLSCH ACK/NACK reporting initiated for harq pid 9 before DLSCH decoding completed for now marking as compelete 
[0m[1;31m[NR_MAC]   DLSCH ACK/NACK reporting initiated for harq pid 11 before DLSCH decoding completed for now marking as compelete 
[0m[1;31m[NR_MAC]   DLSCH ACK/NACK reporting initiated for harq pid 12 before DLSCH decoding completed for now marking as compelete 
[0m[1;31m[NR_MAC]   DLSCH ACK/NACK reporting initiated for harq pid 13 before DLSCH decoding completed for now marking as compelete 
[0m[1;31m[NR_MAC]   DLSCH ACK/NACK reporting initiated for harq pid 15 before DLSCH decoding completed for now marking as compelete 
[0m[1;31m[NR_MAC]   DLSCH ACK/NACK reporting initiated for harq pid 14 before DLSCH decoding completed for now marking as compelete 
[0m[1;31m[NR_MAC]   DLSCH ACK/NACK reporting initiated for harq pid 1 before DLSCH decoding completed for now marking as compelete 
[0m[1;31m[NR_MAC]   DLSCH ACK/NACK reporting initiated for harq pid 2 before DLSCH decoding completed for now marking as compelete 
[0m[1;31m[NR_MAC]   DLSCH ACK/NACK reporting initiated for harq pid 3 before DLSCH decoding completed for now marking as compelete 
[0m[1;31m[NR_MAC]   DLSCH ACK/NACK reporting initiated for harq pid 5 before DLSCH decoding completed for now marking as compelete 
[0m[1;31m[NR_MAC]   DLSCH ACK/NACK reporting initiated for harq pid 6 before DLSCH decoding completed for now marking as compelete 
[0m[1;31m[NR_MAC]   DLSCH ACK/NACK reporting initiated for harq pid 7 before DLSCH decoding completed for now marking as compelete 
[0m[1;31m[NR_MAC]   DLSCH ACK/NACK reporting initiated for harq pid 0 before DLSCH decoding completed for now marking as compelete 
[0m[1;31m[NR_MAC]   DLSCH ACK/NACK reporting initiated for harq pid 8 before DLSCH decoding completed for now marking as compelete 
[0m[1;31m[NR_MAC]   DLSCH ACK/NACK reporting initiated for harq pid 9 before DLSCH decoding completed for now marking as compelete 
[0m[1;31m[NR_MAC]   DLSCH ACK/NACK reporting initiated for harq pid 11 before DLSCH decoding completed for now marking as compelete 
[0m[1;31m[NR_MAC]   DLSCH ACK/NACK reporting initiated for harq pid 12 before DLSCH decoding completed for now marking as compelete 
[0m[1;31m[NR_MAC]   DLSCH ACK/NACK reporting initiated for harq pid 13 before DLSCH decoding completed for now marking as compelete 
[0m[1;31m[NR_MAC]   DLSCH ACK/NACK reporting initiated for harq pid 15 before DLSCH decoding completed for now marking as compelete 
[0m[1;31m[NR_MAC]   DLSCH ACK/NACK reporting initiated for harq pid 14 before DLSCH decoding completed for now marking as compelete 
[0m[1;31m[NR_MAC]   DLSCH ACK/NACK reporting initiated for harq pid 2 before DLSCH decoding completed for now marking as compelete 
[0m[1;31m[NR_MAC]   DLSCH ACK/NACK reporting initiated for harq pid 3 before DLSCH decoding completed for now marking as compelete 
[0m[1;31m[NR_MAC]   DLSCH ACK/NACK reporting initiated for harq pid 5 before DLSCH decoding completed for now marking as compelete 
[0m[1;31m[NR_MAC]   DLSCH ACK/NACK reporting initiated for harq pid 6 before DLSCH decoding completed for now marking as compelete 
[0m[1;31m[NR_MAC]   DLSCH ACK/NACK reporting initiated for harq pid 7 before DLSCH decoding completed for now marking as compelete 
[0m[1;31m[NR_MAC]   DLSCH ACK/NACK reporting initiated for harq pid 0 before DLSCH decoding completed for now marking as compelete 
[0m[1;31m[NR_MAC]   DLSCH ACK/NACK reporting initiated for harq pid 8 before DLSCH decoding completed for now marking as compelete 
[0m[1;31m[NR_MAC]   DLSCH ACK/NACK reporting initiated for harq pid 9 before DLSCH decoding completed for now marking as compelete 
[0m[1;31m[NR_MAC]   DLSCH ACK/NACK reporting initiated for harq pid 11 before DLSCH decoding completed for now marking as compelete 
[0m[1;31m[NR_MAC]   DLSCH ACK/NACK reporting initiated for harq pid 12 before DLSCH decoding completed for now marking as compelete 
[0m[1;31m[NR_MAC]   DLSCH ACK/NACK reporting initiated for harq pid 15 before DLSCH decoding completed for now marking as compelete 
[0m[1;31m[NR_MAC]   DLSCH ACK/NACK reporting initiated for harq pid 14 before DLSCH decoding completed for now marking as compelete 
[0m[1;31m[NR_MAC]   DLSCH ACK/NACK reporting initiated for harq pid 1 before DLSCH decoding completed for now marking as compelete 
[0m[1;31m[NR_MAC]   DLSCH ACK/NACK reporting initiated for harq pid 3 before DLSCH decoding completed for now marking as compelete 
[0m[1;31m[NR_MAC]   DLSCH ACK/NACK reporting initiated for harq pid 4 before DLSCH decoding completed for now marking as compelete 
[0m[1;31m[NR_MAC]   DLSCH ACK/NACK reporting initiated for harq pid 6 before DLSCH decoding completed for now marking as compelete 
[0m[1;31m[NR_MAC]   DLSCH ACK/NACK reporting initiated for harq pid 7 before DLSCH decoding completed for now marking as compelete 
[0m[1;31m[NR_MAC]   DLSCH ACK/NACK reporting initiated for harq pid 0 before DLSCH decoding completed for now marking as compelete 
[0m[1;31m[NR_MAC]   DLSCH ACK/NACK reporting initiated for harq pid 8 before DLSCH decoding completed for now marking as compelete 
[0m[1;31m[NR_MAC]   DLSCH ACK/NACK reporting initiated for harq pid 9 before DLSCH decoding completed for now marking as compelete 
[0m[1;31m[NR_MAC]   DLSCH ACK/NACK reporting initiated for harq pid 11 before DLSCH decoding completed for now marking as compelete 
[0m[1;31m[NR_MAC]   DLSCH ACK/NACK reporting initiated for harq pid 12 before DLSCH decoding completed for now marking as compelete 
[0m[1;31m[NR_MAC]   DLSCH ACK/NACK reporting initiated for harq pid 15 before DLSCH decoding completed for now marking as compelete 
[0m[1;31m[NR_MAC]   DLSCH ACK/NACK reporting initiated for harq pid 14 before DLSCH decoding completed for now marking as compelete 
[0m[1;31m[NR_MAC]   DLSCH ACK/NACK reporting initiated for harq pid 1 before DLSCH decoding completed for now marking as compelete 
[0m[1;31m[NR_MAC]   DLSCH ACK/NACK reporting initiated for harq pid 2 before DLSCH decoding completed for now marking as compelete 
[0m[1;31m[NR_MAC]   DLSCH ACK/NACK reporting initiated for harq pid 3 before DLSCH decoding completed for now marking as compelete 
[0m[1;31m[NR_MAC]   DLSCH ACK/NACK reporting initiated for harq pid 5 before DLSCH decoding completed for now marking as compelete 
[0m[1;31m[NR_MAC]   DLSCH ACK/NACK reporting initiated for harq pid 7 before DLSCH decoding completed for now marking as compelete 
[0m[1;31m[NR_MAC]   DLSCH ACK/NACK reporting initiated for harq pid 0 before DLSCH decoding completed for now marking as compelete 
[0m[1;31m[NR_MAC]   DLSCH ACK/NACK reporting initiated for harq pid 8 before DLSCH decoding completed for now marking as compelete 
[0m[1;31m[NR_MAC]   DLSCH ACK/NACK reporting initiated for harq pid 9 before DLSCH decoding completed for now marking as compelete 
[0m[1;31m[NR_MAC]   DLSCH ACK/NACK reporting initiated for harq pid 10 before DLSCH decoding completed for now marking as compelete 
[0m[1;31m[NR_MAC]   DLSCH ACK/NACK reporting initiated for harq pid 12 before DLSCH decoding completed for now marking as compelete 
[0m[1;31m[NR_MAC]   DLSCH ACK/NACK reporting initiated for harq pid 13 before DLSCH decoding completed for now marking as compelete 
[0m[1;31m[NR_MAC]   DLSCH ACK/NACK reporting initiated for harq pid 15 before DLSCH decoding completed for now marking as compelete 
[0m[1;31m[NR_MAC]   DLSCH ACK/NACK reporting initiated for harq pid 14 before DLSCH decoding completed for now marking as compelete 
[0m[1;31m[NR_MAC]   DLSCH ACK/NACK reporting initiated for harq pid 1 before DLSCH decoding completed for now marking as compelete 
[0m[1;31m[NR_MAC]   DLSCH ACK/NACK reporting initiated for harq pid 3 before DLSCH decoding completed for now marking as compelete 
[0m[1;31m[NR_MAC]   DLSCH ACK/NACK reporting initiated for harq pid 4 before DLSCH decoding completed for now marking as compelete 
[0m[1;31m[NR_MAC]   DLSCH ACK/NACK reporting initiated for harq pid 6 before DLSCH decoding completed for now marking as compelete 
[0m[1;31m[NR_MAC]   DLSCH ACK/NACK reporting initiated for harq pid 7 before DLSCH decoding completed for now marking as compelete 
[0m[1;31m[NR_MAC]   DLSCH ACK/NACK reporting initiated for harq pid 0 before DLSCH decoding completed for now marking as compelete 
[0m[1;31m[NR_MAC]   DLSCH ACK/NACK reporting initiated for harq pid 8 before DLSCH decoding completed for now marking as compelete 
[0m[1;31m[NR_MAC]   DLSCH ACK/NACK reporting initiated for harq pid 9 before DLSCH decoding completed for now marking as compelete 
[0m[1;31m[NR_MAC]   DLSCH ACK/NACK reporting initiated for harq pid 11 before DLSCH decoding completed for now marking as compelete 
[0m[1;31m[NR_MAC]   DLSCH ACK/NACK reporting initiated for harq pid 13 before DLSCH decoding completed for now marking as compelete 
[0m[1;31m[NR_MAC]   DLSCH ACK/NACK reporting initiated for harq pid 15 before DLSCH decoding completed for now marking as compelete 
[0m[1;31m[NR_MAC]   DLSCH ACK/NACK reporting initiated for harq pid 14 before DLSCH decoding completed for now marking as compelete 
[0m[1;31m[NR_MAC]   DLSCH ACK/NACK reporting initiated for harq pid 1 before DLSCH decoding completed for now marking as compelete 
[0m[1;31m[NR_MAC]   DLSCH ACK/NACK reporting initiated for harq pid 2 before DLSCH decoding completed for now marking as compelete 
[0m[1;31m[NR_MAC]   DLSCH ACK/NACK reporting initiated for harq pid 4 before DLSCH decoding completed for now marking as compelete 
[0m[1;31m[NR_MAC]   DLSCH ACK/NACK reporting initiated for harq pid 5 before DLSCH decoding completed for now marking as compelete 
[0m[1;31m[NR_MAC]   DLSCH ACK/NACK reporting initiated for harq pid 6 before DLSCH decoding completed for now marking as compelete 
[0m[1;31m[NR_MAC]   DLSCH ACK/NACK reporting initiated for harq pid 7 before DLSCH decoding completed for now marking as compelete 
[0m[1;31m[NR_MAC]   DLSCH ACK/NACK reporting initiated for harq pid 0 before DLSCH decoding completed for now marking as compelete 
[0m[1;31m[NR_MAC]   DLSCH ACK/NACK reporting initiated for harq pid 8 before DLSCH decoding completed for now marking as compelete 
[0m[1;31m[NR_MAC]   DLSCH ACK/NACK reporting initiated for harq pid 9 before DLSCH decoding completed for now marking as compelete 
[0m[1;31m[NR_MAC]   DLSCH ACK/NACK reporting initiated for harq pid 10 before DLSCH decoding completed for now marking as compelete 
[0m[1;31m[NR_MAC]   DLSCH ACK/NACK reporting initiated for harq pid 12 before DLSCH decoding completed for now marking as compelete 
[0m[1;31m[NR_MAC]   DLSCH ACK/NACK reporting initiated for harq pid 13 before DLSCH decoding completed for now marking as compelete 
[0m[1;31m[NR_MAC]   DLSCH ACK/NACK reporting initiated for harq pid 15 before DLSCH decoding completed for now marking as compelete 
[0m[1;31m[NR_MAC]   DLSCH ACK/NACK reporting initiated for harq pid 14 before DLSCH decoding completed for now marking as compelete 
[0m[1;31m[NR_MAC]   DLSCH ACK/NACK reporting initiated for harq pid 1 before DLSCH decoding completed for now marking as compelete 
[0m[1;31m[NR_MAC]   DLSCH ACK/NACK reporting initiated for harq pid 3 before DLSCH decoding completed for now marking as compelete 
[0m[1;31m[NR_MAC]   DLSCH ACK/NACK reporting initiated for harq pid 5 before DLSCH decoding completed for now marking as compelete 
[0m[1;31m[NR_MAC]   DLSCH ACK/NACK reporting initiated for harq pid 6 before DLSCH decoding completed for now marking as compelete 
[0m[1;31m[NR_MAC]   DLSCH ACK/NACK reporting initiated for harq pid 7 before DLSCH decoding completed for now marking as compelete 
[0m[1;31m[NR_MAC]   DLSCH ACK/NACK reporting initiated for harq pid 0 before DLSCH decoding completed for now marking as compelete 
[0m[1;31m[NR_MAC]   DLSCH ACK/NACK reporting initiated for harq pid 8 before DLSCH decoding completed for now marking as compelete 
[0m[1;31m[NR_MAC]   DLSCH ACK/NACK reporting initiated for harq pid 10 before DLSCH decoding completed for now marking as compelete 
[0m[1;31m[NR_MAC]   DLSCH ACK/NACK reporting initiated for harq pid 11 before DLSCH decoding completed for now marking as compelete 
[0m[1;31m[NR_MAC]   DLSCH ACK/NACK reporting initiated for harq pid 12 before DLSCH decoding completed for now marking as compelete 
[0m[1;31m[NR_MAC]   DLSCH ACK/NACK reporting initiated for harq pid 13 before DLSCH decoding completed for now marking as compelete 
[0m[1;31m[NR_MAC]   DLSCH ACK/NACK reporting initiated for harq pid 15 before DLSCH decoding completed for now marking as compelete 
[0m[1;31m[NR_MAC]   DLSCH ACK/NACK reporting initiated for harq pid 14 before DLSCH decoding completed for now marking as compelete 
[0m[1;31m[NR_MAC]   DLSCH ACK/NACK reporting initiated for harq pid 1 before DLSCH decoding completed for now marking as compelete 
[0m[1;31m[NR_MAC]   DLSCH ACK/NACK reporting initiated for harq pid 2 before DLSCH decoding completed for now marking as compelete 
[0m[1;31m[NR_MAC]   DLSCH ACK/NACK reporting initiated for harq pid 4 before DLSCH decoding completed for now marking as compelete 
[0m[1;31m[NR_MAC]   DLSCH ACK/NACK reporting initiated for harq pid 5 before DLSCH decoding completed for now marking as compelete 
[0m[1;31m[NR_MAC]   DLSCH ACK/NACK reporting initiated for harq pid 6 before DLSCH decoding completed for now marking as compelete 
[0m[1;31m[NR_MAC]   DLSCH ACK/NACK reporting initiated for harq pid 7 before DLSCH decoding completed for now marking as compelete 
[0m[1;31m[NR_MAC]   DLSCH ACK/NACK reporting initiated for harq pid 0 before DLSCH decoding completed for now marking as compelete 
[0m[1;31m[NR_MAC]   DLSCH ACK/NACK reporting initiated for harq pid 9 before DLSCH decoding completed for now marking as compelete 
[0m[1;31m[NR_MAC]   DLSCH ACK/NACK reporting initiated for harq pid 11 before DLSCH decoding completed for now marking as compelete 
