HOSTNAME        : ue-6747
UE ID           : 6747
Computed IMSI   : 208930000006748
gNB ID          : 6747
Proxy IP        : 10.3.28.1
UE IP           : 10.244.115.3
Actual UE ID:    168
Actual GNB ID:   168
Global SC port 8000 is active, enabling logging...
global-sc-network [10.4.1.1] 8000 (?) open
Calling sched_setscheduler(79)
CMDLINE: "./nr-uesoftmodem" "-O" "/ue.conf" "--nfapi" "STANDALONE_PNF" "--node-number" "2" "--emulate-l1" "--sa" "1" 
[CONFIG] get parameters from libconfig /ue.conf [LIBCONFIG] Path for include directive set to: /
[CONFIG] function config_libconfig_init returned 0
[CONFIG] config module libconfig loaded
[LIBCONFIG] config: 2/2 parameters successfully set, (2 to default value)
[CONFIG] debug flags: 0x00000000
[LIBCONFIG] log_config: 3/3 parameters successfully set, (1 to default value)
[LIBCONFIG] log_config: 53/53 parameters successfully set, (45 to default value)
[LIBCONFIG] log_config: 53/53 parameters successfully set, (53 to default value)
[LIBCONFIG] log_config: 16/16 parameters successfully set, (16 to default value)
[LIBCONFIG] log_config: 16/16 parameters successfully set, (16 to default value)
log init done
[LIBCONFIG] (root): 33/33 parameters successfully set, (30 to default value)
[LIBCONFIG] (root): 41/41 parameters successfully set, (38 to default value)
[LIBCONFIG] (root): 6/6 parameters successfully set, (5 to default value)
[LIBCONFIG] TTracer: 3/3 parameters successfully set, (3 to default value)
create a thread for core -1
create a thread for core -1
create a thread for core -1
create a thread for core -1
create a thread for core -1
create a thread for core -1
create a thread for core -1
create a thread for core -1
[LIBCONFIG] opt: 3/3 parameters successfully set, (3 to default value)
[LIBCONFIG] loader: 2/2 parameters successfully set, (2 to default value)
[LIBCONFIG] loader.ldpc: 2/2 parameters successfully set, (1 to default value)
shlib_path libldpc.so
[LOADER] library libldpc.so successfully loaded
[LIBCONFIG] nas.noS1: 3/3 parameters successfully set, (3 to default value)
[LIBCONFIG] MACRLCs.[0]: 34/34 parameters successfully set, (25 to default value)
[LIBCONFIG] (root): 30/30 parameters successfully set, (28 to default value)
Ujjwal: start -> 168
TYPE <CTRL-C> TO TERMINATE
[LIBCONFIG] uicc0: 10/10 parameters successfully set, (5 to default value)
Entering ITTI signals handler
TYPE <CTRL-C> TO TERMINATE
kgnb : 65 b4 4d 5e 1a d6 bb 62 fa f8 bf a8 56 0d eb 89 bc e1 d4 cc bd 5c 8b 83 06 e2 b5 82 49 52 c6 9b 
kausf:1d b2 80 5b f5 f0 27 d2 f6 f4 22 3e bf c1 e4 39 69 8a 33 45 fb 59 9b 5e f6 d9 e0 f8 96 dd 29 8f 
kseaf:d5 f8 9 a0 9e bf cb 86 aa 3d 94 e3 42 bf 43 f3 46 e8 4c 2c 89 99 28 86 a0 f0 a2 d6 d0 22 22 83 
kamf:a0 a0 ed 80 4a d0 f 45 a2 f5 9b ab 73 6c 94 12 3d 7 4a b 4f ab a6 35 71 77 2a e2 71 3b 4b fd 
knas_int:
4c 86 a6 4b 68 79 bc fa 5a 69 ae 65 17 cc b3 d5 
mac 2b ff 89 8a 
[NR_RRC]   driving kRRCenc, kRRCint and kUPenc from KgNB=65 b4 4d 5e 1a d6 bb 62 fa f8 bf a8 56 0d eb 89 bc e1 d4 cc bd 5c 8b 83 06 e2 b5 82 49 52 c6 9b [0m
[NR_RRC]   securityModeComplete payload: 2e 00 00 00 00 00 00 00 08 00 00 00 00 00 00 00 [0m
<UE-NR-Capability>
    <accessStratumRelease><rel15/></accessStratumRelease>
    <pdcp-Parameters>
        <supportedROHC-Profiles>
            <profile0x0000><false/></profile0x0000>
            <profile0x0001><false/></profile0x0001>
            <profile0x0002><false/></profile0x0002>
            <profile0x0003><false/></profile0x0003>
            <profile0x0004><false/></profile0x0004>
            <profile0x0006><false/></profile0x0006>
            <profile0x0101><false/></profile0x0101>
            <profile0x0102><false/></profile0x0102>
            <profile0x0103><false/></profile0x0103>
            <profile0x0104><false/></profile0x0104>
        </supportedROHC-Profiles>
        <maxNumberROHC-ContextSessions><cs2/></maxNumberROHC-ContextSessions>
    </pdcp-Parameters>
    <phy-Parameters>
    </phy-Parameters>
    <rf-Parameters>
        <supportedBandListNR>
            <BandNR>
                <bandNR>1</bandNR>
            </BandNR>
        </supportedBandListNR>
    </rf-Parameters>
</UE-NR-Capability>
