HOSTNAME        : ue-132
UE ID           : 132
Computed IMSI   : 208930000000133
gNB ID          : 132
Proxy IP        : 10.3.13.1
UE IP           : 10.244.32.42
Actual UE ID:    3
Actual GNB ID:   3
global-sc-network [10.4.1.1] 8000 (?) : Connection refused
Waiting for start message
Start message received!
Starting the UE 1758154470.191145
Calling sched_setscheduler(79)
[1;31m[NR_MAC]   DLSCH ACK/NACK reporting initiated for harq pid 3 before DLSCH decoding completed for now marking as compelete 
[0m[1;31m[NR_MAC]   DLSCH ACK/NACK reporting initiated for harq pid 6 before DLSCH decoding completed for now marking as compelete 
[0mCMDLINE: "./nr-uesoftmodem" "-O" "/ue.conf" "--nfapi" "STANDALONE_PNF" "--node-number" "2" "--emulate-l1" "--sa" "1" 
[CONFIG] get parameters from libconfig /ue.conf [LIBCONFIG] Path for include directive set to: /
[CONFIG] function config_libconfig_init returned 0
[CONFIG] config module libconfig loaded
[LIBCONFIG] config: 2/2 parameters successfully set, (2 to default value)
[CONFIG] debug flags: 0x00000000
[LIBCONFIG] log_config: 3/3 parameters successfully set, (1 to default value)
[LIBCONFIG] log_config: 53/53 parameters successfully set, (45 to default value)
[LIBCONFIG] log_config: 53/53 parameters successfully set, (53 to default value)
[LIBCONFIG] log_config: 16/16 parameters successfully set, (16 to default value)
[LIBCONFIG] log_config: 16/16 parameters successfully set, (16 to default value)
log init done
[LIBCONFIG] (root): 33/33 parameters successfully set, (30 to default value)
[LIBCONFIG] (root): 41/41 parameters successfully set, (38 to default value)
[LIBCONFIG] (root): 6/6 parameters successfully set, (5 to default value)
[LIBCONFIG] TTracer: 3/3 parameters successfully set, (3 to default value)
create a thread for core -1
create a thread for core -1
create a thread for core -1
create a thread for core -1
create a thread for core -1
create a thread for core -1
create a thread for core -1
create a thread for core -1
[LIBCONFIG] opt: 3/3 parameters successfully set, (3 to default value)
[LIBCONFIG] loader: 2/2 parameters successfully set, (2 to default value)
[LIBCONFIG] loader.ldpc: 2/2 parameters successfully set, (1 to default value)
shlib_path libldpc.so
[LOADER] library libldpc.so successfully loaded
[LIBCONFIG] nas.noS1: 3/3 parameters successfully set, (3 to default value)
[LIBCONFIG] MACRLCs.[0]: 34/34 parameters successfully set, (25 to default value)
[LIBCONFIG] (root): 30/30 parameters successfully set, (28 to default value)
Ujjwal: start -> 3
TYPE <CTRL-C> TO TERMINATE
[LIBCONFIG] uicc0: 10/10 parameters successfully set, (5 to default value)
Entering ITTI signals handler
TYPE <CTRL-C> TO TERMINATE
kgnb : 63 aa 0c 28 a1 f5 36 9c f4 3d e5 29 e5 d0 e2 30 cd c7 d3 5f 79 bb 13 9e b6 ce d1 4c 4b 77 bd 54 
kausf:6f 19 0 1b 7e 30 6e db 18 cb 2d 3a 6b 1 3d 58 8d 6f aa 6d ba f9 9c 51 2d bf 13 a6 fe 66 e4 c3 
kseaf:c7 18 a2 45 f9 7a 55 49 a5 70 bf e0 60 ff b2 1e 73 16 d6 ad 16 6e f 6b ad 2a 23 5f d3 d7 7d 99 
kamf:dd fe 91 fd 53 ef cf 6e f8 9a 9e c0 74 f8 29 5d f6 d0 e 70 7 85 74 ea 80 b3 7c 98 69 66 8a 14 
knas_int:
95 7d 73 b3 d 52 f5 6b 92 36 af 18 6a 89 4a e 
mac 47 9b 77 b4 
[NR_RRC]   driving kRRCenc, kRRCint and kUPenc from KgNB=63 aa 0c 28 a1 f5 36 9c f4 3d e5 29 e5 d0 e2 30 cd c7 d3 5f 79 bb 13 9e b6 ce d1 4c 4b 77 bd 54 [0m
[NR_RRC]   securityModeComplete payload: 28 00 00 00 00 00 00 00 08 00 00 00 00 00 00 00 [0m
<UE-NR-Capability>
    <accessStratumRelease><rel15/></accessStratumRelease>
    <pdcp-Parameters>
        <supportedROHC-Profiles>
            <profile0x0000><false/></profile0x0000>
            <profile0x0001><false/></profile0x0001>
            <profile0x0002><false/></profile0x0002>
            <profile0x0003><false/></profile0x0003>
            <profile0x0004><false/></profile0x0004>
            <profile0x0006><false/></profile0x0006>
            <profile0x0101><false/></profile0x0101>
            <profile0x0102><false/></profile0x0102>
            <profile0x0103><false/></profile0x0103>
            <profile0x0104><false/></profile0x0104>
        </supportedROHC-Profiles>
        <maxNumberROHC-ContextSessions><cs2/></maxNumberROHC-ContextSessions>
    </pdcp-Parameters>
    <phy-Parameters>
    </phy-Parameters>
    <rf-Parameters>
        <supportedBandListNR>
            <BandNR>
                <bandNR>1</bandNR>
            </BandNR>
        </supportedBandListNR>
    </rf-Parameters>
</UE-NR-Capability>
[1;31m[NR_MAC]   DLSCH ACK/NACK reporting initiated for harq pid 9 before DLSCH decoding completed for now marking as compelete 
[0m[1;31m[NR_MAC]   DLSCH ACK/NACK reporting initiated for harq pid 10 before DLSCH decoding completed for now marking as compelete 
[0m[1;31m[NR_MAC]   DLSCH ACK/NACK reporting initiated for harq pid 11 before DLSCH decoding completed for now marking as compelete 
[0m[1;31m[NR_MAC]   DLSCH ACK/NACK reporting initiated for harq pid 12 before DLSCH decoding completed for now marking as compelete 
[0m[1;31m[NR_MAC]   DLSCH ACK/NACK reporting initiated for harq pid 13 before DLSCH decoding completed for now marking as compelete 
[0m[1;31m[NR_MAC]   DLSCH ACK/NACK reporting initiated for harq pid 14 before DLSCH decoding completed for now marking as compelete 
[0m[1;31m[NR_MAC]   DLSCH ACK/NACK reporting initiated for harq pid 4 before DLSCH decoding completed for now marking as compelete 
[0m[1;31m[NR_MAC]   DLSCH ACK/NACK reporting initiated for harq pid 9 before DLSCH decoding completed for now marking as compelete 
[0m[1;31m[NR_MAC]   DLSCH ACK/NACK reporting initiated for harq pid 10 before DLSCH decoding completed for now marking as compelete 
[0m[1;31m[NR_MAC]   DLSCH ACK/NACK reporting initiated for harq pid 11 before DLSCH decoding completed for now marking as compelete 
[0m[1;31m[NR_MAC]   DLSCH ACK/NACK reporting initiated for harq pid 13 before DLSCH decoding completed for now marking as compelete 
[0m[1;31m[NR_MAC]   DLSCH ACK/NACK reporting initiated for harq pid 14 before DLSCH decoding completed for now marking as compelete 
[0m[1;31m[NR_MAC]   DLSCH ACK/NACK reporting initiated for harq pid 15 before DLSCH decoding completed for now marking as compelete 
[0m[1;31m[NR_MAC]   DLSCH ACK/NACK reporting initiated for harq pid 1 before DLSCH decoding completed for now marking as compelete 
[0m[1;31m[NR_MAC]   DLSCH ACK/NACK reporting initiated for harq pid 2 before DLSCH decoding completed for now marking as compelete 
[0m[1;31m[NR_MAC]   DLSCH ACK/NACK reporting initiated for harq pid 3 before DLSCH decoding completed for now marking as compelete 
[0m[1;31m[NR_MAC]   DLSCH ACK/NACK reporting initiated for harq pid 5 before DLSCH decoding completed for now marking as compelete 
[0m[1;31m[NR_MAC]   DLSCH ACK/NACK reporting initiated for harq pid 0 before DLSCH decoding completed for now marking as compelete 
[0m[1;31m[NR_MAC]   DLSCH ACK/NACK reporting initiated for harq pid 8 before DLSCH decoding completed for now marking as compelete 
[0m[1;31m[NR_MAC]   DLSCH ACK/NACK reporting initiated for harq pid 11 before DLSCH decoding completed for now marking as compelete 
[0m[1;31m[NR_MAC]   DLSCH ACK/NACK reporting initiated for harq pid 12 before DLSCH decoding completed for now marking as compelete 
[0m[1;31m[NR_MAC]   DLSCH ACK/NACK reporting initiated for harq pid 13 before DLSCH decoding completed for now marking as compelete 
[0m[1;31m[NR_MAC]   DLSCH ACK/NACK reporting initiated for harq pid 14 before DLSCH decoding completed for now marking as compelete 
[0m[1;31m[NR_MAC]   DLSCH ACK/NACK reporting initiated for harq pid 1 before DLSCH decoding completed for now marking as compelete 
[0m[1;31m[NR_MAC]   DLSCH ACK/NACK reporting initiated for harq pid 2 before DLSCH decoding completed for now marking as compelete 
[0m[1;31m[NR_MAC]   DLSCH ACK/NACK reporting initiated for harq pid 4 before DLSCH decoding completed for now marking as compelete 
[0m[1;31m[NR_MAC]   DLSCH ACK/NACK reporting initiated for harq pid 5 before DLSCH decoding completed for now marking as compelete 
[0m[1;31m[NR_MAC]   DLSCH ACK/NACK reporting initiated for harq pid 6 before DLSCH decoding completed for now marking as compelete 
[0m[1;31m[NR_MAC]   DLSCH ACK/NACK reporting initiated for harq pid 8 before DLSCH decoding completed for now marking as compelete 
[0m[1;31m[NR_MAC]   DLSCH ACK/NACK reporting initiated for harq pid 9 before DLSCH decoding completed for now marking as compelete 
[0m[1;31m[NR_MAC]   DLSCH ACK/NACK reporting initiated for harq pid 10 before DLSCH decoding completed for now marking as compelete 
[0m[1;31m[NR_MAC]   DLSCH ACK/NACK reporting initiated for harq pid 13 before DLSCH decoding completed for now marking as compelete 
[0m[1;31m[NR_MAC]   DLSCH ACK/NACK reporting initiated for harq pid 14 before DLSCH decoding completed for now marking as compelete 
[0m[1;31m[NR_MAC]   DLSCH ACK/NACK reporting initiated for harq pid 15 before DLSCH decoding completed for now marking as compelete 
[0m[1;31m[NR_MAC]   DLSCH ACK/NACK reporting initiated for harq pid 2 before DLSCH decoding completed for now marking as compelete 
[0m[1;31m[NR_MAC]   DLSCH ACK/NACK reporting initiated for harq pid 4 before DLSCH decoding completed for now marking as compelete 
[0m[1;31m[NR_MAC]   DLSCH ACK/NACK reporting initiated for harq pid 6 before DLSCH decoding completed for now marking as compelete 
[0m[1;31m[NR_MAC]   DLSCH ACK/NACK reporting initiated for harq pid 7 before DLSCH decoding completed for now marking as compelete 
[0m[1;31m[NR_MAC]   DLSCH ACK/NACK reporting initiated for harq pid 0 before DLSCH decoding completed for now marking as compelete 
[0m[1;31m[NR_MAC]   DLSCH ACK/NACK reporting initiated for harq pid 10 before DLSCH decoding completed for now marking as compelete 
[0m[1;31m[NR_MAC]   DLSCH ACK/NACK reporting initiated for harq pid 11 before DLSCH decoding completed for now marking as compelete 
[0m[1;31m[NR_MAC]   DLSCH ACK/NACK reporting initiated for harq pid 12 before DLSCH decoding completed for now marking as compelete 
[0m[1;31m[NR_MAC]   DLSCH ACK/NACK reporting initiated for harq pid 14 before DLSCH decoding completed for now marking as compelete 
[0m[1;31m[NR_MAC]   DLSCH ACK/NACK reporting initiated for harq pid 15 before DLSCH decoding completed for now marking as compelete 
[0m[1;31m[NR_MAC]   DLSCH ACK/NACK reporting initiated for harq pid 1 before DLSCH decoding completed for now marking as compelete 
[0m[1;31m[NR_MAC]   DLSCH ACK/NACK reporting initiated for harq pid 4 before DLSCH decoding completed for now marking as compelete 
[0m[1;31m[NR_MAC]   DLSCH ACK/NACK reporting initiated for harq pid 3 before DLSCH decoding completed for now marking as compelete 
[0m[1;31m[NR_MAC]   DLSCH ACK/NACK reporting initiated for harq pid 7 before DLSCH decoding completed for now marking as compelete 
[0m[1;31m[NR_MAC]   DLSCH ACK/NACK reporting initiated for harq pid 0 before DLSCH decoding completed for now marking as compelete 
[0m[1;31m[NR_MAC]   DLSCH ACK/NACK reporting initiated for harq pid 10 before DLSCH decoding completed for now marking as compelete 
[0m[1;31m[NR_MAC]   DLSCH ACK/NACK reporting initiated for harq pid 11 before DLSCH decoding completed for now marking as compelete 
[0m[1;31m[NR_MAC]   DLSCH ACK/NACK reporting initiated for harq pid 12 before DLSCH decoding completed for now marking as compelete 
[0m[1;31m[NR_MAC]   DLSCH ACK/NACK reporting initiated for harq pid 14 before DLSCH decoding completed for now marking as compelete 
[0m[1;31m[NR_MAC]   DLSCH ACK/NACK reporting initiated for harq pid 15 before DLSCH decoding completed for now marking as compelete 
[0m[1;31m[NR_MAC]   DLSCH ACK/NACK reporting initiated for harq pid 1 before DLSCH decoding completed for now marking as compelete 
[0m[1;31m[NR_MAC]   DLSCH ACK/NACK reporting initiated for harq pid 4 before DLSCH decoding completed for now marking as compelete 
[0m[1;31m[NR_MAC]   DLSCH ACK/NACK reporting initiated for harq pid 3 before DLSCH decoding completed for now marking as compelete 
[0m[1;31m[NR_MAC]   DLSCH ACK/NACK reporting initiated for harq pid 7 before DLSCH decoding completed for now marking as compelete 
[0m[1;31m[NR_MAC]   DLSCH ACK/NACK reporting initiated for harq pid 0 before DLSCH decoding completed for now marking as compelete 
[0m[1;31m[NR_MAC]   DLSCH ACK/NACK reporting initiated for harq pid 8 before DLSCH decoding completed for now marking as compelete 
[0m[1;31m[NR_MAC]   DLSCH ACK/NACK reporting initiated for harq pid 11 before DLSCH decoding completed for now marking as compelete 
[0m[1;31m[NR_MAC]   DLSCH ACK/NACK reporting initiated for harq pid 12 before DLSCH decoding completed for now marking as compelete 
[0m[1;31m[NR_MAC]   DLSCH ACK/NACK reporting initiated for harq pid 13 before DLSCH decoding completed for now marking as compelete 
[0m[1;31m[NR_MAC]   DLSCH ACK/NACK reporting initiated for harq pid 15 before DLSCH decoding completed for now marking as compelete 
[0m[1;31m[NR_MAC]   DLSCH ACK/NACK reporting initiated for harq pid 1 before DLSCH decoding completed for now marking as compelete 
[0m[1;31m[NR_MAC]   DLSCH ACK/NACK reporting initiated for harq pid 2 before DLSCH decoding completed for now marking as compelete 
[0m[1;31m[NR_MAC]   DLSCH ACK/NACK reporting initiated for harq pid 3 before DLSCH decoding completed for now marking as compelete 
[0m[1;31m[NR_MAC]   DLSCH ACK/NACK reporting initiated for harq pid 5 before DLSCH decoding completed for now marking as compelete 
[0m[1;31m[NR_MAC]   DLSCH ACK/NACK reporting initiated for harq pid 6 before DLSCH decoding completed for now marking as compelete 
[0m[1;31m[NR_MAC]   DLSCH ACK/NACK reporting initiated for harq pid 8 before DLSCH decoding completed for now marking as compelete 
[0m[1;31m[NR_MAC]   DLSCH ACK/NACK reporting initiated for harq pid 9 before DLSCH decoding completed for now marking as compelete 
[0m[1;31m[NR_MAC]   DLSCH ACK/NACK reporting initiated for harq pid 12 before DLSCH decoding completed for now marking as compelete 
[0m[1;31m[NR_MAC]   DLSCH ACK/NACK reporting initiated for harq pid 13 before DLSCH decoding completed for now marking as compelete 
[0m[1;31m[NR_MAC]   DLSCH ACK/NACK reporting initiated for harq pid 14 before DLSCH decoding completed for now marking as compelete 
[0m[1;31m[NR_MAC]   DLSCH ACK/NACK reporting initiated for harq pid 1 before DLSCH decoding completed for now marking as compelete 
[0m[1;31m[NR_MAC]   DLSCH ACK/NACK reporting initiated for harq pid 2 before DLSCH decoding completed for now marking as compelete 
[0m[1;31m[NR_MAC]   DLSCH ACK/NACK reporting initiated for harq pid 4 before DLSCH decoding completed for now marking as compelete 
[0m[1;31m[NR_MAC]   DLSCH ACK/NACK reporting initiated for harq pid 6 before DLSCH decoding completed for now marking as compelete 
[0m[1;31m[NR_MAC]   DLSCH ACK/NACK reporting initiated for harq pid 7 before DLSCH decoding completed for now marking as compelete 
[0m[1;31m[NR_MAC]   DLSCH ACK/NACK reporting initiated for harq pid 9 before DLSCH decoding completed for now marking as compelete 
[0m[1;31m[NR_MAC]   DLSCH ACK/NACK reporting initiated for harq pid 10 before DLSCH decoding completed for now marking as compelete 
[0m[1;31m[NR_MAC]   DLSCH ACK/NACK reporting initiated for harq pid 11 before DLSCH decoding completed for now marking as compelete 
[0m[1;31m[NR_MAC]   DLSCH ACK/NACK reporting initiated for harq pid 13 before DLSCH decoding completed for now marking as compelete 
[0m[1;31m[NR_MAC]   DLSCH ACK/NACK reporting initiated for harq pid 14 before DLSCH decoding completed for now marking as compelete 
[0m[1;31m[NR_MAC]   DLSCH ACK/NACK reporting initiated for harq pid 15 before DLSCH decoding completed for now marking as compelete 
[0m[1;31m[NR_MAC]   DLSCH ACK/NACK reporting initiated for harq pid 1 before DLSCH decoding completed for now marking as compelete 
[0m[1;31m[NR_MAC]   DLSCH ACK/NACK reporting initiated for harq pid 4 before DLSCH decoding completed for now marking as compelete 
[0m[1;31m[NR_MAC]   DLSCH ACK/NACK reporting initiated for harq pid 3 before DLSCH decoding completed for now marking as compelete 
[0m[1;31m[NR_MAC]   DLSCH ACK/NACK reporting initiated for harq pid 7 before DLSCH decoding completed for now marking as compelete 
[0m[1;31m[NR_MAC]   DLSCH ACK/NACK reporting initiated for harq pid 0 before DLSCH decoding completed for now marking as compelete 
[0m[1;31m[NR_MAC]   DLSCH ACK/NACK reporting initiated for harq pid 10 before DLSCH decoding completed for now marking as compelete 
[0m[1;31m[NR_MAC]   DLSCH ACK/NACK reporting initiated for harq pid 11 before DLSCH decoding completed for now marking as compelete 
[0m[1;31m[NR_MAC]   DLSCH ACK/NACK reporting initiated for harq pid 12 before DLSCH decoding completed for now marking as compelete 
[0m[1;31m[NR_MAC]   DLSCH ACK/NACK reporting initiated for harq pid 13 before DLSCH decoding completed for now marking as compelete 
[0m[1;31m[NR_MAC]   DLSCH ACK/NACK reporting initiated for harq pid 15 before DLSCH decoding completed for now marking as compelete 
[0m[1;31m[NR_MAC]   DLSCH ACK/NACK reporting initiated for harq pid 1 before DLSCH decoding completed for now marking as compelete 
[0m[1;31m[NR_MAC]   DLSCH ACK/NACK reporting initiated for harq pid 2 before DLSCH decoding completed for now marking as compelete 
[0m[1;31m[NR_MAC]   DLSCH ACK/NACK reporting initiated for harq pid 3 before DLSCH decoding completed for now marking as compelete 
[0m[1;31m[NR_MAC]   DLSCH ACK/NACK reporting initiated for harq pid 5 before DLSCH decoding completed for now marking as compelete 
[0m[1;31m[NR_MAC]   DLSCH ACK/NACK reporting initiated for harq pid 0 before DLSCH decoding completed for now marking as compelete 
[0m[1;31m[NR_MAC]   DLSCH ACK/NACK reporting initiated for harq pid 8 before DLSCH decoding completed for now marking as compelete 
[0m[1;31m[NR_MAC]   DLSCH ACK/NACK reporting initiated for harq pid 9 before DLSCH decoding completed for now marking as compelete 
[0m[1;31m[NR_MAC]   DLSCH ACK/NACK reporting initiated for harq pid 12 before DLSCH decoding completed for now marking as compelete 
[0m[1;31m[NR_MAC]   DLSCH ACK/NACK reporting initiated for harq pid 13 before DLSCH decoding completed for now marking as compelete 
[0m[1;31m[NR_MAC]   DLSCH ACK/NACK reporting initiated for harq pid 14 before DLSCH decoding completed for now marking as compelete 
[0m[1;31m[NR_MAC]   DLSCH ACK/NACK reporting initiated for harq pid 1 before DLSCH decoding completed for now marking as compelete 
[0m[1;31m[NR_MAC]   DLSCH ACK/NACK reporting initiated for harq pid 2 before DLSCH decoding completed for now marking as compelete 
[0m[1;31m[NR_MAC]   DLSCH ACK/NACK reporting initiated for harq pid 5 before DLSCH decoding completed for now marking as compelete 
[0m[1;31m[NR_MAC]   DLSCH ACK/NACK reporting initiated for harq pid 6 before DLSCH decoding completed for now marking as compelete 
[0m[1;31m[NR_MAC]   DLSCH ACK/NACK reporting initiated for harq pid 7 before DLSCH decoding completed for now marking as compelete 
[0m[1;31m[NR_MAC]   DLSCH ACK/NACK reporting initiated for harq pid 9 before DLSCH decoding completed for now marking as compelete 
[0m[1;31m[NR_MAC]   DLSCH ACK/NACK reporting initiated for harq pid 10 before DLSCH decoding completed for now marking as compelete 
[0m[1;31m[NR_MAC]   DLSCH ACK/NACK reporting initiated for harq pid 11 before DLSCH decoding completed for now marking as compelete 
[0m[1;31m[NR_MAC]   DLSCH ACK/NACK reporting initiated for harq pid 13 before DLSCH decoding completed for now marking as compelete 
[0m[1;31m[NR_MAC]   DLSCH ACK/NACK reporting initiated for harq pid 14 before DLSCH decoding completed for now marking as compelete 
[0m[1;31m[NR_MAC]   DLSCH ACK/NACK reporting initiated for harq pid 15 before DLSCH decoding completed for now marking as compelete 
[0m[1;31m[NR_MAC]   DLSCH ACK/NACK reporting initiated for harq pid 2 before DLSCH decoding completed for now marking as compelete 
[0m[1;31m[NR_MAC]   DLSCH ACK/NACK reporting initiated for harq pid 4 before DLSCH decoding completed for now marking as compelete 
[0m[1;31m[NR_MAC]   DLSCH ACK/NACK reporting initiated for harq pid 6 before DLSCH decoding completed for now marking as compelete 
[0m[1;31m[NR_MAC]   DLSCH ACK/NACK reporting initiated for harq pid 7 before DLSCH decoding completed for now marking as compelete 
[0m[1;31m[NR_MAC]   DLSCH ACK/NACK reporting initiated for harq pid 9 before DLSCH decoding completed for now marking as compelete 
[0m[1;31m[NR_MAC]   DLSCH ACK/NACK reporting initiated for harq pid 10 before DLSCH decoding completed for now marking as compelete 
[0m[1;31m[NR_MAC]   DLSCH ACK/NACK reporting initiated for harq pid 11 before DLSCH decoding completed for now marking as compelete 
[0m[1;31m[NR_MAC]   DLSCH ACK/NACK reporting initiated for harq pid 13 before DLSCH decoding completed for now marking as compelete 
[0m[1;31m[NR_MAC]   DLSCH ACK/NACK reporting initiated for harq pid 14 before DLSCH decoding completed for now marking as compelete 
[0m[1;31m[NR_MAC]   DLSCH ACK/NACK reporting initiated for harq pid 15 before DLSCH decoding completed for now marking as compelete 
[0m[1;31m[NR_MAC]   DLSCH ACK/NACK reporting initiated for harq pid 2 before DLSCH decoding completed for now marking as compelete 
[0m[1;31m[NR_MAC]   DLSCH ACK/NACK reporting initiated for harq pid 4 before DLSCH decoding completed for now marking as compelete 
[0m[1;31m[NR_MAC]   DLSCH ACK/NACK reporting initiated for harq pid 6 before DLSCH decoding completed for now marking as compelete 
[0m[1;31m[NR_MAC]   DLSCH ACK/NACK reporting initiated for harq pid 7 before DLSCH decoding completed for now marking as compelete 
[0m[1;31m[NR_MAC]   DLSCH ACK/NACK reporting initiated for harq pid 0 before DLSCH decoding completed for now marking as compelete 
[0m[1;31m[NR_MAC]   DLSCH ACK/NACK reporting initiated for harq pid 10 before DLSCH decoding completed for now marking as compelete 
[0m[1;31m[NR_MAC]   DLSCH ACK/NACK reporting initiated for harq pid 11 before DLSCH decoding completed for now marking as compelete 
[0m[1;31m[NR_MAC]   DLSCH ACK/NACK reporting initiated for harq pid 12 before DLSCH decoding completed for now marking as compelete 
[0m[1;31m[NR_MAC]   DLSCH ACK/NACK reporting initiated for harq pid 14 before DLSCH decoding completed for now marking as compelete 
[0m[1;31m[NR_MAC]   DLSCH ACK/NACK reporting initiated for harq pid 15 before DLSCH decoding completed for now marking as compelete 
[0m[1;31m[NR_MAC]   DLSCH ACK/NACK reporting initiated for harq pid 1 before DLSCH decoding completed for now marking as compelete 
[0m[1;31m[NR_MAC]   DLSCH ACK/NACK reporting initiated for harq pid 4 before DLSCH decoding completed for now marking as compelete 
[0m[1;31m[NR_MAC]   DLSCH ACK/NACK reporting initiated for harq pid 3 before DLSCH decoding completed for now marking as compelete 
[0m[1;31m[NR_MAC]   DLSCH ACK/NACK reporting initiated for harq pid 5 before DLSCH decoding completed for now marking as compelete 
[0m[1;31m[NR_MAC]   DLSCH ACK/NACK reporting initiated for harq pid 0 before DLSCH decoding completed for now marking as compelete 
[0m[1;31m[NR_MAC]   DLSCH ACK/NACK reporting initiated for harq pid 8 before DLSCH decoding completed for now marking as compelete 
[0m[1;31m[NR_MAC]   DLSCH ACK/NACK reporting initiated for harq pid 11 before DLSCH decoding completed for now marking as compelete 
[0m[1;31m[NR_MAC]   DLSCH ACK/NACK reporting initiated for harq pid 12 before DLSCH decoding completed for now marking as compelete 
[0m[1;31m[NR_MAC]   DLSCH ACK/NACK reporting initiated for harq pid 13 before DLSCH decoding completed for now marking as compelete 
[0m[1;31m[NR_MAC]   DLSCH ACK/NACK reporting initiated for harq pid 15 before DLSCH decoding completed for now marking as compelete 
[0m[1;31m[NR_MAC]   DLSCH ACK/NACK reporting initiated for harq pid 1 before DLSCH decoding completed for now marking as compelete 
[0m[1;31m[NR_MAC]   DLSCH ACK/NACK reporting initiated for harq pid 2 before DLSCH decoding completed for now marking as compelete 
[0m[1;31m[NR_MAC]   DLSCH ACK/NACK reporting initiated for harq pid 5 before DLSCH decoding completed for now marking as compelete 
[0m[1;31m[NR_MAC]   DLSCH ACK/NACK reporting initiated for harq pid 6 before DLSCH decoding completed for now marking as compelete 
[0m[1;31m[NR_MAC]   DLSCH ACK/NACK reporting initiated for harq pid 8 before DLSCH decoding completed for now marking as compelete 
[0m[1;31m[NR_MAC]   DLSCH ACK/NACK reporting initiated for harq pid 9 before DLSCH decoding completed for now marking as compelete 
[0m[1;31m[NR_MAC]   DLSCH ACK/NACK reporting initiated for harq pid 10 before DLSCH decoding completed for now marking as compelete 
[0m[1;31m[NR_MAC]   DLSCH ACK/NACK reporting initiated for harq pid 12 before DLSCH decoding completed for now marking as compelete 
[0m[1;31m[NR_MAC]   DLSCH ACK/NACK reporting initiated for harq pid 13 before DLSCH decoding completed for now marking as compelete 
[0m[1;31m[NR_MAC]   DLSCH ACK/NACK reporting initiated for harq pid 14 before DLSCH decoding completed for now marking as compelete 
[0m[1;31m[NR_MAC]   DLSCH ACK/NACK reporting initiated for harq pid 15 before DLSCH decoding completed for now marking as compelete 
[0m[1;31m[NR_MAC]   DLSCH ACK/NACK reporting initiated for harq pid 2 before DLSCH decoding completed for now marking as compelete 
[0m[1;31m[NR_MAC]   DLSCH ACK/NACK reporting initiated for harq pid 4 before DLSCH decoding completed for now marking as compelete 
[0m[1;31m[NR_MAC]   DLSCH ACK/NACK reporting initiated for harq pid 6 before DLSCH decoding completed for now marking as compelete 
[0m[1;31m[NR_MAC]   DLSCH ACK/NACK reporting initiated for harq pid 7 before DLSCH decoding completed for now marking as compelete 
[0m[1;31m[NR_MAC]   DLSCH ACK/NACK reporting initiated for harq pid 9 before DLSCH decoding completed for now marking as compelete 
[0m[1;31m[NR_MAC]   DLSCH ACK/NACK reporting initiated for harq pid 10 before DLSCH decoding completed for now marking as compelete 
[0m[1;31m[NR_MAC]   DLSCH ACK/NACK reporting initiated for harq pid 12 before DLSCH decoding completed for now marking as compelete 
[0m[1;31m[NR_MAC]   DLSCH ACK/NACK reporting initiated for harq pid 13 before DLSCH decoding completed for now marking as compelete 
[0m[1;31m[NR_MAC]   DLSCH ACK/NACK reporting initiated for harq pid 15 before DLSCH decoding completed for now marking as compelete 
[0m[1;31m[NR_MAC]   DLSCH ACK/NACK reporting initiated for harq pid 1 before DLSCH decoding completed for now marking as compelete 
[0m[1;31m[NR_MAC]   DLSCH ACK/NACK reporting initiated for harq pid 2 before DLSCH decoding completed for now marking as compelete 
[0m[1;31m[NR_MAC]   DLSCH ACK/NACK reporting initiated for harq pid 3 before DLSCH decoding completed for now marking as compelete 
[0m[1;31m[NR_MAC]   DLSCH ACK/NACK reporting initiated for harq pid 5 before DLSCH decoding completed for now marking as compelete 
[0m[1;31m[NR_MAC]   DLSCH ACK/NACK reporting initiated for harq pid 0 before DLSCH decoding completed for now marking as compelete 
[0m[1;31m[NR_MAC]   DLSCH ACK/NACK reporting initiated for harq pid 8 before DLSCH decoding completed for now marking as compelete 
[0m[1;31m[NR_MAC]   DLSCH ACK/NACK reporting initiated for harq pid 9 before DLSCH decoding completed for now marking as compelete 
[0m[1;31m[NR_MAC]   DLSCH ACK/NACK reporting initiated for harq pid 12 before DLSCH decoding completed for now marking as compelete 
[0m[1;31m[NR_MAC]   DLSCH ACK/NACK reporting initiated for harq pid 13 before DLSCH decoding completed for now marking as compelete 
[0m[1;31m[NR_MAC]   DLSCH ACK/NACK reporting initiated for harq pid 14 before DLSCH decoding completed for now marking as compelete 
[0m[1;31m[NR_MAC]   DLSCH ACK/NACK reporting initiated for harq pid 1 before DLSCH decoding completed for now marking as compelete 
[0m[1;31m[NR_MAC]   DLSCH ACK/NACK reporting initiated for harq pid 2 before DLSCH decoding completed for now marking as compelete 
[0m[1;31m[NR_MAC]   DLSCH ACK/NACK reporting initiated for harq pid 5 before DLSCH decoding completed for now marking as compelete 
[0m[1;31m[NR_MAC]   DLSCH ACK/NACK reporting initiated for harq pid 6 before DLSCH decoding completed for now marking as compelete 
[0m[1;31m[NR_MAC]   DLSCH ACK/NACK reporting initiated for harq pid 7 before DLSCH decoding completed for now marking as compelete 
[0m[1;31m[NR_MAC]   DLSCH ACK/NACK reporting initiated for harq pid 9 before DLSCH decoding completed for now marking as compelete 
[0m[1;31m[NR_MAC]   DLSCH ACK/NACK reporting initiated for harq pid 10 before DLSCH decoding completed for now marking as compelete 
