HOSTNAME        : ue-1853
UE ID           : 1853
Computed IMSI   : 208930000001854
gNB ID          : 1853
Proxy IP        : 10.3.14.1
UE IP           : 10.244.107.24
Actual UE ID:    46
Actual GNB ID:   46
global-sc-network [10.4.1.1] 8000 (?) : Connection refused
Waiting for start message
Start message received!
Starting the UE 1758124157.9456847
Calling sched_setscheduler(79)
[1;31m[NR_MAC]   DLSCH ACK/NACK reporting initiated for harq pid 3 before DLSCH decoding completed for now marking as compelete 
[0m[1;31m[NR_MAC]   DLSCH ACK/NACK reporting initiated for harq pid 6 before DLSCH decoding completed for now marking as compelete 
[0mCMDLINE: "./nr-uesoftmodem" "-O" "/ue.conf" "--nfapi" "STANDALONE_PNF" "--node-number" "2" "--emulate-l1" "--sa" "1" 
[CONFIG] get parameters from libconfig /ue.conf [LIBCONFIG] Path for include directive set to: /
[CONFIG] function config_libconfig_init returned 0
[CONFIG] config module libconfig loaded
[LIBCONFIG] config: 2/2 parameters successfully set, (2 to default value)
[CONFIG] debug flags: 0x00000000
[LIBCONFIG] log_config: 3/3 parameters successfully set, (1 to default value)
[LIBCONFIG] log_config: 53/53 parameters successfully set, (45 to default value)
[LIBCONFIG] log_config: 53/53 parameters successfully set, (53 to default value)
[LIBCONFIG] log_config: 16/16 parameters successfully set, (16 to default value)
[LIBCONFIG] log_config: 16/16 parameters successfully set, (16 to default value)
log init done
[LIBCONFIG] (root): 33/33 parameters successfully set, (30 to default value)
[LIBCONFIG] (root): 41/41 parameters successfully set, (38 to default value)
[LIBCONFIG] (root): 6/6 parameters successfully set, (5 to default value)
[LIBCONFIG] TTracer: 3/3 parameters successfully set, (3 to default value)
create a thread for core -1
create a thread for core -1
create a thread for core -1
create a thread for core -1
create a thread for core -1
create a thread for core -1
create a thread for core -1
create a thread for core -1
[LIBCONFIG] opt: 3/3 parameters successfully set, (3 to default value)
[LIBCONFIG] loader: 2/2 parameters successfully set, (2 to default value)
[LIBCONFIG] loader.ldpc: 2/2 parameters successfully set, (1 to default value)
shlib_path libldpc.so
[LOADER] library libldpc.so successfully loaded
[LIBCONFIG] nas.noS1: 3/3 parameters successfully set, (3 to default value)
[LIBCONFIG] MACRLCs.[0]: 34/34 parameters successfully set, (25 to default value)
[LIBCONFIG] (root): 30/30 parameters successfully set, (28 to default value)
Ujjwal: start -> 46
TYPE <CTRL-C> TO TERMINATE
[LIBCONFIG] uicc0: 10/10 parameters successfully set, (5 to default value)
Entering ITTI signals handler
TYPE <CTRL-C> TO TERMINATE
kgnb : d8 2a cc e9 2d 75 c6 d9 59 45 6f b7 9a d8 d7 c7 b2 8b 53 0a e2 6c 57 fd f4 5b 33 90 02 98 10 3b 
kausf:eb e4 9e 94 fe b7 81 32 58 74 b6 fa 84 d7 96 fd 6a 7f 40 40 3 8e db 41 b3 94 76 2f c6 92 c0 93 
kseaf:e6 a9 ee c1 44 cf 51 36 59 a4 60 85 60 e5 95 e4 45 64 ba de 8f e9 e8 8e 3 2 2 78 a6 fa 94 a2 
kamf:39 1b 6c 96 a8 89 c2 ee 48 de f0 2e 1a 9 57 9a 28 48 5d ba 7 21 28 9d 4e 4c b8 35 c8 98 7e 4 
knas_int:
75 2e bf 25 2b da c1 e4 75 f8 69 fa c6 1c be 28 
mac a3 40 30 88 
[NR_RRC]   driving kRRCenc, kRRCint and kUPenc from KgNB=d8 2a cc e9 2d 75 c6 d9 59 45 6f b7 9a d8 d7 c7 b2 8b 53 0a e2 6c 57 fd f4 5b 33 90 02 98 10 3b [0m
[NR_RRC]   securityModeComplete payload: 28 00 00 00 00 00 00 00 08 00 00 00 00 00 00 00 [0m
<UE-NR-Capability>
    <accessStratumRelease><rel15/></accessStratumRelease>
    <pdcp-Parameters>
        <supportedROHC-Profiles>
            <profile0x0000><false/></profile0x0000>
            <profile0x0001><false/></profile0x0001>
            <profile0x0002><false/></profile0x0002>
            <profile0x0003><false/></profile0x0003>
            <profile0x0004><false/></profile0x0004>
            <profile0x0006><false/></profile0x0006>
            <profile0x0101><false/></profile0x0101>
            <profile0x0102><false/></profile0x0102>
            <profile0x0103><false/></profile0x0103>
            <profile0x0104><false/></profile0x0104>
        </supportedROHC-Profiles>
        <maxNumberROHC-ContextSessions><cs2/></maxNumberROHC-ContextSessions>
    </pdcp-Parameters>
    <phy-Parameters>
    </phy-Parameters>
    <rf-Parameters>
        <supportedBandListNR>
            <BandNR>
                <bandNR>1</bandNR>
            </BandNR>
        </supportedBandListNR>
    </rf-Parameters>
</UE-NR-Capability>
[1;31m[NR_MAC]   DLSCH ACK/NACK reporting initiated for harq pid 9 before DLSCH decoding completed for now marking as compelete 
[0m[1;31m[NR_MAC]   DLSCH ACK/NACK reporting initiated for harq pid 10 before DLSCH decoding completed for now marking as compelete 
[0m[1;31m[NR_MAC]   DLSCH ACK/NACK reporting initiated for harq pid 11 before DLSCH decoding completed for now marking as compelete 
[0m[1;31m[NR_MAC]   DLSCH ACK/NACK reporting initiated for harq pid 12 before DLSCH decoding completed for now marking as compelete 
[0m[1;31m[NR_MAC]   DLSCH ACK/NACK reporting initiated for harq pid 13 before DLSCH decoding completed for now marking as compelete 
[0m[1;31m[NR_MAC]   DLSCH ACK/NACK reporting initiated for harq pid 14 before DLSCH decoding completed for now marking as compelete 
[0m[1;31m[NR_MAC]   DLSCH ACK/NACK reporting initiated for harq pid 4 before DLSCH decoding completed for now marking as compelete 
[0m[1;31m[NR_MAC]   DLSCH ACK/NACK reporting initiated for harq pid 10 before DLSCH decoding completed for now marking as compelete 
[0m[1;31m[NR_MAC]   DLSCH ACK/NACK reporting initiated for harq pid 11 before DLSCH decoding completed for now marking as compelete 
[0m[1;31m[NR_MAC]   DLSCH ACK/NACK reporting initiated for harq pid 12 before DLSCH decoding completed for now marking as compelete 
[0m[1;31m[NR_MAC]   DLSCH ACK/NACK reporting initiated for harq pid 13 before DLSCH decoding completed for now marking as compelete 
[0m[1;31m[NR_MAC]   DLSCH ACK/NACK reporting initiated for harq pid 14 before DLSCH decoding completed for now marking as compelete 
[0m[1;31m[NR_MAC]   DLSCH ACK/NACK reporting initiated for harq pid 1 before DLSCH decoding completed for now marking as compelete 
[0m[1;31m[NR_MAC]   DLSCH ACK/NACK reporting initiated for harq pid 4 before DLSCH decoding completed for now marking as compelete 
[0m[1;31m[NR_MAC]   DLSCH ACK/NACK reporting initiated for harq pid 5 before DLSCH decoding completed for now marking as compelete 
[0m[1;31m[NR_MAC]   DLSCH ACK/NACK reporting initiated for harq pid 6 before DLSCH decoding completed for now marking as compelete 
[0m[1;31m[NR_MAC]   DLSCH ACK/NACK reporting initiated for harq pid 0 before DLSCH decoding completed for now marking as compelete 
[0m[1;31m[NR_MAC]   DLSCH ACK/NACK reporting initiated for harq pid 8 before DLSCH decoding completed for now marking as compelete 
[0m[1;31m[NR_MAC]   DLSCH ACK/NACK reporting initiated for harq pid 11 before DLSCH decoding completed for now marking as compelete 
[0m[1;31m[NR_MAC]   DLSCH ACK/NACK reporting initiated for harq pid 12 before DLSCH decoding completed for now marking as compelete 
[0m[1;31m[NR_MAC]   DLSCH ACK/NACK reporting initiated for harq pid 13 before DLSCH decoding completed for now marking as compelete 
[0m[1;31m[NR_MAC]   DLSCH ACK/NACK reporting initiated for harq pid 14 before DLSCH decoding completed for now marking as compelete 
[0m[1;31m[NR_MAC]   DLSCH ACK/NACK reporting initiated for harq pid 1 before DLSCH decoding completed for now marking as compelete 
[0m[1;31m[NR_MAC]   DLSCH ACK/NACK reporting initiated for harq pid 4 before DLSCH decoding completed for now marking as compelete 
[0m[1;31m[NR_MAC]   DLSCH ACK/NACK reporting initiated for harq pid 5 before DLSCH decoding completed for now marking as compelete 
[0m[1;31m[NR_MAC]   DLSCH ACK/NACK reporting initiated for harq pid 6 before DLSCH decoding completed for now marking as compelete 
[0m[1;31m[NR_MAC]   DLSCH ACK/NACK reporting initiated for harq pid 8 before DLSCH decoding completed for now marking as compelete 
[0m[1;31m[NR_MAC]   DLSCH ACK/NACK reporting initiated for harq pid 9 before DLSCH decoding completed for now marking as compelete 
[0m[1;31m[NR_MAC]   DLSCH ACK/NACK reporting initiated for harq pid 12 before DLSCH decoding completed for now marking as compelete 
[0m[1;31m[NR_MAC]   DLSCH ACK/NACK reporting initiated for harq pid 13 before DLSCH decoding completed for now marking as compelete 
[0m[1;31m[NR_MAC]   DLSCH ACK/NACK reporting initiated for harq pid 2 before DLSCH decoding completed for now marking as compelete 
[0m[1;31m[NR_MAC]   DLSCH ACK/NACK reporting initiated for harq pid 3 before DLSCH decoding completed for now marking as compelete 
[0m[1;31m[NR_MAC]   DLSCH ACK/NACK reporting initiated for harq pid 6 before DLSCH decoding completed for now marking as compelete 
[0m[1;31m[NR_MAC]   DLSCH ACK/NACK reporting initiated for harq pid 7 before DLSCH decoding completed for now marking as compelete 
[0m[1;31m[NR_MAC]   DLSCH ACK/NACK reporting initiated for harq pid 8 before DLSCH decoding completed for now marking as compelete 
[0m[1;31m[NR_MAC]   DLSCH ACK/NACK reporting initiated for harq pid 9 before DLSCH decoding completed for now marking as compelete 
[0m[1;31m[NR_MAC]   DLSCH ACK/NACK reporting initiated for harq pid 10 before DLSCH decoding completed for now marking as compelete 
[0m[1;31m[NR_MAC]   DLSCH ACK/NACK reporting initiated for harq pid 12 before DLSCH decoding completed for now marking as compelete 
[0m[1;31m[NR_MAC]   DLSCH ACK/NACK reporting initiated for harq pid 13 before DLSCH decoding completed for now marking as compelete 
[0m[1;31m[NR_MAC]   DLSCH ACK/NACK reporting initiated for harq pid 1 before DLSCH decoding completed for now marking as compelete 
[0m[1;31m[NR_MAC]   DLSCH ACK/NACK reporting initiated for harq pid 2 before DLSCH decoding completed for now marking as compelete 
[0m[1;31m[NR_MAC]   DLSCH ACK/NACK reporting initiated for harq pid 3 before DLSCH decoding completed for now marking as compelete 
[0m[1;31m[NR_MAC]   DLSCH ACK/NACK reporting initiated for harq pid 5 before DLSCH decoding completed for now marking as compelete 
[0m[1;31m[NR_MAC]   DLSCH ACK/NACK reporting initiated for harq pid 6 before DLSCH decoding completed for now marking as compelete 
[0m[1;31m[NR_MAC]   DLSCH ACK/NACK reporting initiated for harq pid 8 before DLSCH decoding completed for now marking as compelete 
[0m[1;31m[NR_MAC]   DLSCH ACK/NACK reporting initiated for harq pid 9 before DLSCH decoding completed for now marking as compelete 
[0m[1;31m[NR_MAC]   DLSCH ACK/NACK reporting initiated for harq pid 10 before DLSCH decoding completed for now marking as compelete 
[0m[1;31m[NR_MAC]   DLSCH ACK/NACK reporting initiated for harq pid 12 before DLSCH decoding completed for now marking as compelete 
[0m[1;31m[NR_MAC]   DLSCH ACK/NACK reporting initiated for harq pid 13 before DLSCH decoding completed for now marking as compelete 
[0m[1;31m[NR_MAC]   DLSCH ACK/NACK reporting initiated for harq pid 1 before DLSCH decoding completed for now marking as compelete 
[0m[1;31m[NR_MAC]   DLSCH ACK/NACK reporting initiated for harq pid 2 before DLSCH decoding completed for now marking as compelete 
[0m[1;31m[NR_MAC]   DLSCH ACK/NACK reporting initiated for harq pid 3 before DLSCH decoding completed for now marking as compelete 
[0m[1;31m[NR_MAC]   DLSCH ACK/NACK reporting initiated for harq pid 5 before DLSCH decoding completed for now marking as compelete 
[0m[1;31m[NR_MAC]   DLSCH ACK/NACK reporting initiated for harq pid 6 before DLSCH decoding completed for now marking as compelete 
[0m[1;31m[NR_MAC]   DLSCH ACK/NACK reporting initiated for harq pid 8 before DLSCH decoding completed for now marking as compelete 
[0m[1;31m[NR_MAC]   DLSCH ACK/NACK reporting initiated for harq pid 9 before DLSCH decoding completed for now marking as compelete 
[0m[1;31m[NR_MAC]   DLSCH ACK/NACK reporting initiated for harq pid 10 before DLSCH decoding completed for now marking as compelete 
[0m[1;31m[NR_MAC]   DLSCH ACK/NACK reporting initiated for harq pid 12 before DLSCH decoding completed for now marking as compelete 
[0m[1;31m[NR_MAC]   DLSCH ACK/NACK reporting initiated for harq pid 13 before DLSCH decoding completed for now marking as compelete 
[0m[1;31m[NR_MAC]   DLSCH ACK/NACK reporting initiated for harq pid 1 before DLSCH decoding completed for now marking as compelete 
[0m[1;31m[NR_MAC]   DLSCH ACK/NACK reporting initiated for harq pid 2 before DLSCH decoding completed for now marking as compelete 
[0m[1;31m[NR_MAC]   DLSCH ACK/NACK reporting initiated for harq pid 3 before DLSCH decoding completed for now marking as compelete 
[0m[1;31m[NR_MAC]   DLSCH ACK/NACK reporting initiated for harq pid 5 before DLSCH decoding completed for now marking as compelete 
[0m[1;31m[NR_MAC]   DLSCH ACK/NACK reporting initiated for harq pid 6 before DLSCH decoding completed for now marking as compelete 
[0m[1;31m[NR_MAC]   DLSCH ACK/NACK reporting initiated for harq pid 8 before DLSCH decoding completed for now marking as compelete 
[0m[1;31m[NR_MAC]   DLSCH ACK/NACK reporting initiated for harq pid 9 before DLSCH decoding completed for now marking as compelete 
[0m[1;31m[NR_MAC]   DLSCH ACK/NACK reporting initiated for harq pid 10 before DLSCH decoding completed for now marking as compelete 
[0m[1;31m[NR_MAC]   DLSCH ACK/NACK reporting initiated for harq pid 12 before DLSCH decoding completed for now marking as compelete 
[0m[1;31m[NR_MAC]   DLSCH ACK/NACK reporting initiated for harq pid 13 before DLSCH decoding completed for now marking as compelete 
[0m[1;31m[NR_MAC]   DLSCH ACK/NACK reporting initiated for harq pid 1 before DLSCH decoding completed for now marking as compelete 
[0m[1;31m[NR_MAC]   DLSCH ACK/NACK reporting initiated for harq pid 2 before DLSCH decoding completed for now marking as compelete 
[0m[1;31m[NR_MAC]   DLSCH ACK/NACK reporting initiated for harq pid 3 before DLSCH decoding completed for now marking as compelete 
[0m[1;31m[NR_MAC]   DLSCH ACK/NACK reporting initiated for harq pid 5 before DLSCH decoding completed for now marking as compelete 
[0m[1;31m[NR_MAC]   DLSCH ACK/NACK reporting initiated for harq pid 7 before DLSCH decoding completed for now marking as compelete 
[0m[1;31m[NR_MAC]   DLSCH ACK/NACK reporting initiated for harq pid 9 before DLSCH decoding completed for now marking as compelete 
[0m[1;31m[NR_MAC]   DLSCH ACK/NACK reporting initiated for harq pid 10 before DLSCH decoding completed for now marking as compelete 
[0m[1;31m[NR_MAC]   DLSCH ACK/NACK reporting initiated for harq pid 11 before DLSCH decoding completed for now marking as compelete 
[0m[1;31m[NR_MAC]   DLSCH ACK/NACK reporting initiated for harq pid 13 before DLSCH decoding completed for now marking as compelete 
[0m[1;31m[NR_MAC]   DLSCH ACK/NACK reporting initiated for harq pid 15 before DLSCH decoding completed for now marking as compelete 
[0m[1;31m[NR_MAC]   DLSCH ACK/NACK reporting initiated for harq pid 2 before DLSCH decoding completed for now marking as compelete 
[0m[1;31m[NR_MAC]   DLSCH ACK/NACK reporting initiated for harq pid 3 before DLSCH decoding completed for now marking as compelete 
[0m[1;31m[NR_MAC]   DLSCH ACK/NACK reporting initiated for harq pid 4 before DLSCH decoding completed for now marking as compelete 
[0m[1;31m[NR_MAC]   DLSCH ACK/NACK reporting initiated for harq pid 6 before DLSCH decoding completed for now marking as compelete 
[0m[1;31m[NR_MAC]   DLSCH ACK/NACK reporting initiated for harq pid 7 before DLSCH decoding completed for now marking as compelete 
[0m[1;31m[NR_MAC]   DLSCH ACK/NACK reporting initiated for harq pid 9 before DLSCH decoding completed for now marking as compelete 
[0m[1;31m[NR_MAC]   DLSCH ACK/NACK reporting initiated for harq pid 10 before DLSCH decoding completed for now marking as compelete 
[0m[1;31m[NR_MAC]   DLSCH ACK/NACK reporting initiated for harq pid 11 before DLSCH decoding completed for now marking as compelete 
[0m[1;31m[NR_MAC]   DLSCH ACK/NACK reporting initiated for harq pid 13 before DLSCH decoding completed for now marking as compelete 
[0m[1;31m[NR_MAC]   DLSCH ACK/NACK reporting initiated for harq pid 15 before DLSCH decoding completed for now marking as compelete 
[0m[1;31m[NR_MAC]   DLSCH ACK/NACK reporting initiated for harq pid 2 before DLSCH decoding completed for now marking as compelete 
[0m[1;31m[NR_MAC]   DLSCH ACK/NACK reporting initiated for harq pid 3 before DLSCH decoding completed for now marking as compelete 
[0m[1;31m[NR_MAC]   DLSCH ACK/NACK reporting initiated for harq pid 4 before DLSCH decoding completed for now marking as compelete 
[0m[1;31m[NR_MAC]   DLSCH ACK/NACK reporting initiated for harq pid 6 before DLSCH decoding completed for now marking as compelete 
[0m[1;31m[NR_MAC]   DLSCH ACK/NACK reporting initiated for harq pid 7 before DLSCH decoding completed for now marking as compelete 
[0m[1;31m[NR_MAC]   DLSCH ACK/NACK reporting initiated for harq pid 9 before DLSCH decoding completed for now marking as compelete 
[0m[1;31m[NR_MAC]   DLSCH ACK/NACK reporting initiated for harq pid 10 before DLSCH decoding completed for now marking as compelete 
[0m[1;31m[NR_MAC]   DLSCH ACK/NACK reporting initiated for harq pid 11 before DLSCH decoding completed for now marking as compelete 
[0m[1;31m[NR_MAC]   DLSCH ACK/NACK reporting initiated for harq pid 13 before DLSCH decoding completed for now marking as compelete 
[0m[1;31m[NR_MAC]   DLSCH ACK/NACK reporting initiated for harq pid 15 before DLSCH decoding completed for now marking as compelete 
[0m[1;31m[NR_MAC]   DLSCH ACK/NACK reporting initiated for harq pid 2 before DLSCH decoding completed for now marking as compelete 
[0m[1;31m[NR_MAC]   DLSCH ACK/NACK reporting initiated for harq pid 3 before DLSCH decoding completed for now marking as compelete 
[0m[1;31m[NR_MAC]   DLSCH ACK/NACK reporting initiated for harq pid 4 before DLSCH decoding completed for now marking as compelete 
[0m[1;31m[NR_MAC]   DLSCH ACK/NACK reporting initiated for harq pid 6 before DLSCH decoding completed for now marking as compelete 
[0m[1;31m[NR_MAC]   DLSCH ACK/NACK reporting initiated for harq pid 7 before DLSCH decoding completed for now marking as compelete 
[0m[1;31m[NR_MAC]   DLSCH ACK/NACK reporting initiated for harq pid 9 before DLSCH decoding completed for now marking as compelete 
[0m[1;31m[NR_MAC]   DLSCH ACK/NACK reporting initiated for harq pid 10 before DLSCH decoding completed for now marking as compelete 
[0m[1;31m[NR_MAC]   DLSCH ACK/NACK reporting initiated for harq pid 11 before DLSCH decoding completed for now marking as compelete 
[0m[1;31m[NR_MAC]   DLSCH ACK/NACK reporting initiated for harq pid 13 before DLSCH decoding completed for now marking as compelete 
[0m[1;31m[NR_MAC]   DLSCH ACK/NACK reporting initiated for harq pid 15 before DLSCH decoding completed for now marking as compelete 
[0m[1;31m[NR_MAC]   DLSCH ACK/NACK reporting initiated for harq pid 2 before DLSCH decoding completed for now marking as compelete 
[0m[1;31m[NR_MAC]   DLSCH ACK/NACK reporting initiated for harq pid 3 before DLSCH decoding completed for now marking as compelete 
[0m[1;31m[NR_MAC]   DLSCH ACK/NACK reporting initiated for harq pid 4 before DLSCH decoding completed for now marking as compelete 
[0m[1;31m[NR_MAC]   DLSCH ACK/NACK reporting initiated for harq pid 6 before DLSCH decoding completed for now marking as compelete 
[0m[1;31m[NR_MAC]   DLSCH ACK/NACK reporting initiated for harq pid 7 before DLSCH decoding completed for now marking as compelete 
[0m[1;31m[NR_MAC]   DLSCH ACK/NACK reporting initiated for harq pid 9 before DLSCH decoding completed for now marking as compelete 
[0m[1;31m[NR_MAC]   DLSCH ACK/NACK reporting initiated for harq pid 10 before DLSCH decoding completed for now marking as compelete 
[0m[1;31m[NR_MAC]   DLSCH ACK/NACK reporting initiated for harq pid 11 before DLSCH decoding completed for now marking as compelete 
[0m[1;31m[NR_MAC]   DLSCH ACK/NACK reporting initiated for harq pid 13 before DLSCH decoding completed for now marking as compelete 
[0m[1;31m[NR_MAC]   DLSCH ACK/NACK reporting initiated for harq pid 15 before DLSCH decoding completed for now marking as compelete 
[0m[1;31m[NR_MAC]   DLSCH ACK/NACK reporting initiated for harq pid 2 before DLSCH decoding completed for now marking as compelete 
[0m[1;31m[NR_MAC]   DLSCH ACK/NACK reporting initiated for harq pid 3 before DLSCH decoding completed for now marking as compelete 
[0m[1;31m[NR_MAC]   DLSCH ACK/NACK reporting initiated for harq pid 4 before DLSCH decoding completed for now marking as compelete 
[0m[1;31m[NR_MAC]   DLSCH ACK/NACK reporting initiated for harq pid 6 before DLSCH decoding completed for now marking as compelete 
[0m[1;31m[NR_MAC]   DLSCH ACK/NACK reporting initiated for harq pid 7 before DLSCH decoding completed for now marking as compelete 
[0m[1;31m[NR_MAC]   DLSCH ACK/NACK reporting initiated for harq pid 9 before DLSCH decoding completed for now marking as compelete 
[0m[1;31m[NR_MAC]   DLSCH ACK/NACK reporting initiated for harq pid 10 before DLSCH decoding completed for now marking as compelete 
[0m[1;31m[NR_MAC]   DLSCH ACK/NACK reporting initiated for harq pid 11 before DLSCH decoding completed for now marking as compelete 
[0m[1;31m[NR_MAC]   DLSCH ACK/NACK reporting initiated for harq pid 13 before DLSCH decoding completed for now marking as compelete 
[0m[1;31m[NR_MAC]   DLSCH ACK/NACK reporting initiated for harq pid 15 before DLSCH decoding completed for now marking as compelete 
[0m[1;31m[NR_MAC]   DLSCH ACK/NACK reporting initiated for harq pid 2 before DLSCH decoding completed for now marking as compelete 
[0m[1;31m[NR_MAC]   DLSCH ACK/NACK reporting initiated for harq pid 3 before DLSCH decoding completed for now marking as compelete 
[0m[1;31m[NR_MAC]   DLSCH ACK/NACK reporting initiated for harq pid 4 before DLSCH decoding completed for now marking as compelete 
[0m[1;31m[NR_MAC]   DLSCH ACK/NACK reporting initiated for harq pid 6 before DLSCH decoding completed for now marking as compelete 
[0m[1;31m[NR_MAC]   DLSCH ACK/NACK reporting initiated for harq pid 7 before DLSCH decoding completed for now marking as compelete 
[0m[1;31m[NR_MAC]   DLSCH ACK/NACK reporting initiated for harq pid 9 before DLSCH decoding completed for now marking as compelete 
[0m[1;31m[NR_MAC]   DLSCH ACK/NACK reporting initiated for harq pid 10 before DLSCH decoding completed for now marking as compelete 
[0m[1;31m[NR_MAC]   DLSCH ACK/NACK reporting initiated for harq pid 11 before DLSCH decoding completed for now marking as compelete 
[0m[1;31m[NR_MAC]   DLSCH ACK/NACK reporting initiated for harq pid 13 before DLSCH decoding completed for now marking as compelete 
[0m[1;31m[NR_MAC]   DLSCH ACK/NACK reporting initiated for harq pid 15 before DLSCH decoding completed for now marking as compelete 
[0m[1;31m[NR_MAC]   DLSCH ACK/NACK reporting initiated for harq pid 2 before DLSCH decoding completed for now marking as compelete 
[0m[1;31m[NR_MAC]   DLSCH ACK/NACK reporting initiated for harq pid 3 before DLSCH decoding completed for now marking as compelete 
[0m[1;31m[NR_MAC]   DLSCH ACK/NACK reporting initiated for harq pid 4 before DLSCH decoding completed for now marking as compelete 
[0m[1;31m[NR_MAC]   DLSCH ACK/NACK reporting initiated for harq pid 6 before DLSCH decoding completed for now marking as compelete 
[0m[1;31m[NR_MAC]   DLSCH ACK/NACK reporting initiated for harq pid 7 before DLSCH decoding completed for now marking as compelete 
