HOSTNAME        : ue-2581
UE ID           : 2581
Computed IMSI   : 208930000002582
gNB ID          : 2581
Proxy IP        : 10.3.22.1
UE IP           : 10.244.4.208
Actual UE ID:    64
Actual GNB ID:   64
Waiting for start message
global-sc-network [10.4.1.1] 8000 (?) : Connection refused
Start message received!
Starting the UE 1758137082.1460218
Calling sched_setscheduler(79)
CMDLINE: "./nr-uesoftmodem" "-O" "/ue.conf" "--nfapi" "STANDALONE_PNF" "--node-number" "2" "--emulate-l1" "--sa" "1" 
[CONFIG] get parameters from libconfig /ue.conf [LIBCONFIG] Path for include directive set to: /
[CONFIG] function config_libconfig_init returned 0
[CONFIG] config module libconfig loaded
[LIBCONFIG] config: 2/2 parameters successfully set, (2 to default value)
[CONFIG] debug flags: 0x00000000
[LIBCONFIG] log_config: 3/3 parameters successfully set, (1 to default value)
[LIBCONFIG] log_config: 53/53 parameters successfully set, (45 to default value)
[LIBCONFIG] log_config: 53/53 parameters successfully set, (53 to default value)
[LIBCONFIG] log_config: 16/16 parameters successfully set, (16 to default value)
[LIBCONFIG] log_config: 16/16 parameters successfully set, (16 to default value)
log init done
[LIBCONFIG] (root): 33/33 parameters successfully set, (30 to default value)
[LIBCONFIG] (root): 41/41 parameters successfully set, (38 to default value)
[LIBCONFIG] (root): 6/6 parameters successfully set, (5 to default value)
[LIBCONFIG] TTracer: 3/3 parameters successfully set, (3 to default value)
create a thread for core -1
create a thread for core -1
create a thread for core -1
create a thread for core -1
create a thread for core -1
create a thread for core -1
create a thread for core -1
create a thread for core -1
[LIBCONFIG] opt: 3/3 parameters successfully set, (3 to default value)
[LIBCONFIG] loader: 2/2 parameters successfully set, (2 to default value)
[LIBCONFIG] loader.ldpc: 2/2 parameters successfully set, (1 to default value)
shlib_path libldpc.so
[LOADER] library libldpc.so successfully loaded
[LIBCONFIG] nas.noS1: 3/3 parameters successfully set, (3 to default value)
[LIBCONFIG] MACRLCs.[0]: 34/34 parameters successfully set, (25 to default value)
[LIBCONFIG] (root): 30/30 parameters successfully set, (28 to default value)
Ujjwal: start -> 64
TYPE <CTRL-C> TO TERMINATE
[LIBCONFIG] uicc0: 10/10 parameters successfully set, (5 to default value)
Entering ITTI signals handler
TYPE <CTRL-C> TO TERMINATE
kgnb : 1c eb de 3b 95 68 90 a0 77 46 86 e5 2c 22 14 ef e8 2d 82 5f 78 d0 b0 0c f8 3f 8c 11 d9 57 6d 6f 
kausf:1 cb cf 5b de eb a3 72 c0 5e 7f 85 33 4d b b5 f6 d6 13 2a ce 19 51 9c 10 5a d7 d3 a2 7a a7 92 
kseaf:5d 6f 1f f6 e4 5 44 cf 36 3e 8b d5 51 2c c 61 85 d0 b3 cc ec f6 7 b6 f9 cd 76 dc 11 ea fa 1 
kamf:2e 3f 88 b8 e7 e1 9a 9f aa 0 34 c7 4c f8 5f 43 23 e9 b1 12 6d 5f eb c4 a6 65 68 18 80 8c 8d de 
knas_int:
4e 3f 6c ad 1 e5 e9 7e ad e8 21 b4 27 7 af ae 
mac d b8 ca d6 
[NR_RRC]   driving kRRCenc, kRRCint and kUPenc from KgNB=1c eb de 3b 95 68 90 a0 77 46 86 e5 2c 22 14 ef e8 2d 82 5f 78 d0 b0 0c f8 3f 8c 11 d9 57 6d 6f [0m
[NR_RRC]   securityModeComplete payload: 28 00 00 00 00 00 00 00 08 00 00 00 00 00 00 00 [0m
<UE-NR-Capability>
    <accessStratumRelease><rel15/></accessStratumRelease>
    <pdcp-Parameters>
        <supportedROHC-Profiles>
            <profile0x0000><false/></profile0x0000>
            <profile0x0001><false/></profile0x0001>
            <profile0x0002><false/></profile0x0002>
            <profile0x0003><false/></profile0x0003>
            <profile0x0004><false/></profile0x0004>
            <profile0x0006><false/></profile0x0006>
            <profile0x0101><false/></profile0x0101>
            <profile0x0102><false/></profile0x0102>
            <profile0x0103><false/></profile0x0103>
            <profile0x0104><false/></profile0x0104>
        </supportedROHC-Profiles>
        <maxNumberROHC-ContextSessions><cs2/></maxNumberROHC-ContextSessions>
    </pdcp-Parameters>
    <phy-Parameters>
    </phy-Parameters>
    <rf-Parameters>
        <supportedBandListNR>
            <BandNR>
                <bandNR>1</bandNR>
            </BandNR>
        </supportedBandListNR>
    </rf-Parameters>
</UE-NR-Capability>
