HOSTNAME        : ue-2263
UE ID           : 2263
Computed IMSI   : 208930000002264
gNB ID          : 2263
Proxy IP        : 10.3.24.1
UE IP           : 10.244.87.203
Actual UE ID:    56
Actual GNB ID:   56
global-sc-network [10.4.1.1] 8000 (?) open
Calling sched_setscheduler(79)
Global SC port 8000 is active, enabling logging...
CMDLINE: "./nr-uesoftmodem" "-O" "/ue.conf" "--nfapi" "STANDALONE_PNF" "--node-number" "2" "--emulate-l1" "--sa" "1" 
[CONFIG] get parameters from libconfig /ue.conf [LIBCONFIG] Path for include directive set to: /
[CONFIG] function config_libconfig_init returned 0
[CONFIG] config module libconfig loaded
[LIBCONFIG] config: 2/2 parameters successfully set, (2 to default value)
[CONFIG] debug flags: 0x00000000
[LIBCONFIG] log_config: 3/3 parameters successfully set, (1 to default value)
[LIBCONFIG] log_config: 53/53 parameters successfully set, (45 to default value)
[LIBCONFIG] log_config: 53/53 parameters successfully set, (53 to default value)
[LIBCONFIG] log_config: 16/16 parameters successfully set, (16 to default value)
[LIBCONFIG] log_config: 16/16 parameters successfully set, (16 to default value)
log init done
[LIBCONFIG] (root): 33/33 parameters successfully set, (30 to default value)
[LIBCONFIG] (root): 41/41 parameters successfully set, (38 to default value)
[LIBCONFIG] (root): 6/6 parameters successfully set, (5 to default value)
[LIBCONFIG] TTracer: 3/3 parameters successfully set, (3 to default value)
create a thread for core -1
create a thread for core -1
create a thread for core -1
create a thread for core -1
create a thread for core -1
create a thread for core -1
create a thread for core -1
create a thread for core -1
[LIBCONFIG] opt: 3/3 parameters successfully set, (3 to default value)
[LIBCONFIG] loader: 2/2 parameters successfully set, (2 to default value)
[LIBCONFIG] loader.ldpc: 2/2 parameters successfully set, (1 to default value)
shlib_path libldpc.so
[LOADER] library libldpc.so successfully loaded
[LIBCONFIG] nas.noS1: 3/3 parameters successfully set, (3 to default value)
[LIBCONFIG] MACRLCs.[0]: 34/34 parameters successfully set, (25 to default value)
[LIBCONFIG] (root): 30/30 parameters successfully set, (28 to default value)
Ujjwal: start -> 56
TYPE <CTRL-C> TO TERMINATE
[LIBCONFIG] uicc0: 10/10 parameters successfully set, (5 to default value)
Entering ITTI signals handler
TYPE <CTRL-C> TO TERMINATE
kgnb : 67 e9 58 0f af 9f eb e5 4e 99 ae 44 4b ed 10 88 83 81 f1 89 9a 54 1f 48 f0 a0 38 a8 fc 72 2c 9c 
kausf:9 ca 2a 4f 30 96 77 67 9b ce 44 d0 13 7f af 41 81 76 34 4b bf e1 df e8 62 ae 80 ec d7 f3 8d 69 
kseaf:c7 56 19 59 f3 84 1 9e d 32 66 12 2d f9 41 e7 e7 86 68 ca 31 fb 7 cb d1 54 70 a6 62 cb 4b 88 
kamf:9b 69 df 20 63 96 f4 97 b 49 f6 a4 8f 19 b1 95 fb 30 f6 5c 91 11 de 2d 64 6e 24 71 94 57 14 3d 
knas_int:
9f f9 11 3b 1a c0 51 38 c8 cf 8a 90 e7 a3 b5 a3 
mac 66 c b1 d 
[NR_RRC]   driving kRRCenc, kRRCint and kUPenc from KgNB=67 e9 58 0f af 9f eb e5 4e 99 ae 44 4b ed 10 88 83 81 f1 89 9a 54 1f 48 f0 a0 38 a8 fc 72 2c 9c [0m
[NR_RRC]   securityModeComplete payload: 2e 00 00 00 00 00 00 00 08 00 00 00 00 00 00 00 [0m
<UE-NR-Capability>
    <accessStratumRelease><rel15/></accessStratumRelease>
    <pdcp-Parameters>
        <supportedROHC-Profiles>
            <profile0x0000><false/></profile0x0000>
            <profile0x0001><false/></profile0x0001>
            <profile0x0002><false/></profile0x0002>
            <profile0x0003><false/></profile0x0003>
            <profile0x0004><false/></profile0x0004>
            <profile0x0006><false/></profile0x0006>
            <profile0x0101><false/></profile0x0101>
            <profile0x0102><false/></profile0x0102>
            <profile0x0103><false/></profile0x0103>
            <profile0x0104><false/></profile0x0104>
        </supportedROHC-Profiles>
        <maxNumberROHC-ContextSessions><cs2/></maxNumberROHC-ContextSessions>
    </pdcp-Parameters>
    <phy-Parameters>
    </phy-Parameters>
    <rf-Parameters>
        <supportedBandListNR>
            <BandNR>
                <bandNR>1</bandNR>
            </BandNR>
        </supportedBandListNR>
    </rf-Parameters>
</UE-NR-Capability>
