global-sc-network [10.4.1.1] 8000 (?) open
Calling sched_setscheduler(79)
HOSTNAME        : ue-5337
UE ID           : 5337
Computed IMSI   : 208930000005338
gNB ID          : 5337
Proxy IP        : 10.3.18.1
UE IP           : 10.244.22.239
Actual UE ID:    133
Actual GNB ID:   133
Global SC port 8000 is active, enabling logging...
CMDLINE: "./nr-uesoftmodem" "-O" "/ue.conf" "--nfapi" "STANDALONE_PNF" "--node-number" "2" "--emulate-l1" "--sa" "1" 
[CONFIG] get parameters from libconfig /ue.conf [LIBCONFIG] Path for include directive set to: /
[CONFIG] function config_libconfig_init returned 0
[CONFIG] config module libconfig loaded
[LIBCONFIG] config: 2/2 parameters successfully set, (2 to default value)
[CONFIG] debug flags: 0x00000000
[LIBCONFIG] log_config: 3/3 parameters successfully set, (1 to default value)
[LIBCONFIG] log_config: 53/53 parameters successfully set, (45 to default value)
[LIBCONFIG] log_config: 53/53 parameters successfully set, (53 to default value)
[LIBCONFIG] log_config: 16/16 parameters successfully set, (16 to default value)
[LIBCONFIG] log_config: 16/16 parameters successfully set, (16 to default value)
log init done
[LIBCONFIG] (root): 33/33 parameters successfully set, (30 to default value)
[LIBCONFIG] (root): 41/41 parameters successfully set, (38 to default value)
[LIBCONFIG] (root): 6/6 parameters successfully set, (5 to default value)
[LIBCONFIG] TTracer: 3/3 parameters successfully set, (3 to default value)
create a thread for core -1
create a thread for core -1
create a thread for core -1
create a thread for core -1
create a thread for core -1
create a thread for core -1
create a thread for core -1
create a thread for core -1
[LIBCONFIG] opt: 3/3 parameters successfully set, (3 to default value)
[LIBCONFIG] loader: 2/2 parameters successfully set, (2 to default value)
[LIBCONFIG] loader.ldpc: 2/2 parameters successfully set, (1 to default value)
shlib_path libldpc.so
[LOADER] library libldpc.so successfully loaded
[LIBCONFIG] nas.noS1: 3/3 parameters successfully set, (3 to default value)
[LIBCONFIG] MACRLCs.[0]: 34/34 parameters successfully set, (25 to default value)
[LIBCONFIG] (root): 30/30 parameters successfully set, (28 to default value)
Ujjwal: start -> 133
TYPE <CTRL-C> TO TERMINATE
[LIBCONFIG] uicc0: 10/10 parameters successfully set, (5 to default value)
Entering ITTI signals handler
TYPE <CTRL-C> TO TERMINATE
kgnb : b2 1c 40 9b 7e 87 70 4f 8d 08 fe 72 ca a0 e7 a9 c4 37 e4 5e d5 6e 98 2f 12 ef 7e 09 ee 41 f1 88 
kausf:bb 27 4a 3b 4b 6c 12 86 59 6d 74 eb 66 88 2d a6 87 5e 1f f7 bc 53 fe 9b 70 a 72 72 91 ba 5 1d 
kseaf:21 61 5e 95 76 19 28 db d7 68 21 c6 a7 49 23 61 ed c2 b7 58 f2 7f 9 21 fb ec a5 69 ab 87 d3 16 
kamf:ba e3 2 59 19 25 ef cc 8c 70 a1 4d 36 6a 26 2b 45 4b f5 4a 9f a1 cd 49 d4 25 1e 30 26 1e af 9a 
knas_int:
8b dc 2b aa bf 9b ad d3 2c 27 10 44 a5 3 57 77 
mac 6c c1 b4 ba 
[NR_RRC]   driving kRRCenc, kRRCint and kUPenc from KgNB=b2 1c 40 9b 7e 87 70 4f 8d 08 fe 72 ca a0 e7 a9 c4 37 e4 5e d5 6e 98 2f 12 ef 7e 09 ee 41 f1 88 [0m
[NR_RRC]   securityModeComplete payload: 2e 00 00 00 00 00 00 00 08 00 00 00 00 00 00 00 [0m
<UE-NR-Capability>
    <accessStratumRelease><rel15/></accessStratumRelease>
    <pdcp-Parameters>
        <supportedROHC-Profiles>
            <profile0x0000><false/></profile0x0000>
            <profile0x0001><false/></profile0x0001>
            <profile0x0002><false/></profile0x0002>
            <profile0x0003><false/></profile0x0003>
            <profile0x0004><false/></profile0x0004>
            <profile0x0006><false/></profile0x0006>
            <profile0x0101><false/></profile0x0101>
            <profile0x0102><false/></profile0x0102>
            <profile0x0103><false/></profile0x0103>
            <profile0x0104><false/></profile0x0104>
        </supportedROHC-Profiles>
        <maxNumberROHC-ContextSessions><cs2/></maxNumberROHC-ContextSessions>
    </pdcp-Parameters>
    <phy-Parameters>
    </phy-Parameters>
    <rf-Parameters>
        <supportedBandListNR>
            <BandNR>
                <bandNR>1</bandNR>
            </BandNR>
        </supportedBandListNR>
    </rf-Parameters>
</UE-NR-Capability>
