HOSTNAME        : ue-551
UE ID           : 551
Computed IMSI   : 208930000000552
gNB ID          : 551
Proxy IP        : 10.3.32.1
UE IP           : 10.244.22.188
global-sc-network [10.4.1.1] 8000 (?) open
Calling sched_setscheduler(79)
Actual UE ID:    13
Actual GNB ID:   13
Global SC port 8000 is active, enabling logging...
CMDLINE: "./nr-uesoftmodem" "-O" "/ue.conf" "--nfapi" "STANDALONE_PNF" "--node-number" "2" "--emulate-l1" "--sa" "1" 
[CONFIG] get parameters from libconfig /ue.conf [LIBCONFIG] Path for include directive set to: /
[CONFIG] function config_libconfig_init returned 0
[CONFIG] config module libconfig loaded
[LIBCONFIG] config: 2/2 parameters successfully set, (2 to default value)
[CONFIG] debug flags: 0x00000000
[LIBCONFIG] log_config: 3/3 parameters successfully set, (1 to default value)
[LIBCONFIG] log_config: 53/53 parameters successfully set, (45 to default value)
[LIBCONFIG] log_config: 53/53 parameters successfully set, (53 to default value)
[LIBCONFIG] log_config: 16/16 parameters successfully set, (16 to default value)
[LIBCONFIG] log_config: 16/16 parameters successfully set, (16 to default value)
log init done
[LIBCONFIG] (root): 33/33 parameters successfully set, (30 to default value)
[LIBCONFIG] (root): 41/41 parameters successfully set, (38 to default value)
[LIBCONFIG] (root): 6/6 parameters successfully set, (5 to default value)
[LIBCONFIG] TTracer: 3/3 parameters successfully set, (3 to default value)
create a thread for core -1
create a thread for core -1
create a thread for core -1
create a thread for core -1
create a thread for core -1
create a thread for core -1
create a thread for core -1
create a thread for core -1
[LIBCONFIG] opt: 3/3 parameters successfully set, (3 to default value)
[LIBCONFIG] loader: 2/2 parameters successfully set, (2 to default value)
[LIBCONFIG] loader.ldpc: 2/2 parameters successfully set, (1 to default value)
shlib_path libldpc.so
[LOADER] library libldpc.so successfully loaded
[LIBCONFIG] nas.noS1: 3/3 parameters successfully set, (3 to default value)
[LIBCONFIG] MACRLCs.[0]: 34/34 parameters successfully set, (25 to default value)
[LIBCONFIG] (root): 30/30 parameters successfully set, (28 to default value)
Ujjwal: start -> 13
TYPE <CTRL-C> TO TERMINATE
[LIBCONFIG] uicc0: 10/10 parameters successfully set, (5 to default value)
Entering ITTI signals handler
TYPE <CTRL-C> TO TERMINATE
kgnb : 16 9e b0 80 a5 24 f3 87 76 b5 c7 38 ae f9 b5 af f7 82 7d d7 94 2a fa a8 a9 80 92 ea 9e 6f 06 2b 
kausf:76 d3 28 ed 30 6b 6c c3 e6 25 5d 6d c3 b1 8c 5b 14 e8 ac e 90 dd 15 33 62 7 bc 3 42 38 c5 a9 
kseaf:e1 35 d4 d5 71 c8 0 23 2c d7 35 4d ac ce 17 f 3a 7c 37 93 a2 81 a 2b 6d 18 7a 74 d2 82 33 1e 
kamf:70 3a ab a2 d8 4c 90 9a d dd 4e f0 ad ea 6a 9b cb 3d 98 65 48 39 2e 41 bb 11 53 f7 67 37 49 8b 
knas_int:
64 13 a5 34 b db e5 98 f5 42 66 1a 52 ec 63 3f 
mac de 7f 1a ae 
[NR_RRC]   driving kRRCenc, kRRCint and kUPenc from KgNB=16 9e b0 80 a5 24 f3 87 76 b5 c7 38 ae f9 b5 af f7 82 7d d7 94 2a fa a8 a9 80 92 ea 9e 6f 06 2b [0m
[NR_RRC]   securityModeComplete payload: 2a 00 00 00 00 00 00 00 08 00 00 00 00 00 00 00 [0m
<UE-NR-Capability>
    <accessStratumRelease><rel15/></accessStratumRelease>
    <pdcp-Parameters>
        <supportedROHC-Profiles>
            <profile0x0000><false/></profile0x0000>
            <profile0x0001><false/></profile0x0001>
            <profile0x0002><false/></profile0x0002>
            <profile0x0003><false/></profile0x0003>
            <profile0x0004><false/></profile0x0004>
            <profile0x0006><false/></profile0x0006>
            <profile0x0101><false/></profile0x0101>
            <profile0x0102><false/></profile0x0102>
            <profile0x0103><false/></profile0x0103>
            <profile0x0104><false/></profile0x0104>
        </supportedROHC-Profiles>
        <maxNumberROHC-ContextSessions><cs2/></maxNumberROHC-ContextSessions>
    </pdcp-Parameters>
    <phy-Parameters>
    </phy-Parameters>
    <rf-Parameters>
        <supportedBandListNR>
            <BandNR>
                <bandNR>1</bandNR>
            </BandNR>
        </supportedBandListNR>
    </rf-Parameters>
</UE-NR-Capability>
