HOSTNAME        : ue-6433
UE ID           : 6433
Computed IMSI   : 208930000006434
gNB ID          : 6433
Proxy IP        : 10.3.34.1
UE IP           : 10.244.74.252
Actual UE ID:    160
Actual GNB ID:   160
global-sc-network [10.4.1.1] 8000 (?) open
Global SC port 8000 is active, enabling logging...
Calling sched_setscheduler(79)
CMDLINE: "./nr-uesoftmodem" "-O" "/ue.conf" "--nfapi" "STANDALONE_PNF" "--node-number" "2" "--emulate-l1" "--sa" "1" 
[CONFIG] get parameters from libconfig /ue.conf [LIBCONFIG] Path for include directive set to: /
[CONFIG] function config_libconfig_init returned 0
[CONFIG] config module libconfig loaded
[LIBCONFIG] config: 2/2 parameters successfully set, (2 to default value)
[CONFIG] debug flags: 0x00000000
[LIBCONFIG] log_config: 3/3 parameters successfully set, (1 to default value)
[LIBCONFIG] log_config: 53/53 parameters successfully set, (45 to default value)
[LIBCONFIG] log_config: 53/53 parameters successfully set, (53 to default value)
[LIBCONFIG] log_config: 16/16 parameters successfully set, (16 to default value)
[LIBCONFIG] log_config: 16/16 parameters successfully set, (16 to default value)
log init done
[LIBCONFIG] (root): 33/33 parameters successfully set, (30 to default value)
[LIBCONFIG] (root): 41/41 parameters successfully set, (38 to default value)
[LIBCONFIG] (root): 6/6 parameters successfully set, (5 to default value)
[LIBCONFIG] TTracer: 3/3 parameters successfully set, (3 to default value)
create a thread for core -1
create a thread for core -1
create a thread for core -1
create a thread for core -1
create a thread for core -1
create a thread for core -1
create a thread for core -1
create a thread for core -1
[LIBCONFIG] opt: 3/3 parameters successfully set, (3 to default value)
[LIBCONFIG] loader: 2/2 parameters successfully set, (2 to default value)
[LIBCONFIG] loader.ldpc: 2/2 parameters successfully set, (1 to default value)
shlib_path libldpc.so
[LOADER] library libldpc.so successfully loaded
[LIBCONFIG] nas.noS1: 3/3 parameters successfully set, (3 to default value)
[LIBCONFIG] MACRLCs.[0]: 34/34 parameters successfully set, (25 to default value)
[LIBCONFIG] (root): 30/30 parameters successfully set, (28 to default value)
Ujjwal: start -> 160
TYPE <CTRL-C> TO TERMINATE
[LIBCONFIG] uicc0: 10/10 parameters successfully set, (5 to default value)
Entering ITTI signals handler
TYPE <CTRL-C> TO TERMINATE
kgnb : 1e 30 0b 4d 1f 92 de 0f c2 ff 95 99 7f 5e e0 0b 73 8e 5f b4 ee 48 95 58 d7 11 a8 68 4f 1d 5b 19 
kausf:43 b3 7d 73 4c a9 95 67 9 5b 2f ab dd 2d 80 86 af b9 3c 24 26 4a 2f 5d 94 3b 18 b7 e5 d1 25 5b 
kseaf:b2 e2 1 9 b5 2d b8 96 ce 43 cf 86 d6 72 dd 85 6e 29 17 46 1f 8d 66 a0 d 73 48 ed c8 3b 1a b7 
kamf:53 22 7d db f4 2a b4 17 0 a 8f f6 d 6d a5 6 8c 51 4e 42 f3 dc 71 2 f0 8d 24 32 40 43 24 a4 
knas_int:
86 1 a 5d 73 94 a7 a1 a3 c3 81 b4 33 2f 95 d7 
mac 9f 62 98 d4 
[NR_RRC]   driving kRRCenc, kRRCint and kUPenc from KgNB=1e 30 0b 4d 1f 92 de 0f c2 ff 95 99 7f 5e e0 0b 73 8e 5f b4 ee 48 95 58 d7 11 a8 68 4f 1d 5b 19 [0m
[NR_RRC]   securityModeComplete payload: 2e 00 00 00 00 00 00 00 08 00 00 00 00 00 00 00 [0m
<UE-NR-Capability>
    <accessStratumRelease><rel15/></accessStratumRelease>
    <pdcp-Parameters>
        <supportedROHC-Profiles>
            <profile0x0000><false/></profile0x0000>
            <profile0x0001><false/></profile0x0001>
            <profile0x0002><false/></profile0x0002>
            <profile0x0003><false/></profile0x0003>
            <profile0x0004><false/></profile0x0004>
            <profile0x0006><false/></profile0x0006>
            <profile0x0101><false/></profile0x0101>
            <profile0x0102><false/></profile0x0102>
            <profile0x0103><false/></profile0x0103>
            <profile0x0104><false/></profile0x0104>
        </supportedROHC-Profiles>
        <maxNumberROHC-ContextSessions><cs2/></maxNumberROHC-ContextSessions>
    </pdcp-Parameters>
    <phy-Parameters>
    </phy-Parameters>
    <rf-Parameters>
        <supportedBandListNR>
            <BandNR>
                <bandNR>1</bandNR>
            </BandNR>
        </supportedBandListNR>
    </rf-Parameters>
</UE-NR-Capability>
