HOSTNAME        : ue-6417
UE ID           : 6417
Computed IMSI   : 208930000006418
gNB ID          : 6417
Proxy IP        : 10.3.18.1
UE IP           : 10.244.16.251
Actual UE ID:    160
Actual GNB ID:   160
Waiting for start message
global-sc-network [10.4.1.1] 8000 (?) : Connection refused
Start message received!
Starting the UE 1758137082.2530017
Calling sched_setscheduler(79)
CMDLINE: "./nr-uesoftmodem" "-O" "/ue.conf" "--nfapi" "STANDALONE_PNF" "--node-number" "2" "--emulate-l1" "--sa" "1" 
[CONFIG] get parameters from libconfig /ue.conf [LIBCONFIG] Path for include directive set to: /
[CONFIG] function config_libconfig_init returned 0
[CONFIG] config module libconfig loaded
[LIBCONFIG] config: 2/2 parameters successfully set, (2 to default value)
[CONFIG] debug flags: 0x00000000
[LIBCONFIG] log_config: 3/3 parameters successfully set, (1 to default value)
[LIBCONFIG] log_config: 53/53 parameters successfully set, (45 to default value)
[LIBCONFIG] log_config: 53/53 parameters successfully set, (53 to default value)
[LIBCONFIG] log_config: 16/16 parameters successfully set, (16 to default value)
[LIBCONFIG] log_config: 16/16 parameters successfully set, (16 to default value)
log init done
[LIBCONFIG] (root): 33/33 parameters successfully set, (30 to default value)
[LIBCONFIG] (root): 41/41 parameters successfully set, (38 to default value)
[LIBCONFIG] (root): 6/6 parameters successfully set, (5 to default value)
[LIBCONFIG] TTracer: 3/3 parameters successfully set, (3 to default value)
create a thread for core -1
create a thread for core -1
create a thread for core -1
create a thread for core -1
create a thread for core -1
create a thread for core -1
create a thread for core -1
create a thread for core -1
[LIBCONFIG] opt: 3/3 parameters successfully set, (3 to default value)
[LIBCONFIG] loader: 2/2 parameters successfully set, (2 to default value)
[LIBCONFIG] loader.ldpc: 2/2 parameters successfully set, (1 to default value)
shlib_path libldpc.so
[LOADER] library libldpc.so successfully loaded
[LIBCONFIG] nas.noS1: 3/3 parameters successfully set, (3 to default value)
[LIBCONFIG] MACRLCs.[0]: 34/34 parameters successfully set, (25 to default value)
[LIBCONFIG] (root): 30/30 parameters successfully set, (28 to default value)
Ujjwal: start -> 160
TYPE <CTRL-C> TO TERMINATE
[LIBCONFIG] uicc0: 10/10 parameters successfully set, (5 to default value)
Entering ITTI signals handler
TYPE <CTRL-C> TO TERMINATE
kgnb : 46 63 14 7b 94 b7 00 b5 30 3e 9e 5a 06 31 94 f7 b8 8c ff e7 58 bf a0 56 cd 94 6b d1 f2 44 ec 12 
kausf:ef b5 2c ae cb 16 17 54 2 2f 3d e6 28 82 af e 35 f6 69 f fd 3b df 82 a3 cc 46 ac 1b 2d 2e f1 
kseaf:64 f3 34 7b 3e a6 bb f0 a2 6d 5b d1 4f ab 3b a3 6f 6d d8 19 f2 1f a7 f4 b 9 de a7 78 59 80 86 
kamf:f1 cc f2 3f f1 bb 15 69 83 48 e3 c5 1b 45 97 a5 20 c0 da 2d be e6 32 57 2 5f 78 f2 88 44 3a 3e 
knas_int:
ca c6 6a db f4 43 c6 8b 1e 26 42 4e c 25 6a 17 
mac d8 21 a8 f7 
[NR_RRC]   driving kRRCenc, kRRCint and kUPenc from KgNB=46 63 14 7b 94 b7 00 b5 30 3e 9e 5a 06 31 94 f7 b8 8c ff e7 58 bf a0 56 cd 94 6b d1 f2 44 ec 12 [0m
[NR_RRC]   securityModeComplete payload: 28 00 00 00 00 00 00 00 08 00 00 00 00 00 00 00 [0m
<UE-NR-Capability>
    <accessStratumRelease><rel15/></accessStratumRelease>
    <pdcp-Parameters>
        <supportedROHC-Profiles>
            <profile0x0000><false/></profile0x0000>
            <profile0x0001><false/></profile0x0001>
            <profile0x0002><false/></profile0x0002>
            <profile0x0003><false/></profile0x0003>
            <profile0x0004><false/></profile0x0004>
            <profile0x0006><false/></profile0x0006>
            <profile0x0101><false/></profile0x0101>
            <profile0x0102><false/></profile0x0102>
            <profile0x0103><false/></profile0x0103>
            <profile0x0104><false/></profile0x0104>
        </supportedROHC-Profiles>
        <maxNumberROHC-ContextSessions><cs2/></maxNumberROHC-ContextSessions>
    </pdcp-Parameters>
    <phy-Parameters>
    </phy-Parameters>
    <rf-Parameters>
        <supportedBandListNR>
            <BandNR>
                <bandNR>1</bandNR>
            </BandNR>
        </supportedBandListNR>
    </rf-Parameters>
</UE-NR-Capability>
