HOSTNAME        : ue-6552
UE ID           : 6552
Computed IMSI   : 208930000006553
gNB ID          : 6552
Proxy IP        : 10.3.33.1
UE IP           : 10.244.108.3
Actual UE ID:    163
Actual GNB ID:   163
Waiting for start message
global-sc-network [10.4.1.1] 8000 (?) : Connection refused
Start message received!
Starting the UE 1758137082.0833404
Calling sched_setscheduler(79)
CMDLINE: "./nr-uesoftmodem" "-O" "/ue.conf" "--nfapi" "STANDALONE_PNF" "--node-number" "2" "--emulate-l1" "--sa" "1" 
[CONFIG] get parameters from libconfig /ue.conf [LIBCONFIG] Path for include directive set to: /
[CONFIG] function config_libconfig_init returned 0
[CONFIG] config module libconfig loaded
[LIBCONFIG] config: 2/2 parameters successfully set, (2 to default value)
[CONFIG] debug flags: 0x00000000
[LIBCONFIG] log_config: 3/3 parameters successfully set, (1 to default value)
[LIBCONFIG] log_config: 53/53 parameters successfully set, (45 to default value)
[LIBCONFIG] log_config: 53/53 parameters successfully set, (53 to default value)
[LIBCONFIG] log_config: 16/16 parameters successfully set, (16 to default value)
[LIBCONFIG] log_config: 16/16 parameters successfully set, (16 to default value)
log init done
[LIBCONFIG] (root): 33/33 parameters successfully set, (30 to default value)
[LIBCONFIG] (root): 41/41 parameters successfully set, (38 to default value)
[LIBCONFIG] (root): 6/6 parameters successfully set, (5 to default value)
[LIBCONFIG] TTracer: 3/3 parameters successfully set, (3 to default value)
create a thread for core -1
create a thread for core -1
create a thread for core -1
create a thread for core -1
create a thread for core -1
create a thread for core -1
create a thread for core -1
create a thread for core -1
[LIBCONFIG] opt: 3/3 parameters successfully set, (3 to default value)
[LIBCONFIG] loader: 2/2 parameters successfully set, (2 to default value)
[LIBCONFIG] loader.ldpc: 2/2 parameters successfully set, (1 to default value)
shlib_path libldpc.so
[LOADER] library libldpc.so successfully loaded
[LIBCONFIG] nas.noS1: 3/3 parameters successfully set, (3 to default value)
[LIBCONFIG] MACRLCs.[0]: 34/34 parameters successfully set, (25 to default value)
[LIBCONFIG] (root): 30/30 parameters successfully set, (28 to default value)
Ujjwal: start -> 163
TYPE <CTRL-C> TO TERMINATE
[LIBCONFIG] uicc0: 10/10 parameters successfully set, (5 to default value)
Entering ITTI signals handler
TYPE <CTRL-C> TO TERMINATE
kgnb : cf fc ea 7f 22 a0 02 72 4d f0 67 28 d5 5a 96 47 2b 27 c2 4f 15 b2 fc e7 44 d0 ae c0 16 33 56 bb 
kausf:71 a7 75 b9 e7 da a7 53 3f 47 75 d7 c8 b2 d0 b3 4c 5a 67 4d b 70 b2 6e 19 e6 5a 81 9d 69 bd 3f 
kseaf:57 cd fa 53 b0 73 41 10 cc a7 7d 8 bb e9 da 18 72 a5 b8 d6 4c 26 3e 34 65 40 b8 77 a4 a9 5d 1c 
kamf:bd a8 52 e1 8f ed 6f 11 96 76 8a b5 63 a3 56 dc c7 95 a2 7 c d2 f9 4a 6e c5 61 27 4 bf e1 9 
knas_int:
c0 47 d 36 2 1e 24 61 3f d7 71 f9 f3 1c 11 55 
mac 49 d0 49 88 
[NR_RRC]   driving kRRCenc, kRRCint and kUPenc from KgNB=cf fc ea 7f 22 a0 02 72 4d f0 67 28 d5 5a 96 47 2b 27 c2 4f 15 b2 fc e7 44 d0 ae c0 16 33 56 bb [0m
[NR_RRC]   securityModeComplete payload: 28 00 00 00 00 00 00 00 08 00 00 00 00 00 00 00 [0m
<UE-NR-Capability>
    <accessStratumRelease><rel15/></accessStratumRelease>
    <pdcp-Parameters>
        <supportedROHC-Profiles>
            <profile0x0000><false/></profile0x0000>
            <profile0x0001><false/></profile0x0001>
            <profile0x0002><false/></profile0x0002>
            <profile0x0003><false/></profile0x0003>
            <profile0x0004><false/></profile0x0004>
            <profile0x0006><false/></profile0x0006>
            <profile0x0101><false/></profile0x0101>
            <profile0x0102><false/></profile0x0102>
            <profile0x0103><false/></profile0x0103>
            <profile0x0104><false/></profile0x0104>
        </supportedROHC-Profiles>
        <maxNumberROHC-ContextSessions><cs2/></maxNumberROHC-ContextSessions>
    </pdcp-Parameters>
    <phy-Parameters>
    </phy-Parameters>
    <rf-Parameters>
        <supportedBandListNR>
            <BandNR>
                <bandNR>1</bandNR>
            </BandNR>
        </supportedBandListNR>
    </rf-Parameters>
</UE-NR-Capability>
