HOSTNAME        : ue-7420
UE ID           : 7420
Computed IMSI   : 208930000007421
gNB ID          : 7420
Proxy IP        : 10.3.21.1
UE IP           : 10.244.32.10
Actual UE ID:    185
Actual GNB ID:   185
Global SC port 8000 is active, enabling logging...
global-sc-network [10.4.1.1] 8000 (?) open
Calling sched_setscheduler(79)
CMDLINE: "./nr-uesoftmodem" "-O" "/ue.conf" "--nfapi" "STANDALONE_PNF" "--node-number" "2" "--emulate-l1" "--sa" "1" 
[CONFIG] get parameters from libconfig /ue.conf [LIBCONFIG] Path for include directive set to: /
[CONFIG] function config_libconfig_init returned 0
[CONFIG] config module libconfig loaded
[LIBCONFIG] config: 2/2 parameters successfully set, (2 to default value)
[CONFIG] debug flags: 0x00000000
[LIBCONFIG] log_config: 3/3 parameters successfully set, (1 to default value)
[LIBCONFIG] log_config: 53/53 parameters successfully set, (45 to default value)
[LIBCONFIG] log_config: 53/53 parameters successfully set, (53 to default value)
[LIBCONFIG] log_config: 16/16 parameters successfully set, (16 to default value)
[LIBCONFIG] log_config: 16/16 parameters successfully set, (16 to default value)
log init done
[LIBCONFIG] (root): 33/33 parameters successfully set, (30 to default value)
[LIBCONFIG] (root): 41/41 parameters successfully set, (38 to default value)
[LIBCONFIG] (root): 6/6 parameters successfully set, (5 to default value)
[LIBCONFIG] TTracer: 3/3 parameters successfully set, (3 to default value)
create a thread for core -1
create a thread for core -1
create a thread for core -1
create a thread for core -1
create a thread for core -1
create a thread for core -1
create a thread for core -1
create a thread for core -1
[LIBCONFIG] opt: 3/3 parameters successfully set, (3 to default value)
[LIBCONFIG] loader: 2/2 parameters successfully set, (2 to default value)
[LIBCONFIG] loader.ldpc: 2/2 parameters successfully set, (1 to default value)
shlib_path libldpc.so
[LOADER] library libldpc.so successfully loaded
[LIBCONFIG] nas.noS1: 3/3 parameters successfully set, (3 to default value)
[LIBCONFIG] MACRLCs.[0]: 34/34 parameters successfully set, (25 to default value)
[LIBCONFIG] (root): 30/30 parameters successfully set, (28 to default value)
Ujjwal: start -> 185
TYPE <CTRL-C> TO TERMINATE
[LIBCONFIG] uicc0: 10/10 parameters successfully set, (5 to default value)
Entering ITTI signals handler
TYPE <CTRL-C> TO TERMINATE
kgnb : 49 4e 7f a8 32 b4 f4 14 2c 4b 84 b6 94 fc 03 35 fb 37 b2 8c 27 1e e9 40 5f 52 db 65 f2 f1 ff 02 
kausf:9 a5 eb 87 27 6 8 2b c8 8b 39 f4 3f 60 c8 b0 9b a4 32 bb 83 38 75 4 17 49 b8 2e f9 22 e0 fc 
kseaf:58 e2 5d 23 8f 4 da ad 1f d3 0 4b e8 df 9e f1 f1 a0 8 ab e f 90 be b8 da a6 ae 0 26 b0 64 
kamf:62 7f 59 1e 82 14 5f 4c 3 8 ef 53 40 65 20 f3 e5 c0 51 bd 1 a1 a0 78 23 22 2e 66 99 ec 8e 15 
knas_int:
d9 38 f4 9a 65 3e df ce c9 94 a d8 d8 4f ec 6 
mac d5 3a f9 59 
[NR_RRC]   driving kRRCenc, kRRCint and kUPenc from KgNB=49 4e 7f a8 32 b4 f4 14 2c 4b 84 b6 94 fc 03 35 fb 37 b2 8c 27 1e e9 40 5f 52 db 65 f2 f1 ff 02 [0m
[NR_RRC]   securityModeComplete payload: 2e 00 00 00 00 00 00 00 08 00 00 00 00 00 00 00 [0m
<UE-NR-Capability>
    <accessStratumRelease><rel15/></accessStratumRelease>
    <pdcp-Parameters>
        <supportedROHC-Profiles>
            <profile0x0000><false/></profile0x0000>
            <profile0x0001><false/></profile0x0001>
            <profile0x0002><false/></profile0x0002>
            <profile0x0003><false/></profile0x0003>
            <profile0x0004><false/></profile0x0004>
            <profile0x0006><false/></profile0x0006>
            <profile0x0101><false/></profile0x0101>
            <profile0x0102><false/></profile0x0102>
            <profile0x0103><false/></profile0x0103>
            <profile0x0104><false/></profile0x0104>
        </supportedROHC-Profiles>
        <maxNumberROHC-ContextSessions><cs2/></maxNumberROHC-ContextSessions>
    </pdcp-Parameters>
    <phy-Parameters>
    </phy-Parameters>
    <rf-Parameters>
        <supportedBandListNR>
            <BandNR>
                <bandNR>1</bandNR>
            </BandNR>
        </supportedBandListNR>
    </rf-Parameters>
</UE-NR-Capability>
