HOSTNAME        : ue-9937
UE ID           : 9937
Computed IMSI   : 208930000009938
gNB ID          : 9937
Proxy IP        : 10.3.18.1
UE IP           : 10.244.1.37
Actual UE ID:    248
Actual GNB ID:   248
global-sc-network [10.4.1.1] 8000 (?) open
Global SC port 8000 is active, enabling logging...
Calling sched_setscheduler(79)
CMDLINE: "./nr-uesoftmodem" "-O" "/ue.conf" "--nfapi" "STANDALONE_PNF" "--node-number" "2" "--emulate-l1" "--sa" "1" 
[CONFIG] get parameters from libconfig /ue.conf [LIBCONFIG] Path for include directive set to: /
[CONFIG] function config_libconfig_init returned 0
[CONFIG] config module libconfig loaded
[LIBCONFIG] config: 2/2 parameters successfully set, (2 to default value)
[CONFIG] debug flags: 0x00000000
[LIBCONFIG] log_config: 3/3 parameters successfully set, (1 to default value)
[LIBCONFIG] log_config: 53/53 parameters successfully set, (45 to default value)
[LIBCONFIG] log_config: 53/53 parameters successfully set, (53 to default value)
[LIBCONFIG] log_config: 16/16 parameters successfully set, (16 to default value)
[LIBCONFIG] log_config: 16/16 parameters successfully set, (16 to default value)
log init done
[LIBCONFIG] (root): 33/33 parameters successfully set, (30 to default value)
[LIBCONFIG] (root): 41/41 parameters successfully set, (38 to default value)
[LIBCONFIG] (root): 6/6 parameters successfully set, (5 to default value)
[LIBCONFIG] TTracer: 3/3 parameters successfully set, (3 to default value)
create a thread for core -1
create a thread for core -1
create a thread for core -1
create a thread for core -1
create a thread for core -1
create a thread for core -1
create a thread for core -1
create a thread for core -1
[LIBCONFIG] opt: 3/3 parameters successfully set, (3 to default value)
[LIBCONFIG] loader: 2/2 parameters successfully set, (2 to default value)
[LIBCONFIG] loader.ldpc: 2/2 parameters successfully set, (1 to default value)
shlib_path libldpc.so
[LOADER] library libldpc.so successfully loaded
[LIBCONFIG] nas.noS1: 3/3 parameters successfully set, (3 to default value)
[LIBCONFIG] MACRLCs.[0]: 34/34 parameters successfully set, (25 to default value)
[LIBCONFIG] (root): 30/30 parameters successfully set, (28 to default value)
Ujjwal: start -> 248
TYPE <CTRL-C> TO TERMINATE
[LIBCONFIG] uicc0: 10/10 parameters successfully set, (5 to default value)
Entering ITTI signals handler
TYPE <CTRL-C> TO TERMINATE
kgnb : 39 4c 16 14 9d 75 31 e6 87 2d ae 3f 5f b8 f6 a2 3a 01 5e ca 89 18 e8 f7 d9 80 91 c3 95 04 a5 e4 
kausf:e1 5 3e a1 f 3a 58 38 23 fa 3b d9 ec 88 49 c8 f 34 6a f8 36 15 ce f6 b8 e6 ff 7c 0 b1 a7 af 
kseaf:e8 3b 18 2e df 84 6d cb 4 2a b6 c5 39 62 f8 ec ec 4a 3e 4b 4e af 5d 81 d6 39 dd 60 fc a6 b3 64 
kamf:d d5 a7 c6 99 e2 ca e2 11 80 76 ef 22 aa ba c5 d4 98 f 90 aa ea 80 c c4 e e0 f4 70 fb 5e d9 
knas_int:
9e 4b 9e ba 52 7 e3 63 f5 47 57 bc b5 19 67 b9 
mac 6d 2b 42 e3 
[NR_RRC]   driving kRRCenc, kRRCint and kUPenc from KgNB=39 4c 16 14 9d 75 31 e6 87 2d ae 3f 5f b8 f6 a2 3a 01 5e ca 89 18 e8 f7 d9 80 91 c3 95 04 a5 e4 [0m
[NR_RRC]   securityModeComplete payload: 2e 00 00 00 00 00 00 00 08 00 00 00 00 00 00 00 [0m
<UE-NR-Capability>
    <accessStratumRelease><rel15/></accessStratumRelease>
    <pdcp-Parameters>
        <supportedROHC-Profiles>
            <profile0x0000><false/></profile0x0000>
            <profile0x0001><false/></profile0x0001>
            <profile0x0002><false/></profile0x0002>
            <profile0x0003><false/></profile0x0003>
            <profile0x0004><false/></profile0x0004>
            <profile0x0006><false/></profile0x0006>
            <profile0x0101><false/></profile0x0101>
            <profile0x0102><false/></profile0x0102>
            <profile0x0103><false/></profile0x0103>
            <profile0x0104><false/></profile0x0104>
        </supportedROHC-Profiles>
        <maxNumberROHC-ContextSessions><cs2/></maxNumberROHC-ContextSessions>
    </pdcp-Parameters>
    <phy-Parameters>
    </phy-Parameters>
    <rf-Parameters>
        <supportedBandListNR>
            <BandNR>
                <bandNR>1</bandNR>
            </BandNR>
        </supportedBandListNR>
    </rf-Parameters>
</UE-NR-Capability>
