HOSTNAME        : ue-38
UE ID           : 38
Computed IMSI   : 208930000000039
gNB ID          : 38
Proxy IP        : 10.3.1.1
UE IP           : 10.244.61.9
Actual UE ID:    38
Actual GNB ID:   38
global-sc-network [10.4.1.1] 8000 (?) : Connection refused
Waiting for start message
Start message received!
Starting the UE 1758208689.2594013
Calling sched_setscheduler(79)
CMDLINE: "./nr-uesoftmodem" "-O" "/ue.conf" "--nfapi" "STANDALONE_PNF" "--node-number" "2" "--emulate-l1" "--sa" "1" 
[CONFIG] get parameters from libconfig /ue.conf [LIBCONFIG] Path for include directive set to: /
[CONFIG] function config_libconfig_init returned 0
[CONFIG] config module libconfig loaded
[LIBCONFIG] config: 2/2 parameters successfully set, (2 to default value)
[CONFIG] debug flags: 0x00000000
[LIBCONFIG] log_config: 3/3 parameters successfully set, (1 to default value)
[LIBCONFIG] log_config: 53/53 parameters successfully set, (45 to default value)
[LIBCONFIG] log_config: 53/53 parameters successfully set, (53 to default value)
[LIBCONFIG] log_config: 16/16 parameters successfully set, (16 to default value)
[LIBCONFIG] log_config: 16/16 parameters successfully set, (16 to default value)
log init done
[LIBCONFIG] (root): 33/33 parameters successfully set, (30 to default value)
[LIBCONFIG] (root): 41/41 parameters successfully set, (38 to default value)
[LIBCONFIG] (root): 6/6 parameters successfully set, (5 to default value)
[LIBCONFIG] TTracer: 3/3 parameters successfully set, (3 to default value)
create a thread for core -1
create a thread for core -1
create a thread for core -1
create a thread for core -1
create a thread for core -1
create a thread for core -1
create a thread for core -1
create a thread for core -1
[LIBCONFIG] opt: 3/3 parameters successfully set, (3 to default value)
[LIBCONFIG] loader: 2/2 parameters successfully set, (2 to default value)
[LIBCONFIG] loader.ldpc: 2/2 parameters successfully set, (1 to default value)
shlib_path libldpc.so
[LOADER] library libldpc.so successfully loaded
[LIBCONFIG] nas.noS1: 3/3 parameters successfully set, (3 to default value)
[LIBCONFIG] MACRLCs.[0]: 34/34 parameters successfully set, (25 to default value)
[LIBCONFIG] (root): 30/30 parameters successfully set, (28 to default value)
Ujjwal: start -> 38
TYPE <CTRL-C> TO TERMINATE
[LIBCONFIG] uicc0: 10/10 parameters successfully set, (5 to default value)
Entering ITTI signals handler
TYPE <CTRL-C> TO TERMINATE
kgnb : 15 33 b8 5e e6 83 13 fd 38 7e ed 17 39 db 71 d3 92 4d f1 dc 75 2c 38 cb df 87 7f ba d3 19 79 9a 
kausf:3b 29 3e a0 18 12 22 78 1b d c1 91 12 35 35 ef 3c 6a 1 2b a6 ac c6 4 80 e8 46 30 be d5 37 a9 
kseaf:dd 48 8e f9 83 62 3f 11 bd f8 fb 8e 76 f9 f9 22 5f e 75 a1 72 b8 e7 37 55 2d cb bc 24 3b f8 12 
kamf:31 c9 9e aa 33 8a 84 3a f1 93 e2 cd 63 c7 22 21 f4 a3 9c 71 a8 6f 9c cc 94 7f 77 bc 2b 9c d8 e6 
knas_int:
b a9 a9 2b 8e fa f3 4b 59 52 7f 53 e b6 8a 1b 
mac e8 65 17 d 
[NR_RRC]   driving kRRCenc, kRRCint and kUPenc from KgNB=15 33 b8 5e e6 83 13 fd 38 7e ed 17 39 db 71 d3 92 4d f1 dc 75 2c 38 cb df 87 7f ba d3 19 79 9a [0m
[NR_RRC]   securityModeComplete payload: 28 00 00 00 00 00 00 00 08 00 00 00 00 00 00 00 [0m
<UE-NR-Capability>
    <accessStratumRelease><rel15/></accessStratumRelease>
    <pdcp-Parameters>
        <supportedROHC-Profiles>
            <profile0x0000><false/></profile0x0000>
            <profile0x0001><false/></profile0x0001>
            <profile0x0002><false/></profile0x0002>
            <profile0x0003><false/></profile0x0003>
            <profile0x0004><false/></profile0x0004>
            <profile0x0006><false/></profile0x0006>
            <profile0x0101><false/></profile0x0101>
            <profile0x0102><false/></profile0x0102>
            <profile0x0103><false/></profile0x0103>
            <profile0x0104><false/></profile0x0104>
        </supportedROHC-Profiles>
        <maxNumberROHC-ContextSessions><cs2/></maxNumberROHC-ContextSessions>
    </pdcp-Parameters>
    <phy-Parameters>
    </phy-Parameters>
    <rf-Parameters>
        <supportedBandListNR>
            <BandNR>
                <bandNR>1</bandNR>
            </BandNR>
        </supportedBandListNR>
    </rf-Parameters>
</UE-NR-Capability>
